88.26.209.119 - - [26/Nov/2013:04:07:40 -0600] "GET /public/libros/autonomy_life/Manual-para-la-construccion-de-Hornos-caseros.pdf HTTP/1.1" 206 65536 "http://www.google.es/url?sa=t&rct=j&q=&esrc=s&source=web&cd=110&ved=0CHcQFjAJOGQ&url=http%3A%2F%2Fbuhoz.net%2Fpublic%2Flibros%2Fautonomy_life%2FManual-para-la-construccion-de-Hornos-caseros.pdf&ei=uXKUUoCbKsSg0wXC-YC4BQ&usg=AFQjCNH80DzJtdlqizDTl6ZBO1a4oopCiw&bvm=bv.57155469,d.d2k" "Mozilla/5.0 (Windows NT 5.2; rv:25.0) Gecko/20100101 Firefox/25.0"
88.26.209.119 - - [26/Nov/2013:04:07:41 -0600] "GET /public/libros/autonomy_life/Manual-para-la-construccion-de-Hornos-caseros.pdf HTTP/1.1" 206 65536 "http://www.google.es/url?sa=t&rct=j&q=&esrc=s&source=web&cd=110&ved=0CHcQFjAJOGQ&url=http%3A%2F%2Fbuhoz.net%2Fpublic%2Flibros%2Fautonomy_life%2FManual-para-la-construccion-de-Hornos-caseros.pdf&ei=uXKUUoCbKsSg0wXC-YC4BQ&usg=AFQjCNH80DzJtdlqizDTl6ZBO1a4oopCiw&bvm=bv.57155469,d.d2k" "Mozilla/5.0 (Windows NT 5.2; rv:25.0) Gecko/20100101 Firefox/25.0"
88.26.209.119 - - [26/Nov/2013:04:07:42 -0600] "GET /public/libros/autonomy_life/Manual-para-la-construccion-de-Hornos-caseros.pdf HTTP/1.1" 206 65536 "http://www.google.es/url?sa=t&rct=j&q=&esrc=s&source=web&cd=110&ved=0CHcQFjAJOGQ&url=http%3A%2F%2Fbuhoz.net%2Fpublic%2Flibros%2Fautonomy_life%2FManual-para-la-construccion-de-Hornos-caseros.pdf&ei=uXKUUoCbKsSg0wXC-YC4BQ&usg=AFQjCNH80DzJtdlqizDTl6ZBO1a4oopCiw&bvm=bv.57155469,d.d2k" "Mozilla/5.0 (Windows NT 5.2; rv:25.0) Gecko/20100101 Firefox/25.0"
88.26.209.119 - - [26/Nov/2013:04:07:43 -0600] "GET /public/libros/autonomy_life/Manual-para-la-construccion-de-Hornos-caseros.pdf HTTP/1.1" 206 65536 "http://www.google.es/url?sa=t&rct=j&q=&esrc=s&source=web&cd=110&ved=0CHcQFjAJOGQ&url=http%3A%2F%2Fbuhoz.net%2Fpublic%2Flibros%2Fautonomy_life%2FManual-para-la-construccion-de-Hornos-caseros.pdf&ei=uXKUUoCbKsSg0wXC-YC4BQ&usg=AFQjCNH80DzJtdlqizDTl6ZBO1a4oopCiw&bvm=bv.57155469,d.d2k" "Mozilla/5.0 (Windows NT 5.2; rv:25.0) Gecko/20100101 Firefox/25.0"
88.26.209.119 - - [26/Nov/2013:04:07:44 -0600] "GET /public/libros/autonomy_life/Manual-para-la-construccion-de-Hornos-caseros.pdf HTTP/1.1" 206 65536 "http://www.google.es/url?sa=t&rct=j&q=&esrc=s&source=web&cd=110&ved=0CHcQFjAJOGQ&url=http%3A%2F%2Fbuhoz.net%2Fpublic%2Flibros%2Fautonomy_life%2FManual-para-la-construccion-de-Hornos-caseros.pdf&ei=uXKUUoCbKsSg0wXC-YC4BQ&usg=AFQjCNH80DzJtdlqizDTl6ZBO1a4oopCiw&bvm=bv.57155469,d.d2k" "Mozilla/5.0 (Windows NT 5.2; rv:25.0) Gecko/20100101 Firefox/25.0"
88.26.209.119 - - [26/Nov/2013:04:07:44 -0600] "GET /public/libros/autonomy_life/Manual-para-la-construccion-de-Hornos-caseros.pdf HTTP/1.1" 206 65536 "http://www.google.es/url?sa=t&rct=j&q=&esrc=s&source=web&cd=110&ved=0CHcQFjAJOGQ&url=http%3A%2F%2Fbuhoz.net%2Fpublic%2Flibros%2Fautonomy_life%2FManual-para-la-construccion-de-Hornos-caseros.pdf&ei=uXKUUoCbKsSg0wXC-YC4BQ&usg=AFQjCNH80DzJtdlqizDTl6ZBO1a4oopCiw&bvm=bv.57155469,d.d2k" "Mozilla/5.0 (Windows NT 5.2; rv:25.0) Gecko/20100101 Firefox/25.0"
88.26.209.119 - - [26/Nov/2013:04:07:46 -0600] "GET /public/libros/autonomy_life/Manual-para-la-construccion-de-Hornos-caseros.pdf HTTP/1.1" 206 65536 "http://www.google.es/url?sa=t&rct=j&q=&esrc=s&source=web&cd=110&ved=0CHcQFjAJOGQ&url=http%3A%2F%2Fbuhoz.net%2Fpublic%2Flibros%2Fautonomy_life%2FManual-para-la-construccion-de-Hornos-caseros.pdf&ei=uXKUUoCbKsSg0wXC-YC4BQ&usg=AFQjCNH80DzJtdlqizDTl6ZBO1a4oopCiw&bvm=bv.57155469,d.d2k" "Mozilla/5.0 (Windows NT 5.2; rv:25.0) Gecko/20100101 Firefox/25.0"
88.26.209.119 - - [26/Nov/2013:04:07:47 -0600] "GET /public/libros/autonomy_life/Manual-para-la-construccion-de-Hornos-caseros.pdf HTTP/1.1" 206 65536 "http://www.google.es/url?sa=t&rct=j&q=&esrc=s&source=web&cd=110&ved=0CHcQFjAJOGQ&url=http%3A%2F%2Fbuhoz.net%2Fpublic%2Flibros%2Fautonomy_life%2FManual-para-la-construccion-de-Hornos-caseros.pdf&ei=uXKUUoCbKsSg0wXC-YC4BQ&usg=AFQjCNH80DzJtdlqizDTl6ZBO1a4oopCiw&bvm=bv.57155469,d.d2k" "Mozilla/5.0 (Windows NT 5.2; rv:25.0) Gecko/20100101 Firefox/25.0"
88.26.209.119 - - [26/Nov/2013:04:07:48 -0600] "GET /public/libros/autonomy_life/Manual-para-la-construccion-de-Hornos-caseros.pdf HTTP/1.1" 206 65536 "http://www.google.es/url?sa=t&rct=j&q=&esrc=s&source=web&cd=110&ved=0CHcQFjAJOGQ&url=http%3A%2F%2Fbuhoz.net%2Fpublic%2Flibros%2Fautonomy_life%2FManual-para-la-construccion-de-Hornos-caseros.pdf&ei=uXKUUoCbKsSg0wXC-YC4BQ&usg=AFQjCNH80DzJtdlqizDTl6ZBO1a4oopCiw&bvm=bv.57155469,d.d2k" "Mozilla/5.0 (Windows NT 5.2; rv:25.0) Gecko/20100101 Firefox/25.0"
88.26.209.119 - - [26/Nov/2013:04:07:48 -0600] "GET /public/libros/autonomy_life/Manual-para-la-construccion-de-Hornos-caseros.pdf HTTP/1.1" 206 65536 "http://www.google.es/url?sa=t&rct=j&q=&esrc=s&source=web&cd=110&ved=0CHcQFjAJOGQ&url=http%3A%2F%2Fbuhoz.net%2Fpublic%2Flibros%2Fautonomy_life%2FManual-para-la-construccion-de-Hornos-caseros.pdf&ei=uXKUUoCbKsSg0wXC-YC4BQ&usg=AFQjCNH80DzJtdlqizDTl6ZBO1a4oopCiw&bvm=bv.57155469,d.d2k" "Mozilla/5.0 (Windows NT 5.2; rv:25.0) Gecko/20100101 Firefox/25.0"
88.26.209.119 - - [26/Nov/2013:04:07:49 -0600] "GET /public/libros/autonomy_life/Manual-para-la-construccion-de-Hornos-caseros.pdf HTTP/1.1" 206 65536 "http://www.google.es/url?sa=t&rct=j&q=&esrc=s&source=web&cd=110&ved=0CHcQFjAJOGQ&url=http%3A%2F%2Fbuhoz.net%2Fpublic%2Flibros%2Fautonomy_life%2FManual-para-la-construccion-de-Hornos-caseros.pdf&ei=uXKUUoCbKsSg0wXC-YC4BQ&usg=AFQjCNH80DzJtdlqizDTl6ZBO1a4oopCiw&bvm=bv.57155469,d.d2k" "Mozilla/5.0 (Windows NT 5.2; rv:25.0) Gecko/20100101 Firefox/25.0"
88.26.209.119 - - [26/Nov/2013:04:07:50 -0600] "GET /public/libros/autonomy_life/Manual-para-la-construccion-de-Hornos-caseros.pdf HTTP/1.1" 206 65536 "http://www.google.es/url?sa=t&rct=j&q=&esrc=s&source=web&cd=110&ved=0CHcQFjAJOGQ&url=http%3A%2F%2Fbuhoz.net%2Fpublic%2Flibros%2Fautonomy_life%2FManual-para-la-construccion-de-Hornos-caseros.pdf&ei=uXKUUoCbKsSg0wXC-YC4BQ&usg=AFQjCNH80DzJtdlqizDTl6ZBO1a4oopCiw&bvm=bv.57155469,d.d2k" "Mozilla/5.0 (Windows NT 5.2; rv:25.0) Gecko/20100101 Firefox/25.0"
88.26.209.119 - - [26/Nov/2013:04:07:51 -0600] "GET /public/libros/autonomy_life/Manual-para-la-construccion-de-Hornos-caseros.pdf HTTP/1.1" 206 65536 "http://www.google.es/url?sa=t&rct=j&q=&esrc=s&source=web&cd=110&ved=0CHcQFjAJOGQ&url=http%3A%2F%2Fbuhoz.net%2Fpublic%2Flibros%2Fautonomy_life%2FManual-para-la-construccion-de-Hornos-caseros.pdf&ei=uXKUUoCbKsSg0wXC-YC4BQ&usg=AFQjCNH80DzJtdlqizDTl6ZBO1a4oopCiw&bvm=bv.57155469,d.d2k" "Mozilla/5.0 (Windows NT 5.2; rv:25.0) Gecko/20100101 Firefox/25.0"
88.26.209.119 - - [26/Nov/2013:04:07:52 -0600] "GET /public/libros/autonomy_life/Manual-para-la-construccion-de-Hornos-caseros.pdf HTTP/1.1" 206 65536 "http://www.google.es/url?sa=t&rct=j&q=&esrc=s&source=web&cd=110&ved=0CHcQFjAJOGQ&url=http%3A%2F%2Fbuhoz.net%2Fpublic%2Flibros%2Fautonomy_life%2FManual-para-la-construccion-de-Hornos-caseros.pdf&ei=uXKUUoCbKsSg0wXC-YC4BQ&usg=AFQjCNH80DzJtdlqizDTl6ZBO1a4oopCiw&bvm=bv.57155469,d.d2k" "Mozilla/5.0 (Windows NT 5.2; rv:25.0) Gecko/20100101 Firefox/25.0"
88.26.209.119 - - [26/Nov/2013:04:07:53 -0600] "GET /public/libros/autonomy_life/Manual-para-la-construccion-de-Hornos-caseros.pdf HTTP/1.1" 206 65536 "http://www.google.es/url?sa=t&rct=j&q=&esrc=s&source=web&cd=110&ved=0CHcQFjAJOGQ&url=http%3A%2F%2Fbuhoz.net%2Fpublic%2Flibros%2Fautonomy_life%2FManual-para-la-construccion-de-Hornos-caseros.pdf&ei=uXKUUoCbKsSg0wXC-YC4BQ&usg=AFQjCNH80DzJtdlqizDTl6ZBO1a4oopCiw&bvm=bv.57155469,d.d2k" "Mozilla/5.0 (Windows NT 5.2; rv:25.0) Gecko/20100101 Firefox/25.0"
88.26.209.119 - - [26/Nov/2013:04:07:54 -0600] "GET /public/libros/autonomy_life/Manual-para-la-construccion-de-Hornos-caseros.pdf HTTP/1.1" 206 65536 "http://www.google.es/url?sa=t&rct=j&q=&esrc=s&source=web&cd=110&ved=0CHcQFjAJOGQ&url=http%3A%2F%2Fbuhoz.net%2Fpublic%2Flibros%2Fautonomy_life%2FManual-para-la-construccion-de-Hornos-caseros.pdf&ei=uXKUUoCbKsSg0wXC-YC4BQ&usg=AFQjCNH80DzJtdlqizDTl6ZBO1a4oopCiw&bvm=bv.57155469,d.d2k" "Mozilla/5.0 (Windows NT 5.2; rv:25.0) Gecko/20100101 Firefox/25.0"
88.26.209.119 - - [26/Nov/2013:04:07:55 -0600] "GET /public/libros/autonomy_life/Manual-para-la-construccion-de-Hornos-caseros.pdf HTTP/1.1" 206 65536 "http://www.google.es/url?sa=t&rct=j&q=&esrc=s&source=web&cd=110&ved=0CHcQFjAJOGQ&url=http%3A%2F%2Fbuhoz.net%2Fpublic%2Flibros%2Fautonomy_life%2FManual-para-la-construccion-de-Hornos-caseros.pdf&ei=uXKUUoCbKsSg0wXC-YC4BQ&usg=AFQjCNH80DzJtdlqizDTl6ZBO1a4oopCiw&bvm=bv.57155469,d.d2k" "Mozilla/5.0 (Windows NT 5.2; rv:25.0) Gecko/20100101 Firefox/25.0"
88.26.209.119 - - [26/Nov/2013:04:07:56 -0600] "GET /public/libros/autonomy_life/Manual-para-la-construccion-de-Hornos-caseros.pdf HTTP/1.1" 206 65536 "http://www.google.es/url?sa=t&rct=j&q=&esrc=s&source=web&cd=110&ved=0CHcQFjAJOGQ&url=http%3A%2F%2Fbuhoz.net%2Fpublic%2Flibros%2Fautonomy_life%2FManual-para-la-construccion-de-Hornos-caseros.pdf&ei=uXKUUoCbKsSg0wXC-YC4BQ&usg=AFQjCNH80DzJtdlqizDTl6ZBO1a4oopCiw&bvm=bv.57155469,d.d2k" "Mozilla/5.0 (Windows NT 5.2; rv:25.0) Gecko/20100101 Firefox/25.0"
88.26.209.119 - - [26/Nov/2013:04:07:57 -0600] "GET /public/libros/autonomy_life/Manual-para-la-construccion-de-Hornos-caseros.pdf HTTP/1.1" 206 65536 "http://www.google.es/url?sa=t&rct=j&q=&esrc=s&source=web&cd=110&ved=0CHcQFjAJOGQ&url=http%3A%2F%2Fbuhoz.net%2Fpublic%2Flibros%2Fautonomy_life%2FManual-para-la-construccion-de-Hornos-caseros.pdf&ei=uXKUUoCbKsSg0wXC-YC4BQ&usg=AFQjCNH80DzJtdlqizDTl6ZBO1a4oopCiw&bvm=bv.57155469,d.d2k" "Mozilla/5.0 (Windows NT 5.2; rv:25.0) Gecko/20100101 Firefox/25.0"
88.26.209.119 - - [26/Nov/2013:04:07:57 -0600] "GET /public/libros/autonomy_life/Manual-para-la-construccion-de-Hornos-caseros.pdf HTTP/1.1" 206 65536 "http://www.google.es/url?sa=t&rct=j&q=&esrc=s&source=web&cd=110&ved=0CHcQFjAJOGQ&url=http%3A%2F%2Fbuhoz.net%2Fpublic%2Flibros%2Fautonomy_life%2FManual-para-la-construccion-de-Hornos-caseros.pdf&ei=uXKUUoCbKsSg0wXC-YC4BQ&usg=AFQjCNH80DzJtdlqizDTl6ZBO1a4oopCiw&bvm=bv.57155469,d.d2k" "Mozilla/5.0 (Windows NT 5.2; rv:25.0) Gecko/20100101 Firefox/25.0"
88.26.209.119 - - [26/Nov/2013:04:07:58 -0600] "GET /public/libros/autonomy_life/Manual-para-la-construccion-de-Hornos-caseros.pdf HTTP/1.1" 206 65536 "http://www.google.es/url?sa=t&rct=j&q=&esrc=s&source=web&cd=110&ved=0CHcQFjAJOGQ&url=http%3A%2F%2Fbuhoz.net%2Fpublic%2Flibros%2Fautonomy_life%2FManual-para-la-construccion-de-Hornos-caseros.pdf&ei=uXKUUoCbKsSg0wXC-YC4BQ&usg=AFQjCNH80DzJtdlqizDTl6ZBO1a4oopCiw&bvm=bv.57155469,d.d2k" "Mozilla/5.0 (Windows NT 5.2; rv:25.0) Gecko/20100101 Firefox/25.0"
88.26.209.119 - - [26/Nov/2013:04:07:59 -0600] "GET /public/libros/autonomy_life/Manual-para-la-construccion-de-Hornos-caseros.pdf HTTP/1.1" 206 65536 "http://www.google.es/url?sa=t&rct=j&q=&esrc=s&source=web&cd=110&ved=0CHcQFjAJOGQ&url=http%3A%2F%2Fbuhoz.net%2Fpublic%2Flibros%2Fautonomy_life%2FManual-para-la-construccion-de-Hornos-caseros.pdf&ei=uXKUUoCbKsSg0wXC-YC4BQ&usg=AFQjCNH80DzJtdlqizDTl6ZBO1a4oopCiw&bvm=bv.57155469,d.d2k" "Mozilla/5.0 (Windows NT 5.2; rv:25.0) Gecko/20100101 Firefox/25.0"
88.26.209.119 - - [26/Nov/2013:04:08:00 -0600] "GET /public/libros/autonomy_life/Manual-para-la-construccion-de-Hornos-caseros.pdf HTTP/1.1" 206 65536 "http://www.google.es/url?sa=t&rct=j&q=&esrc=s&source=web&cd=110&ved=0CHcQFjAJOGQ&url=http%3A%2F%2Fbuhoz.net%2Fpublic%2Flibros%2Fautonomy_life%2FManual-para-la-construccion-de-Hornos-caseros.pdf&ei=uXKUUoCbKsSg0wXC-YC4BQ&usg=AFQjCNH80DzJtdlqizDTl6ZBO1a4oopCiw&bvm=bv.57155469,d.d2k" "Mozilla/5.0 (Windows NT 5.2; rv:25.0) Gecko/20100101 Firefox/25.0"
88.26.209.119 - - [26/Nov/2013:04:08:01 -0600] "GET /public/libros/autonomy_life/Manual-para-la-construccion-de-Hornos-caseros.pdf HTTP/1.1" 206 65536 "http://www.google.es/url?sa=t&rct=j&q=&esrc=s&source=web&cd=110&ved=0CHcQFjAJOGQ&url=http%3A%2F%2Fbuhoz.net%2Fpublic%2Flibros%2Fautonomy_life%2FManual-para-la-construccion-de-Hornos-caseros.pdf&ei=uXKUUoCbKsSg0wXC-YC4BQ&usg=AFQjCNH80DzJtdlqizDTl6ZBO1a4oopCiw&bvm=bv.57155469,d.d2k" "Mozilla/5.0 (Windows NT 5.2; rv:25.0) Gecko/20100101 Firefox/25.0"
88.26.209.119 - - [26/Nov/2013:04:08:01 -0600] "GET /public/libros/autonomy_life/Manual-para-la-construccion-de-Hornos-caseros.pdf HTTP/1.1" 206 65536 "http://www.google.es/url?sa=t&rct=j&q=&esrc=s&source=web&cd=110&ved=0CHcQFjAJOGQ&url=http%3A%2F%2Fbuhoz.net%2Fpublic%2Flibros%2Fautonomy_life%2FManual-para-la-construccion-de-Hornos-caseros.pdf&ei=uXKUUoCbKsSg0wXC-YC4BQ&usg=AFQjCNH80DzJtdlqizDTl6ZBO1a4oopCiw&bvm=bv.57155469,d.d2k" "Mozilla/5.0 (Windows NT 5.2; rv:25.0) Gecko/20100101 Firefox/25.0"
88.26.209.119 - - [26/Nov/2013:04:08:02 -0600] "GET /public/libros/autonomy_life/Manual-para-la-construccion-de-Hornos-caseros.pdf HTTP/1.1" 206 65536 "http://www.google.es/url?sa=t&rct=j&q=&esrc=s&source=web&cd=110&ved=0CHcQFjAJOGQ&url=http%3A%2F%2Fbuhoz.net%2Fpublic%2Flibros%2Fautonomy_life%2FManual-para-la-construccion-de-Hornos-caseros.pdf&ei=uXKUUoCbKsSg0wXC-YC4BQ&usg=AFQjCNH80DzJtdlqizDTl6ZBO1a4oopCiw&bvm=bv.57155469,d.d2k" "Mozilla/5.0 (Windows NT 5.2; rv:25.0) Gecko/20100101 Firefox/25.0"
88.26.209.119 - - [26/Nov/2013:04:08:03 -0600] "GET /public/libros/autonomy_life/Manual-para-la-construccion-de-Hornos-caseros.pdf HTTP/1.1" 206 65536 "http://www.google.es/url?sa=t&rct=j&q=&esrc=s&source=web&cd=110&ved=0CHcQFjAJOGQ&url=http%3A%2F%2Fbuhoz.net%2Fpublic%2Flibros%2Fautonomy_life%2FManual-para-la-construccion-de-Hornos-caseros.pdf&ei=uXKUUoCbKsSg0wXC-YC4BQ&usg=AFQjCNH80DzJtdlqizDTl6ZBO1a4oopCiw&bvm=bv.57155469,d.d2k" "Mozilla/5.0 (Windows NT 5.2; rv:25.0) Gecko/20100101 Firefox/25.0"
88.26.209.119 - - [26/Nov/2013:04:08:04 -0600] "GET /public/libros/autonomy_life/Manual-para-la-construccion-de-Hornos-caseros.pdf HTTP/1.1" 206 65536 "http://www.google.es/url?sa=t&rct=j&q=&esrc=s&source=web&cd=110&ved=0CHcQFjAJOGQ&url=http%3A%2F%2Fbuhoz.net%2Fpublic%2Flibros%2Fautonomy_life%2FManual-para-la-construccion-de-Hornos-caseros.pdf&ei=uXKUUoCbKsSg0wXC-YC4BQ&usg=AFQjCNH80DzJtdlqizDTl6ZBO1a4oopCiw&bvm=bv.57155469,d.d2k" "Mozilla/5.0 (Windows NT 5.2; rv:25.0) Gecko/20100101 Firefox/25.0"
5.10.83.15 - - [26/Nov/2013:04:08:04 -0600] "GET /fotos/index.php/Cosas-del-2008/Octubre/barcelona/sagrada_familia/p1020202 HTTP/1.1" 200 10035 "-" "Mozilla/5.0 (compatible; AhrefsBot/5.0; +http://ahrefs.com/robot/)"
88.26.209.119 - - [26/Nov/2013:04:08:05 -0600] "GET /public/libros/autonomy_life/Manual-para-la-construccion-de-Hornos-caseros.pdf HTTP/1.1" 206 65536 "http://www.google.es/url?sa=t&rct=j&q=&esrc=s&source=web&cd=110&ved=0CHcQFjAJOGQ&url=http%3A%2F%2Fbuhoz.net%2Fpublic%2Flibros%2Fautonomy_life%2FManual-para-la-construccion-de-Hornos-caseros.pdf&ei=uXKUUoCbKsSg0wXC-YC4BQ&usg=AFQjCNH80DzJtdlqizDTl6ZBO1a4oopCiw&bvm=bv.57155469,d.d2k" "Mozilla/5.0 (Windows NT 5.2; rv:25.0) Gecko/20100101 Firefox/25.0"
88.26.209.119 - - [26/Nov/2013:04:08:06 -0600] "GET /public/libros/autonomy_life/Manual-para-la-construccion-de-Hornos-caseros.pdf HTTP/1.1" 206 65536 "http://www.google.es/url?sa=t&rct=j&q=&esrc=s&source=web&cd=110&ved=0CHcQFjAJOGQ&url=http%3A%2F%2Fbuhoz.net%2Fpublic%2Flibros%2Fautonomy_life%2FManual-para-la-construccion-de-Hornos-caseros.pdf&ei=uXKUUoCbKsSg0wXC-YC4BQ&usg=AFQjCNH80DzJtdlqizDTl6ZBO1a4oopCiw&bvm=bv.57155469,d.d2k" "Mozilla/5.0 (Windows NT 5.2; rv:25.0) Gecko/20100101 Firefox/25.0"
88.26.209.119 - - [26/Nov/2013:04:08:07 -0600] "GET /public/libros/autonomy_life/Manual-para-la-construccion-de-Hornos-caseros.pdf HTTP/1.1" 206 65536 "http://www.google.es/url?sa=t&rct=j&q=&esrc=s&source=web&cd=110&ved=0CHcQFjAJOGQ&url=http%3A%2F%2Fbuhoz.net%2Fpublic%2Flibros%2Fautonomy_life%2FManual-para-la-construccion-de-Hornos-caseros.pdf&ei=uXKUUoCbKsSg0wXC-YC4BQ&usg=AFQjCNH80DzJtdlqizDTl6ZBO1a4oopCiw&bvm=bv.57155469,d.d2k" "Mozilla/5.0 (Windows NT 5.2; rv:25.0) Gecko/20100101 Firefox/25.0"
88.26.209.119 - - [26/Nov/2013:04:08:08 -0600] "GET /public/libros/autonomy_life/Manual-para-la-construccion-de-Hornos-caseros.pdf HTTP/1.1" 206 65536 "http://www.google.es/url?sa=t&rct=j&q=&esrc=s&source=web&cd=110&ved=0CHcQFjAJOGQ&url=http%3A%2F%2Fbuhoz.net%2Fpublic%2Flibros%2Fautonomy_life%2FManual-para-la-construccion-de-Hornos-caseros.pdf&ei=uXKUUoCbKsSg0wXC-YC4BQ&usg=AFQjCNH80DzJtdlqizDTl6ZBO1a4oopCiw&bvm=bv.57155469,d.d2k" "Mozilla/5.0 (Windows NT 5.2; rv:25.0) Gecko/20100101 Firefox/25.0"
88.26.209.119 - - [26/Nov/2013:04:08:09 -0600] "GET /public/libros/autonomy_life/Manual-para-la-construccion-de-Hornos-caseros.pdf HTTP/1.1" 206 65536 "http://www.google.es/url?sa=t&rct=j&q=&esrc=s&source=web&cd=110&ved=0CHcQFjAJOGQ&url=http%3A%2F%2Fbuhoz.net%2Fpublic%2Flibros%2Fautonomy_life%2FManual-para-la-construccion-de-Hornos-caseros.pdf&ei=uXKUUoCbKsSg0wXC-YC4BQ&usg=AFQjCNH80DzJtdlqizDTl6ZBO1a4oopCiw&bvm=bv.57155469,d.d2k" "Mozilla/5.0 (Windows NT 5.2; rv:25.0) Gecko/20100101 Firefox/25.0"
88.26.209.119 - - [26/Nov/2013:04:08:10 -0600] "GET /public/libros/autonomy_life/Manual-para-la-construccion-de-Hornos-caseros.pdf HTTP/1.1" 206 65536 "http://www.google.es/url?sa=t&rct=j&q=&esrc=s&source=web&cd=110&ved=0CHcQFjAJOGQ&url=http%3A%2F%2Fbuhoz.net%2Fpublic%2Flibros%2Fautonomy_life%2FManual-para-la-construccion-de-Hornos-caseros.pdf&ei=uXKUUoCbKsSg0wXC-YC4BQ&usg=AFQjCNH80DzJtdlqizDTl6ZBO1a4oopCiw&bvm=bv.57155469,d.d2k" "Mozilla/5.0 (Windows NT 5.2; rv:25.0) Gecko/20100101 Firefox/25.0"
88.26.209.119 - - [26/Nov/2013:04:08:11 -0600] "GET /public/libros/autonomy_life/Manual-para-la-construccion-de-Hornos-caseros.pdf HTTP/1.1" 206 65536 "http://www.google.es/url?sa=t&rct=j&q=&esrc=s&source=web&cd=110&ved=0CHcQFjAJOGQ&url=http%3A%2F%2Fbuhoz.net%2Fpublic%2Flibros%2Fautonomy_life%2FManual-para-la-construccion-de-Hornos-caseros.pdf&ei=uXKUUoCbKsSg0wXC-YC4BQ&usg=AFQjCNH80DzJtdlqizDTl6ZBO1a4oopCiw&bvm=bv.57155469,d.d2k" "Mozilla/5.0 (Windows NT 5.2; rv:25.0) Gecko/20100101 Firefox/25.0"
88.26.209.119 - - [26/Nov/2013:04:08:12 -0600] "GET /public/libros/autonomy_life/Manual-para-la-construccion-de-Hornos-caseros.pdf HTTP/1.1" 206 65536 "http://www.google.es/url?sa=t&rct=j&q=&esrc=s&source=web&cd=110&ved=0CHcQFjAJOGQ&url=http%3A%2F%2Fbuhoz.net%2Fpublic%2Flibros%2Fautonomy_life%2FManual-para-la-construccion-de-Hornos-caseros.pdf&ei=uXKUUoCbKsSg0wXC-YC4BQ&usg=AFQjCNH80DzJtdlqizDTl6ZBO1a4oopCiw&bvm=bv.57155469,d.d2k" "Mozilla/5.0 (Windows NT 5.2; rv:25.0) Gecko/20100101 Firefox/25.0"
88.26.209.119 - - [26/Nov/2013:04:08:13 -0600] "GET /public/libros/autonomy_life/Manual-para-la-construccion-de-Hornos-caseros.pdf HTTP/1.1" 206 65536 "http://www.google.es/url?sa=t&rct=j&q=&esrc=s&source=web&cd=110&ved=0CHcQFjAJOGQ&url=http%3A%2F%2Fbuhoz.net%2Fpublic%2Flibros%2Fautonomy_life%2FManual-para-la-construccion-de-Hornos-caseros.pdf&ei=uXKUUoCbKsSg0wXC-YC4BQ&usg=AFQjCNH80DzJtdlqizDTl6ZBO1a4oopCiw&bvm=bv.57155469,d.d2k" "Mozilla/5.0 (Windows NT 5.2; rv:25.0) Gecko/20100101 Firefox/25.0"
88.26.209.119 - - [26/Nov/2013:04:08:14 -0600] "GET /public/libros/autonomy_life/Manual-para-la-construccion-de-Hornos-caseros.pdf HTTP/1.1" 206 65536 "http://www.google.es/url?sa=t&rct=j&q=&esrc=s&source=web&cd=110&ved=0CHcQFjAJOGQ&url=http%3A%2F%2Fbuhoz.net%2Fpublic%2Flibros%2Fautonomy_life%2FManual-para-la-construccion-de-Hornos-caseros.pdf&ei=uXKUUoCbKsSg0wXC-YC4BQ&usg=AFQjCNH80DzJtdlqizDTl6ZBO1a4oopCiw&bvm=bv.57155469,d.d2k" "Mozilla/5.0 (Windows NT 5.2; rv:25.0) Gecko/20100101 Firefox/25.0"
88.26.209.119 - - [26/Nov/2013:04:08:15 -0600] "GET /public/libros/autonomy_life/Manual-para-la-construccion-de-Hornos-caseros.pdf HTTP/1.1" 206 65536 "http://www.google.es/url?sa=t&rct=j&q=&esrc=s&source=web&cd=110&ved=0CHcQFjAJOGQ&url=http%3A%2F%2Fbuhoz.net%2Fpublic%2Flibros%2Fautonomy_life%2FManual-para-la-construccion-de-Hornos-caseros.pdf&ei=uXKUUoCbKsSg0wXC-YC4BQ&usg=AFQjCNH80DzJtdlqizDTl6ZBO1a4oopCiw&bvm=bv.57155469,d.d2k" "Mozilla/5.0 (Windows NT 5.2; rv:25.0) Gecko/20100101 Firefox/25.0"
88.26.209.119 - - [26/Nov/2013:04:08:15 -0600] "GET /public/libros/autonomy_life/Manual-para-la-construccion-de-Hornos-caseros.pdf HTTP/1.1" 206 65536 "http://www.google.es/url?sa=t&rct=j&q=&esrc=s&source=web&cd=110&ved=0CHcQFjAJOGQ&url=http%3A%2F%2Fbuhoz.net%2Fpublic%2Flibros%2Fautonomy_life%2FManual-para-la-construccion-de-Hornos-caseros.pdf&ei=uXKUUoCbKsSg0wXC-YC4BQ&usg=AFQjCNH80DzJtdlqizDTl6ZBO1a4oopCiw&bvm=bv.57155469,d.d2k" "Mozilla/5.0 (Windows NT 5.2; rv:25.0) Gecko/20100101 Firefox/25.0"
88.26.209.119 - - [26/Nov/2013:04:08:16 -0600] "GET /public/libros/autonomy_life/Manual-para-la-construccion-de-Hornos-caseros.pdf HTTP/1.1" 206 65536 "http://www.google.es/url?sa=t&rct=j&q=&esrc=s&source=web&cd=110&ved=0CHcQFjAJOGQ&url=http%3A%2F%2Fbuhoz.net%2Fpublic%2Flibros%2Fautonomy_life%2FManual-para-la-construccion-de-Hornos-caseros.pdf&ei=uXKUUoCbKsSg0wXC-YC4BQ&usg=AFQjCNH80DzJtdlqizDTl6ZBO1a4oopCiw&bvm=bv.57155469,d.d2k" "Mozilla/5.0 (Windows NT 5.2; rv:25.0) Gecko/20100101 Firefox/25.0"
66.249.64.8 - - [26/Nov/2013:04:08:17 -0600] "GET /fotos/var/thumbs/2010/01-egipto/12-03saqqara/P1040593.JPG?m=1341729009 HTTP/1.1" 200 32611 "-" "Googlebot-Image/1.0"
66.249.64.1 - - [26/Nov/2013:04:09:05 -0600] "GET /fotos/index.php/form/add/comments/2312 HTTP/1.1" 200 1577 "-" "Mozilla/5.0 (compatible; Googlebot/2.1; +http://www.google.com/bot.html)"
5.10.83.74 - - [26/Nov/2013:04:10:17 -0600] "GET /fotos/index.php/form/add/comments/5339 HTTP/1.1" 200 1577 "-" "Mozilla/5.0 (compatible; AhrefsBot/5.0; +http://ahrefs.com/robot/)"
66.249.64.7 - - [26/Nov/2013:04:12:10 -0600] "GET /fotos/var/thumbs/2010/06-guimaraes/P1060377.JPG?m=1341763119 HTTP/1.1" 200 35149 "-" "Googlebot-Image/1.0"
66.249.64.1 - - [26/Nov/2013:04:12:38 -0600] "GET /fotos/index.php/2010/01-senderismo?show=2312 HTTP/1.1" 302 144 "-" "Mozilla/5.0 (compatible; Googlebot/2.1; +http://www.google.com/bot.html)"
66.249.64.7 - - [26/Nov/2013:04:14:47 -0600] "GET /fotos/main.php?g2_view=shutterfly.PrintPhotos&g2_itemId=1468&g2_returnUrl=http%3A%2F%2Fbuhoz.net%2Ffotos%2Fmain.php%3Fg2_itemId%3D1468&g2_authToken=3f5e0056b1ee HTTP/1.1" 404 3280 "-" "Mozilla/5.0 (compatible; Googlebot/2.1; +http://www.google.com/bot.html)"
66.249.64.1 - - [26/Nov/2013:04:15:01 -0600] "GET /fotos/main.php?g2_view=shutterfly.PrintPhotos&g2_itemId=7719&g2_returnUrl=http%3A%2F%2Fbuhoz.net%2Ffotos%2Fmain.php%3Fg2_itemId%3D7719&g2_authToken=55fe5bb38821 HTTP/1.1" 404 3280 "-" "Mozilla/5.0 (compatible; Googlebot/2.1; +http://www.google.com/bot.html)"
66.249.64.1 - - [26/Nov/2013:04:15:22 -0600] "GET /fotos/main.php?g2_view=shutterfly.PrintPhotos&g2_itemId=6865&g2_returnUrl=http%3A%2F%2Fbuhoz.net%2Ffotos%2Fmain.php%3Fg2_itemId%3D6865&g2_authToken=4817f8ee6de7 HTTP/1.1" 404 3280 "-" "Mozilla/5.0 (compatible; Googlebot/2.1; +http://www.google.com/bot.html)"
66.249.64.1 - - [26/Nov/2013:04:15:43 -0600] "GET /fotos/main.php?g2_view=shutterfly.PrintPhotos&g2_itemId=6069&g2_returnUrl=http%3A%2F%2Fbuhoz.net%2Ffotos%2Fmain.php%3Fg2_itemId%3D6069%26g2_imageViewsIndex%3D0&g2_authToken=574e4889e357 HTTP/1.1" 404 3305 "-" "Mozilla/5.0 (compatible; Googlebot/2.1; +http://www.google.com/bot.html)"
5.10.83.41 - - [26/Nov/2013:04:16:00 -0600] "GET /fotos/var/albums/2011/05-cordoba/P1070226.JPG?m=1341764279 HTTP/1.1" 200 1469154 "-" "Mozilla/5.0 (compatible; AhrefsBot/5.0; +http://ahrefs.com/robot/)"
66.249.64.7 - - [26/Nov/2013:04:16:04 -0600] "GET /fotos/main.php?g2_view=shutterfly.PrintPhotos&g2_itemId=11953&g2_returnUrl=http%3A%2F%2Fbuhoz.net%2Ffotos%2Fmain.php%3Fg2_itemId%3D11953&g2_authToken=16f90c54b768 HTTP/1.1" 404 3282 "-" "Mozilla/5.0 (compatible; Googlebot/2.1; +http://www.google.com/bot.html)"
66.249.64.1 - - [26/Nov/2013:04:16:05 -0600] "GET /fotos/var/albums/2011/07-taramundi/P1070595.JPG?m=1341765942 HTTP/1.1" 200 1330051 "-" "Googlebot-Image/1.0"
66.249.64.7 - - [26/Nov/2013:04:16:25 -0600] "GET /fotos/main.php?g2_view=shutterfly.PrintPhotos&g2_itemId=5030&g2_returnUrl=http%3A%2F%2Fbuhoz.net%2Ffotos%2Fmain.php%3Fg2_itemId%3D5030&g2_authToken=c647b0180e73 HTTP/1.1" 404 3280 "-" "Mozilla/5.0 (compatible; Googlebot/2.1; +http://www.google.com/bot.html)"
66.249.64.7 - - [26/Nov/2013:04:16:46 -0600] "GET /fotos/main.php?g2_view=shutterfly.PrintPhotos&g2_itemId=436&g2_returnUrl=http%3A%2F%2Fbuhoz.net%2Ffotos%2Fmain.php%3Fg2_itemId%3D436&g2_authToken=a68ecfe7ae0b HTTP/1.1" 404 3278 "-" "Mozilla/5.0 (compatible; Googlebot/2.1; +http://www.google.com/bot.html)"
66.249.64.7 - - [26/Nov/2013:04:17:07 -0600] "GET /fotos/main.php?g2_view=shutterfly.PrintPhotos&g2_itemId=370&g2_returnUrl=http%3A%2F%2Fbuhoz.net%2Ffotos%2Fmain.php%3Fg2_itemId%3D370&g2_authToken=b0fefd4e9547 HTTP/1.1" 404 3278 "-" "Mozilla/5.0 (compatible; Googlebot/2.1; +http://www.google.com/bot.html)"
5.10.83.17 - - [26/Nov/2013:04:17:07 -0600] "GET /fotos/index.php/2010/01-egipto?show=106 HTTP/1.1" 302 150 "-" "Mozilla/5.0 (compatible; AhrefsBot/5.0; +http://ahrefs.com/robot/)"
66.249.64.7 - - [26/Nov/2013:04:17:28 -0600] "GET /fotos/main.php?g2_view=shutterfly.PrintPhotos&g2_itemId=5455&g2_returnUrl=http%3A%2F%2Fbuhoz.net%2Ffotos%2Fmain.php%3Fg2_itemId%3D5455&g2_authToken=10ad861e7cec HTTP/1.1" 404 3280 "-" "Mozilla/5.0 (compatible; Googlebot/2.1; +http://www.google.com/bot.html)"
66.249.64.1 - - [26/Nov/2013:04:17:49 -0600] "GET /fotos/main.php?g2_view=shutterfly.PrintPhotos&g2_itemId=8217&g2_returnUrl=http%3A%2F%2Fbuhoz.net%2Ffotos%2Fmain.php%3Fg2_itemId%3D8217&g2_authToken=c85fa68dcda3 HTTP/1.1" 404 3280 "-" "Mozilla/5.0 (compatible; Googlebot/2.1; +http://www.google.com/bot.html)"
5.10.83.82 - - [26/Nov/2013:04:17:59 -0600] "GET /fotos/var/albums/2011/07-taramundi/P1070362.JPG?m=1341765370 HTTP/1.1" 200 1544481 "-" "Mozilla/5.0 (compatible; AhrefsBot/5.0; +http://ahrefs.com/robot/)"
66.249.64.8 - - [26/Nov/2013:04:18:10 -0600] "GET /fotos/main.php?g2_view=shutterfly.PrintPhotos&g2_itemId=4227&g2_returnUrl=http%3A%2F%2Fbuhoz.net%2Ffotos%2Fmain.php%3Fg2_itemId%3D4227%26g2_imageViewsIndex%3D1&g2_authToken=28b5d991916c HTTP/1.1" 404 3305 "-" "Mozilla/5.0 (compatible; Googlebot/2.1; +http://www.google.com/bot.html)"
66.249.64.1 - - [26/Nov/2013:04:18:31 -0600] "GET /fotos/main.php?g2_view=shutterfly.PrintPhotos&g2_itemId=7179&g2_returnUrl=http%3A%2F%2Fbuhoz.net%2Ffotos%2Fmain.php%3Fg2_itemId%3D7179&g2_authToken=6dcb141bf7c9 HTTP/1.1" 404 3280 "-" "Mozilla/5.0 (compatible; Googlebot/2.1; +http://www.google.com/bot.html)"
66.249.64.8 - - [26/Nov/2013:04:18:54 -0600] "GET /fotos/main.php?g2_view=shutterfly.PrintPhotos&g2_itemId=7355&g2_returnUrl=http%3A%2F%2Fbuhoz.net%2Ffotos%2Fmain.php%3Fg2_itemId%3D7355&g2_authToken=e6b30d0c87c0 HTTP/1.1" 404 3280 "-" "Mozilla/5.0 (compatible; Googlebot/2.1; +http://www.google.com/bot.html)"
5.10.83.104 - - [26/Nov/2013:04:18:57 -0600] "GET /fotos/index.php/2013/yuyu?show=5591 HTTP/1.1" 302 142 "-" "Mozilla/5.0 (compatible; AhrefsBot/5.0; +http://ahrefs.com/robot/)"
66.249.64.1 - - [26/Nov/2013:04:19:13 -0600] "GET /fotos/main.php?g2_view=shutterfly.PrintPhotos&g2_itemId=10317&g2_returnUrl=http%3A%2F%2Fbuhoz.net%2Ffotos%2Fmain.php%3Fg2_itemId%3D10317%26g2_imageViewsIndex%3D1&g2_authToken=9b8359fe3c45 HTTP/1.1" 404 3307 "-" "Mozilla/5.0 (compatible; Googlebot/2.1; +http://www.google.com/bot.html)"
66.249.64.8 - - [26/Nov/2013:04:19:34 -0600] "GET /fotos/main.php?g2_view=shutterfly.PrintPhotos&g2_itemId=11588&g2_returnUrl=http%3A%2F%2Fbuhoz.net%2Ffotos%2Fmain.php%3Fg2_itemId%3D11588&g2_authToken=2d422fcef7a5 HTTP/1.1" 404 3282 "-" "Mozilla/5.0 (compatible; Googlebot/2.1; +http://www.google.com/bot.html)"
66.249.64.7 - - [26/Nov/2013:04:19:55 -0600] "GET /fotos/main.php?g2_view=shutterfly.PrintPhotos&g2_itemId=10947&g2_returnUrl=http%3A%2F%2Fbuhoz.net%2Ffotos%2Fmain.php%3Fg2_itemId%3D10947&g2_authToken=67384e91768d HTTP/1.1" 404 3282 "-" "Mozilla/5.0 (compatible; Googlebot/2.1; +http://www.google.com/bot.html)"
66.249.64.1 - - [26/Nov/2013:04:19:58 -0600] "GET /fotos/var/resizes/2013/yuyu/P1090375.JPG?m=1366669096 HTTP/1.1" 200 81344 "-" "Googlebot-Image/1.0"
66.249.64.7 - - [26/Nov/2013:04:20:16 -0600] "GET /fotos/main.php?g2_view=shutterfly.PrintPhotos&g2_itemId=2317&g2_returnUrl=http%3A%2F%2Fbuhoz.net%2Ffotos%2Fmain.php%3Fg2_itemId%3D2317&g2_authToken=34e06e78b718 HTTP/1.1" 404 3280 "-" "Mozilla/5.0 (compatible; Googlebot/2.1; +http://www.google.com/bot.html)"
66.249.64.8 - - [26/Nov/2013:04:20:37 -0600] "GET /fotos/main.php?g2_view=shutterfly.PrintPhotos&g2_itemId=8052&g2_returnUrl=http%3A%2F%2Fbuhoz.net%2Ffotos%2Fmain.php%3Fg2_itemId%3D8052%26g2_imageViewsIndex%3D1&g2_authToken=92eee02c6f2f HTTP/1.1" 404 3305 "-" "Mozilla/5.0 (compatible; Googlebot/2.1; +http://www.google.com/bot.html)"
5.10.83.11 - - [26/Nov/2013:04:20:53 -0600] "GET /fotos/index.php/2011/07-taramundi?page=7 HTTP/1.1" 200 12247 "-" "Mozilla/5.0 (compatible; AhrefsBot/5.0; +http://ahrefs.com/robot/)"
66.249.64.1 - - [26/Nov/2013:04:20:58 -0600] "GET /fotos/main.php?g2_view=shutterfly.PrintPhotos&g2_itemId=10449&g2_returnUrl=http%3A%2F%2Fbuhoz.net%2Ffotos%2Fmain.php%3Fg2_itemId%3D10449&g2_authToken=f7f1aa073727 HTTP/1.1" 404 3282 "-" "Mozilla/5.0 (compatible; Googlebot/2.1; +http://www.google.com/bot.html)"
66.249.64.1 - - [26/Nov/2013:04:21:19 -0600] "GET /fotos/main.php?g2_view=shutterfly.PrintPhotos&g2_itemId=1742&g2_returnUrl=http%3A%2F%2Fbuhoz.net%2Ffotos%2Fmain.php%3Fg2_itemId%3D1742&g2_authToken=44a64663cbf7 HTTP/1.1" 404 3280 "-" "Mozilla/5.0 (compatible; Googlebot/2.1; +http://www.google.com/bot.html)"
66.249.64.8 - - [26/Nov/2013:04:21:40 -0600] "GET /fotos/main.php?g2_view=shutterfly.PrintPhotos&g2_itemId=700&g2_returnUrl=http%3A%2F%2Fbuhoz.net%2Ffotos%2Fmain.php%3Fg2_itemId%3D700&g2_authToken=ad8a0fce750f HTTP/1.1" 404 3278 "-" "Mozilla/5.0 (compatible; Googlebot/2.1; +http://www.google.com/bot.html)"
66.249.64.1 - - [26/Nov/2013:04:22:00 -0600] "GET /fotos/main.php?g2_view=shutterfly.PrintPhotos&g2_itemId=5042&g2_returnUrl=http%3A%2F%2Fbuhoz.net%2Ffotos%2Fmain.php%3Fg2_itemId%3D5042&g2_authToken=2a045cf5967f HTTP/1.1" 404 3280 "-" "Mozilla/5.0 (compatible; Googlebot/2.1; +http://www.google.com/bot.html)"
5.10.83.74 - - [26/Nov/2013:04:22:01 -0600] "GET /fotos/index.php/2011/02-sevilla HTTP/1.1" 200 11962 "-" "Mozilla/5.0 (compatible; AhrefsBot/5.0; +http://ahrefs.com/robot/)"
66.249.64.8 - - [26/Nov/2013:04:22:21 -0600] "GET /fotos/main.php?g2_view=shutterfly.PrintPhotos&g2_itemId=2433&g2_returnUrl=http%3A%2F%2Fbuhoz.net%2Ffotos%2Fmain.php%3Fg2_itemId%3D2433&g2_authToken=2df9cec24bc7 HTTP/1.1" 404 3280 "-" "Mozilla/5.0 (compatible; Googlebot/2.1; +http://www.google.com/bot.html)"
66.249.64.7 - - [26/Nov/2013:04:22:42 -0600] "GET /fotos/main.php?g2_view=shutterfly.PrintPhotos&g2_itemId=5409&g2_returnUrl=http%3A%2F%2Fbuhoz.net%2Ffotos%2Fmain.php%3Fg2_itemId%3D5409&g2_authToken=fabcf1b8733b HTTP/1.1" 404 3280 "-" "Mozilla/5.0 (compatible; Googlebot/2.1; +http://www.google.com/bot.html)"
66.249.64.8 - - [26/Nov/2013:04:23:03 -0600] "GET /fotos/main.php?g2_view=shutterfly.PrintPhotos&g2_itemId=181&g2_returnUrl=http%3A%2F%2Fbuhoz.net%2Ffotos%2Fmain.php%3Fg2_itemId%3D181&g2_authToken=8a97b87cf82d HTTP/1.1" 404 3278 "-" "Mozilla/5.0 (compatible; Googlebot/2.1; +http://www.google.com/bot.html)"
66.249.64.1 - - [26/Nov/2013:04:23:24 -0600] "GET /fotos/main.php?g2_view=shutterfly.PrintPhotos&g2_itemId=405&g2_returnUrl=http%3A%2F%2Fbuhoz.net%2Ffotos%2Fmain.php%3Fg2_itemId%3D405&g2_authToken=cbd0ea48ef02 HTTP/1.1" 404 3278 "-" "Mozilla/5.0 (compatible; Googlebot/2.1; +http://www.google.com/bot.html)"
66.249.64.1 - - [26/Nov/2013:04:23:45 -0600] "GET /fotos/main.php?g2_view=shutterfly.PrintPhotos&g2_itemId=1334&g2_returnUrl=http%3A%2F%2Fbuhoz.net%2Ffotos%2Fmain.php%3Fg2_itemId%3D1334&g2_authToken=89f1ce6aa7cc HTTP/1.1" 404 3280 "-" "Mozilla/5.0 (compatible; Googlebot/2.1; +http://www.google.com/bot.html)"
66.249.64.7 - - [26/Nov/2013:04:23:54 -0600] "GET /fotos/var/albums/2009/04/convivencia_girasol/p1020683.jpg?m=1341726980 HTTP/1.1" 200 1545396 "-" "Googlebot-Image/1.0"
66.249.64.1 - - [26/Nov/2013:04:24:06 -0600] "GET /fotos/main.php?g2_view=shutterfly.PrintPhotos&g2_itemId=8917&g2_returnUrl=http%3A%2F%2Fbuhoz.net%2Ffotos%2Fmain.php%3Fg2_itemId%3D8917&g2_authToken=5743d9b703d9 HTTP/1.1" 404 3280 "-" "Mozilla/5.0 (compatible; Googlebot/2.1; +http://www.google.com/bot.html)"
5.10.83.41 - - [26/Nov/2013:04:24:18 -0600] "GET /fotos/index.php/2011/05-cordoba/P1070285 HTTP/1.1" 200 9404 "-" "Mozilla/5.0 (compatible; AhrefsBot/5.0; +http://ahrefs.com/robot/)"
66.249.64.8 - - [26/Nov/2013:04:24:27 -0600] "GET /fotos/main.php?g2_view=shutterfly.PrintPhotos&g2_itemId=1926&g2_returnUrl=http%3A%2F%2Fbuhoz.net%2Ffotos%2Fmain.php%3Fg2_itemId%3D1926&g2_authToken=5afba9122efe HTTP/1.1" 404 3280 "-" "Mozilla/5.0 (compatible; Googlebot/2.1; +http://www.google.com/bot.html)"
66.249.64.7 - - [26/Nov/2013:04:24:48 -0600] "GET /fotos/main.php?g2_view=shutterfly.PrintPhotos&g2_itemId=5351&g2_returnUrl=http%3A%2F%2Fbuhoz.net%2Ffotos%2Fmain.php%3Fg2_itemId%3D5351&g2_authToken=44a1a4ac7259 HTTP/1.1" 404 3280 "-" "Mozilla/5.0 (compatible; Googlebot/2.1; +http://www.google.com/bot.html)"
5.10.83.104 - - [26/Nov/2013:04:25:35 -0600] "GET /fotos/index.php/2012/julio-visita-veracruz/P1080677 HTTP/1.1" 200 9472 "-" "Mozilla/5.0 (compatible; AhrefsBot/5.0; +http://ahrefs.com/robot/)"
66.249.64.1 - - [26/Nov/2013:04:26:06 -0600] "GET /fotos/main.php?g2_view=shutterfly.PrintPhotos&g2_itemId=928&g2_returnUrl=http%3A%2F%2Fbuhoz.net%2Ffotos%2Fmain.php%3Fg2_itemId%3D928%26g2_imageViewsIndex%3D1&g2_authToken=4f31e33815c4 HTTP/1.1" 404 3303 "-" "Mozilla/5.0 (compatible; Googlebot/2.1; +http://www.google.com/bot.html)"
66.249.64.7 - - [26/Nov/2013:04:26:17 -0600] "GET /fotos/main.php?g2_view=shutterfly.PrintPhotos&g2_itemId=712&g2_returnUrl=http%3A%2F%2Fbuhoz.net%2Ffotos%2Fmain.php%3Fg2_itemId%3D712%26g2_imageViewsIndex%3D1&g2_authToken=52271257cbd0 HTTP/1.1" 404 3303 "-" "Mozilla/5.0 (compatible; Googlebot/2.1; +http://www.google.com/bot.html)"
66.249.64.8 - - [26/Nov/2013:04:26:38 -0600] "GET /fotos/main.php?g2_view=shutterfly.PrintPhotos&g2_itemId=10872&g2_returnUrl=http%3A%2F%2Fbuhoz.net%2Ffotos%2Fmain.php%3Fg2_itemId%3D10872&g2_authToken=c8d82dc139a3 HTTP/1.1" 404 3282 "-" "Mozilla/5.0 (compatible; Googlebot/2.1; +http://www.google.com/bot.html)"
5.10.83.3 - - [26/Nov/2013:04:26:48 -0600] "GET /fotos/index.php/2009/04/convivencia_girasol/p1020664 HTTP/1.1" 200 9664 "-" "Mozilla/5.0 (compatible; AhrefsBot/5.0; +http://ahrefs.com/robot/)"
66.249.64.7 - - [26/Nov/2013:04:26:59 -0600] "GET /fotos/main.php?g2_view=shutterfly.PrintPhotos&g2_itemId=11423&g2_returnUrl=http%3A%2F%2Fbuhoz.net%2Ffotos%2Fmain.php%3Fg2_itemId%3D11423&g2_authToken=7ca654b62a91 HTTP/1.1" 404 3282 "-" "Mozilla/5.0 (compatible; Googlebot/2.1; +http://www.google.com/bot.html)"
66.249.64.7 - - [26/Nov/2013:04:27:20 -0600] "GET /fotos/main.php?g2_view=shutterfly.PrintPhotos&g2_itemId=9255&g2_returnUrl=http%3A%2F%2Fbuhoz.net%2Ffotos%2Fmain.php%3Fg2_itemId%3D9255&g2_authToken=aa3bdb457293 HTTP/1.1" 404 3280 "-" "Mozilla/5.0 (compatible; Googlebot/2.1; +http://www.google.com/bot.html)"
5.10.83.74 - - [26/Nov/2013:04:27:30 -0600] "GET /fotos/index.php/2013/vacaciones-julio?page=7 HTTP/1.1" 200 12987 "-" "Mozilla/5.0 (compatible; AhrefsBot/5.0; +http://ahrefs.com/robot/)"
66.249.64.8 - - [26/Nov/2013:04:27:41 -0600] "GET /fotos/main.php?g2_view=shutterfly.PrintPhotos&g2_itemId=7625&g2_returnUrl=http%3A%2F%2Fbuhoz.net%2Ffotos%2Fmain.php%3Fg2_itemId%3D7625&g2_authToken=5c90e1dc669c HTTP/1.1" 404 3280 "-" "Mozilla/5.0 (compatible; Googlebot/2.1; +http://www.google.com/bot.html)"
66.249.64.1 - - [26/Nov/2013:04:27:48 -0600] "GET /fotos/var/resizes/2010/01-egipto/10-01templo-edfu/P1040126.JPG?m=1341729234 HTTP/1.1" 200 93682 "-" "Googlebot-Image/1.0"
66.249.64.8 - - [26/Nov/2013:04:27:58 -0600] "GET /fotos/index.php/2010/03-04-viaje/c-berlin/10-museo-tecnologia?show=3340 HTTP/1.1" 302 212 "-" "Mozilla/5.0 (compatible; Googlebot/2.1; +http://www.google.com/bot.html)"
66.249.64.1 - - [26/Nov/2013:04:27:58 -0600] "GET /fotos/index.php/2010/03-04-viaje/c-berlin/10-museo-tecnologia?page=4 HTTP/1.1" 200 13377 "-" "Mozilla/5.0 (compatible; Googlebot/2.1; +http://www.google.com/bot.html)"
66.249.64.8 - - [26/Nov/2013:04:28:02 -0600] "GET /fotos/main.php?g2_view=shutterfly.PrintPhotos&g2_itemId=8223&g2_returnUrl=http%3A%2F%2Fbuhoz.net%2Ffotos%2Fmain.php%3Fg2_itemId%3D8223&g2_authToken=8bce28d7ca8e HTTP/1.1" 404 3280 "-" "Mozilla/5.0 (compatible; Googlebot/2.1; +http://www.google.com/bot.html)"
66.249.64.7 - - [26/Nov/2013:04:28:23 -0600] "GET /fotos/main.php?g2_view=shutterfly.PrintPhotos&g2_itemId=9633&g2_returnUrl=http%3A%2F%2Fbuhoz.net%2Ffotos%2Fmain.php%3Fg2_itemId%3D9633&g2_authToken=1cc1c750b27d HTTP/1.1" 404 3280 "-" "Mozilla/5.0 (compatible; Googlebot/2.1; +http://www.google.com/bot.html)"
66.249.64.8 - - [26/Nov/2013:04:28:44 -0600] "GET /fotos/main.php?g2_view=shutterfly.PrintPhotos&g2_itemId=11683&g2_returnUrl=http%3A%2F%2Fbuhoz.net%2Ffotos%2Fmain.php%3Fg2_itemId%3D11683&g2_authToken=b44deba2a1a0 HTTP/1.1" 404 3282 "-" "Mozilla/5.0 (compatible; Googlebot/2.1; +http://www.google.com/bot.html)"
66.249.64.7 - - [26/Nov/2013:04:29:05 -0600] "GET /fotos/main.php?g2_view=shutterfly.PrintPhotos&g2_itemId=7250&g2_returnUrl=http%3A%2F%2Fbuhoz.net%2Ffotos%2Fmain.php%3Fg2_itemId%3D7250&g2_authToken=fe996427b4c9 HTTP/1.1" 404 3280 "-" "Mozilla/5.0 (compatible; Googlebot/2.1; +http://www.google.com/bot.html)"
66.249.64.7 - - [26/Nov/2013:04:29:26 -0600] "GET /fotos/main.php?g2_view=shutterfly.PrintPhotos&g2_itemId=6634&g2_returnUrl=http%3A%2F%2Fbuhoz.net%2Ffotos%2Fmain.php%3Fg2_itemId%3D6634&g2_authToken=04f0896983fe HTTP/1.1" 404 3280 "-" "Mozilla/5.0 (compatible; Googlebot/2.1; +http://www.google.com/bot.html)"
66.249.64.7 - - [26/Nov/2013:04:29:47 -0600] "GET /fotos/main.php?g2_view=shutterfly.PrintPhotos&g2_itemId=8439&g2_returnUrl=http%3A%2F%2Fbuhoz.net%2Ffotos%2Fmain.php%3Fg2_itemId%3D8439&g2_authToken=d55961f18871 HTTP/1.1" 404 3280 "-" "Mozilla/5.0 (compatible; Googlebot/2.1; +http://www.google.com/bot.html)"
66.249.64.7 - - [26/Nov/2013:04:30:08 -0600] "GET /fotos/main.php?g2_view=shutterfly.PrintPhotos&g2_itemId=9315&g2_returnUrl=http%3A%2F%2Fbuhoz.net%2Ffotos%2Fmain.php%3Fg2_itemId%3D9315&g2_authToken=79f5bbfbd607 HTTP/1.1" 404 3280 "-" "Mozilla/5.0 (compatible; Googlebot/2.1; +http://www.google.com/bot.html)"
66.249.64.8 - - [26/Nov/2013:04:30:29 -0600] "GET /fotos/main.php?g2_view=shutterfly.PrintPhotos&g2_itemId=8778&g2_returnUrl=http%3A%2F%2Fbuhoz.net%2Ffotos%2Fmain.php%3Fg2_itemId%3D8778&g2_authToken=27b7f277c035 HTTP/1.1" 404 3280 "-" "Mozilla/5.0 (compatible; Googlebot/2.1; +http://www.google.com/bot.html)"
66.249.64.1 - - [26/Nov/2013:04:30:50 -0600] "GET /fotos/main.php?g2_view=shutterfly.PrintPhotos&g2_itemId=10803&g2_returnUrl=http%3A%2F%2Fbuhoz.net%2Ffotos%2Fmain.php%3Fg2_itemId%3D10803&g2_authToken=06471afc5b14 HTTP/1.1" 404 3282 "-" "Mozilla/5.0 (compatible; Googlebot/2.1; +http://www.google.com/bot.html)"
66.249.64.1 - - [26/Nov/2013:04:31:11 -0600] "GET /fotos/main.php?g2_view=shutterfly.PrintPhotos&g2_itemId=9561&g2_returnUrl=http%3A%2F%2Fbuhoz.net%2Ffotos%2Fmain.php%3Fg2_itemId%3D9561&g2_authToken=0d27e6cfe575 HTTP/1.1" 404 3280 "-" "Mozilla/5.0 (compatible; Googlebot/2.1; +http://www.google.com/bot.html)"
66.249.64.1 - - [26/Nov/2013:04:31:32 -0600] "GET /fotos/main.php?g2_view=shutterfly.PrintPhotos&g2_itemId=3056&g2_returnUrl=http%3A%2F%2Fbuhoz.net%2Ffotos%2Fmain.php%3Fg2_itemId%3D3056&g2_authToken=dbace012c0df HTTP/1.1" 404 3280 "-" "Mozilla/5.0 (compatible; Googlebot/2.1; +http://www.google.com/bot.html)"
66.249.64.8 - - [26/Nov/2013:04:31:41 -0600] "GET /fotos/var/thumbs/2010/01-egipto/11-03templo-karnak/P1040453.JPG?m=1341729837 HTTP/1.1" 200 18283 "-" "Googlebot-Image/1.0"
66.249.64.1 - - [26/Nov/2013:04:31:53 -0600] "GET /fotos/main.php?g2_view=shutterfly.PrintPhotos&g2_itemId=1301&g2_returnUrl=http%3A%2F%2Fbuhoz.net%2Ffotos%2Fmain.php%3Fg2_itemId%3D1301&g2_authToken=6b484f25e47e HTTP/1.1" 404 3280 "-" "Mozilla/5.0 (compatible; Googlebot/2.1; +http://www.google.com/bot.html)"
66.249.64.1 - - [26/Nov/2013:04:32:14 -0600] "GET /fotos/main.php?g2_view=shutterfly.PrintPhotos&g2_itemId=10740&g2_returnUrl=http%3A%2F%2Fbuhoz.net%2Ffotos%2Fmain.php%3Fg2_itemId%3D10740%26g2_imageViewsIndex%3D1&g2_authToken=5a0cad8ada82 HTTP/1.1" 404 3307 "-" "Mozilla/5.0 (compatible; Googlebot/2.1; +http://www.google.com/bot.html)"
66.249.64.1 - - [26/Nov/2013:04:32:35 -0600] "GET /fotos/main.php?g2_view=shutterfly.PrintPhotos&g2_itemId=6328&g2_returnUrl=http%3A%2F%2Fbuhoz.net%2Ffotos%2Fmain.php%3Fg2_itemId%3D6328%26g2_imageViewsIndex%3D1&g2_authToken=403fdb37f142 HTTP/1.1" 404 3305 "-" "Mozilla/5.0 (compatible; Googlebot/2.1; +http://www.google.com/bot.html)"
66.249.64.1 - - [26/Nov/2013:04:32:56 -0600] "GET /fotos/main.php?g2_view=shutterfly.PrintPhotos&g2_itemId=11680&g2_returnUrl=http%3A%2F%2Fbuhoz.net%2Ffotos%2Fmain.php%3Fg2_itemId%3D11680&g2_authToken=95b3394d688b HTTP/1.1" 404 3282 "-" "Mozilla/5.0 (compatible; Googlebot/2.1; +http://www.google.com/bot.html)"
66.249.64.7 - - [26/Nov/2013:04:33:17 -0600] "GET /fotos/main.php?g2_view=shutterfly.PrintPhotos&g2_itemId=3071&g2_returnUrl=http%3A%2F%2Fbuhoz.net%2Ffotos%2Fmain.php%3Fg2_itemId%3D3071%26g2_imageViewsIndex%3D1&g2_authToken=e01cfd8c744f HTTP/1.1" 404 3305 "-" "Mozilla/5.0 (compatible; Googlebot/2.1; +http://www.google.com/bot.html)"
66.249.64.7 - - [26/Nov/2013:04:33:38 -0600] "GET /fotos/main.php?g2_view=shutterfly.PrintPhotos&g2_itemId=7695&g2_returnUrl=http%3A%2F%2Fbuhoz.net%2Ffotos%2Fmain.php%3Fg2_itemId%3D7695&g2_authToken=cdfe509b5eb5 HTTP/1.1" 404 3280 "-" "Mozilla/5.0 (compatible; Googlebot/2.1; +http://www.google.com/bot.html)"
66.249.64.1 - - [26/Nov/2013:04:34:20 -0600] "GET /fotos/main.php?g2_view=shutterfly.PrintPhotos&g2_itemId=1009&g2_returnUrl=http%3A%2F%2Fbuhoz.net%2Ffotos%2Fmain.php%3Fg2_itemId%3D1009&g2_authToken=303f82b88c14 HTTP/1.1" 404 3280 "-" "Mozilla/5.0 (compatible; Googlebot/2.1; +http://www.google.com/bot.html)"
66.249.64.8 - - [26/Nov/2013:04:34:41 -0600] "GET /fotos/main.php?g2_view=shutterfly.PrintPhotos&g2_itemId=6367&g2_returnUrl=http%3A%2F%2Fbuhoz.net%2Ffotos%2Fmain.php%3Fg2_itemId%3D6367&g2_authToken=067c426cc28e HTTP/1.1" 404 3280 "-" "Mozilla/5.0 (compatible; Googlebot/2.1; +http://www.google.com/bot.html)"
5.10.83.82 - - [26/Nov/2013:04:35:00 -0600] "GET /fotos/index.php/2009/08/07/P1030458 HTTP/1.1" 200 9518 "-" "Mozilla/5.0 (compatible; AhrefsBot/5.0; +http://ahrefs.com/robot/)"
66.249.64.8 - - [26/Nov/2013:04:35:02 -0600] "GET /fotos/main.php?g2_view=shutterfly.PrintPhotos&g2_itemId=9721&g2_returnUrl=http%3A%2F%2Fbuhoz.net%2Ffotos%2Fmain.php%3Fg2_itemId%3D9721&g2_authToken=9f950810e27a HTTP/1.1" 404 3280 "-" "Mozilla/5.0 (compatible; Googlebot/2.1; +http://www.google.com/bot.html)"
5.10.83.11 - - [26/Nov/2013:04:35:19 -0600] "GET /fotos/index.php/2009/04/convivencia_girasol?page=3 HTTP/1.1" 200 12736 "-" "Mozilla/5.0 (compatible; AhrefsBot/5.0; +http://ahrefs.com/robot/)"
66.249.64.7 - - [26/Nov/2013:04:35:22 -0600] "GET /fotos/main.php?g2_view=shutterfly.PrintPhotos&g2_itemId=7164&g2_returnUrl=http%3A%2F%2Fbuhoz.net%2Ffotos%2Fmain.php%3Fg2_itemId%3D7164&g2_authToken=74cae8a04580 HTTP/1.1" 404 3280 "-" "Mozilla/5.0 (compatible; Googlebot/2.1; +http://www.google.com/bot.html)"
66.249.64.8 - - [26/Nov/2013:04:35:36 -0600] "GET /fotos/var/thumbs/2010/01-egipto/11-03templo-karnak/P1040445.JPG?m=1341729815 HTTP/1.1" 200 33366 "-" "Googlebot-Image/1.0"
66.249.64.1 - - [26/Nov/2013:04:35:43 -0600] "GET /fotos/main.php?g2_view=shutterfly.PrintPhotos&g2_itemId=11803&g2_returnUrl=http%3A%2F%2Fbuhoz.net%2Ffotos%2Fmain.php%3Fg2_itemId%3D11803&g2_authToken=e295900a662a HTTP/1.1" 404 3282 "-" "Mozilla/5.0 (compatible; Googlebot/2.1; +http://www.google.com/bot.html)"
66.249.64.7 - - [26/Nov/2013:04:36:04 -0600] "GET /fotos/main.php?g2_view=shutterfly.PrintPhotos&g2_itemId=11001&g2_returnUrl=http%3A%2F%2Fbuhoz.net%2Ffotos%2Fmain.php%3Fg2_itemId%3D11001&g2_authToken=c301f300a6bf HTTP/1.1" 404 3282 "-" "Mozilla/5.0 (compatible; Googlebot/2.1; +http://www.google.com/bot.html)"
66.249.64.7 - - [26/Nov/2013:04:36:25 -0600] "GET /fotos/main.php?g2_view=shutterfly.PrintPhotos&g2_itemId=2982&g2_returnUrl=http%3A%2F%2Fbuhoz.net%2Ffotos%2Fmain.php%3Fg2_itemId%3D2982&g2_authToken=619c292772a4 HTTP/1.1" 404 3280 "-" "Mozilla/5.0 (compatible; Googlebot/2.1; +http://www.google.com/bot.html)"
5.10.83.86 - - [26/Nov/2013:04:36:26 -0600] "GET /fotos/index.php/rss/feed/gallery/latest HTTP/1.1" 200 32528 "-" "Mozilla/5.0 (compatible; AhrefsBot/5.0; +http://ahrefs.com/robot/)"
66.249.64.8 - - [26/Nov/2013:04:36:46 -0600] "GET /fotos/main.php?g2_view=shutterfly.PrintPhotos&g2_itemId=7779&g2_returnUrl=http%3A%2F%2Fbuhoz.net%2Ffotos%2Fmain.php%3Fg2_itemId%3D7779&g2_authToken=7b716c5dbe35 HTTP/1.1" 404 3280 "-" "Mozilla/5.0 (compatible; Googlebot/2.1; +http://www.google.com/bot.html)"
66.249.64.1 - - [26/Nov/2013:04:37:07 -0600] "GET /fotos/main.php?g2_view=shutterfly.PrintPhotos&g2_itemId=916&g2_returnUrl=http%3A%2F%2Fbuhoz.net%2Ffotos%2Fmain.php%3Fg2_itemId%3D916&g2_authToken=66c23224f3ac HTTP/1.1" 404 3278 "-" "Mozilla/5.0 (compatible; Googlebot/2.1; +http://www.google.com/bot.html)"
5.10.83.3 - - [26/Nov/2013:04:37:21 -0600] "GET /fotos/index.php/2012/marzo-monte-alban/P1080126 HTTP/1.1" 200 9442 "-" "Mozilla/5.0 (compatible; AhrefsBot/5.0; +http://ahrefs.com/robot/)"
66.249.64.1 - - [26/Nov/2013:04:37:28 -0600] "GET /fotos/main.php?g2_view=shutterfly.PrintPhotos&g2_itemId=1663&g2_returnUrl=http%3A%2F%2Fbuhoz.net%2Ffotos%2Fmain.php%3Fg2_itemId%3D1663&g2_authToken=f1ff95596d6b HTTP/1.1" 404 3280 "-" "Mozilla/5.0 (compatible; Googlebot/2.1; +http://www.google.com/bot.html)"
66.249.64.1 - - [26/Nov/2013:04:37:49 -0600] "GET /fotos/main.php?g2_view=shutterfly.PrintPhotos&g2_itemId=9477&g2_returnUrl=http%3A%2F%2Fbuhoz.net%2Ffotos%2Fmain.php%3Fg2_itemId%3D9477&g2_authToken=2e4d261a3514 HTTP/1.1" 404 3280 "-" "Mozilla/5.0 (compatible; Googlebot/2.1; +http://www.google.com/bot.html)"
5.10.83.104 - - [26/Nov/2013:04:38:02 -0600] "GET /fotos/index.php/form/add/comments/294 HTTP/1.1" 200 1575 "-" "Mozilla/5.0 (compatible; AhrefsBot/5.0; +http://ahrefs.com/robot/)"
66.249.64.1 - - [26/Nov/2013:04:38:10 -0600] "GET /fotos/main.php?g2_view=shutterfly.PrintPhotos&g2_itemId=5452&g2_returnUrl=http%3A%2F%2Fbuhoz.net%2Ffotos%2Fmain.php%3Fg2_itemId%3D5452&g2_authToken=32cfad6e6bd4 HTTP/1.1" 404 3280 "-" "Mozilla/5.0 (compatible; Googlebot/2.1; +http://www.google.com/bot.html)"
5.10.83.95 - - [26/Nov/2013:04:38:17 -0600] "GET /fotos/index.php/2010/01-egipto/12-03saqqara/P1040589 HTTP/1.1" 200 9666 "-" "Mozilla/5.0 (compatible; AhrefsBot/5.0; +http://ahrefs.com/robot/)"
66.249.64.7 - - [26/Nov/2013:04:38:31 -0600] "GET /fotos/main.php?g2_view=shutterfly.PrintPhotos&g2_itemId=2258&g2_returnUrl=http%3A%2F%2Fbuhoz.net%2Ffotos%2Fmain.php%3Fg2_itemId%3D2258&g2_authToken=7c4572f7b413 HTTP/1.1" 404 3280 "-" "Mozilla/5.0 (compatible; Googlebot/2.1; +http://www.google.com/bot.html)"
180.76.6.16 - - [26/Nov/2013:04:38:40 -0600] "GET /fotos/index.php/2011/07-taramundi?page=32 HTTP/1.1" 200 12251 "-" "Mozilla/5.0 (compatible; Baiduspider/2.0; +http://www.baidu.com/search/spider.html)"
66.249.64.8 - - [26/Nov/2013:04:38:52 -0600] "GET /fotos/main.php?g2_view=shutterfly.PrintPhotos&g2_itemId=10623&g2_returnUrl=http%3A%2F%2Fbuhoz.net%2Ffotos%2Fmain.php%3Fg2_itemId%3D10623%26g2_imageViewsIndex%3D0&g2_authToken=085df24b6b39 HTTP/1.1" 404 3307 "-" "Mozilla/5.0 (compatible; Googlebot/2.1; +http://www.google.com/bot.html)"
66.249.64.8 - - [26/Nov/2013:04:39:13 -0600] "GET /fotos/main.php?g2_view=shutterfly.PrintPhotos&g2_itemId=379&g2_returnUrl=http%3A%2F%2Fbuhoz.net%2Ffotos%2Fmain.php%3Fg2_itemId%3D379&g2_authToken=b98039f28904 HTTP/1.1" 404 3278 "-" "Mozilla/5.0 (compatible; Googlebot/2.1; +http://www.google.com/bot.html)"
5.10.83.17 - - [26/Nov/2013:04:39:18 -0600] "GET /fotos/index.php/2012/mayo-visita-atlixco?show=4786 HTTP/1.1" 302 156 "-" "Mozilla/5.0 (compatible; AhrefsBot/5.0; +http://ahrefs.com/robot/)"
66.249.64.8 - - [26/Nov/2013:04:39:29 -0600] "GET /fotos/var/thumbs/2010/01-egipto/11-03templo-karnak/P1040433.JPG?m=1341729785 HTTP/1.1" 200 33671 "-" "Googlebot-Image/1.0"
66.249.64.8 - - [26/Nov/2013:04:39:34 -0600] "GET /fotos/main.php?g2_view=shutterfly.PrintPhotos&g2_itemId=1908&g2_returnUrl=http%3A%2F%2Fbuhoz.net%2Ffotos%2Fmain.php%3Fg2_itemId%3D1908&g2_authToken=6e979271d4a2 HTTP/1.1" 404 3280 "-" "Mozilla/5.0 (compatible; Googlebot/2.1; +http://www.google.com/bot.html)"
5.10.83.28 - - [26/Nov/2013:04:39:48 -0600] "GET /fotos/index.php/2010/03-04-viaje/c-berlin/10-museo-tecnologia?page=44 HTTP/1.1" 200 12625 "-" "Mozilla/5.0 (compatible; AhrefsBot/5.0; +http://ahrefs.com/robot/)"
66.249.64.7 - - [26/Nov/2013:04:39:55 -0600] "GET /fotos/main.php?g2_view=shutterfly.PrintPhotos&g2_itemId=9423&g2_returnUrl=http%3A%2F%2Fbuhoz.net%2Ffotos%2Fmain.php%3Fg2_itemId%3D9423&g2_authToken=c5b7678a86ab HTTP/1.1" 404 3280 "-" "Mozilla/5.0 (compatible; Googlebot/2.1; +http://www.google.com/bot.html)"
66.249.64.7 - - [26/Nov/2013:04:40:16 -0600] "GET /fotos/main.php?g2_view=shutterfly.PrintPhotos&g2_itemId=2267&g2_returnUrl=http%3A%2F%2Fbuhoz.net%2Ffotos%2Fmain.php%3Fg2_itemId%3D2267&g2_authToken=44ebafd3d25f HTTP/1.1" 404 3280 "-" "Mozilla/5.0 (compatible; Googlebot/2.1; +http://www.google.com/bot.html)"
66.249.64.8 - - [26/Nov/2013:04:40:37 -0600] "GET /fotos/main.php?g2_view=shutterfly.PrintPhotos&g2_itemId=9375&g2_returnUrl=http%3A%2F%2Fbuhoz.net%2Ffotos%2Fmain.php%3Fg2_itemId%3D9375&g2_authToken=9d18684be4f5 HTTP/1.1" 404 3280 "-" "Mozilla/5.0 (compatible; Googlebot/2.1; +http://www.google.com/bot.html)"
66.249.64.1 - - [26/Nov/2013:04:40:58 -0600] "GET /fotos/main.php?g2_view=shutterfly.PrintPhotos&g2_itemId=2811&g2_returnUrl=http%3A%2F%2Fbuhoz.net%2Ffotos%2Fmain.php%3Fg2_itemId%3D2811&g2_authToken=35b920592eea HTTP/1.1" 404 3280 "-" "Mozilla/5.0 (compatible; Googlebot/2.1; +http://www.google.com/bot.html)"
5.10.83.17 - - [26/Nov/2013:04:41:03 -0600] "GET /fotos/index.php/form/add/comments/1971 HTTP/1.1" 200 1577 "-" "Mozilla/5.0 (compatible; AhrefsBot/5.0; +http://ahrefs.com/robot/)"
