66.249.64.1 - - [26/Nov/2013:04:41:19 -0600] "GET /fotos/main.php?g2_view=shutterfly.PrintPhotos&g2_itemId=4126&g2_returnUrl=http%3A%2F%2Fbuhoz.net%2Ffotos%2Fmain.php%3Fg2_itemId%3D4126%26g2_imageViewsIndex%3D1&g2_authToken=4b1e449dd555 HTTP/1.1" 404 3305 "-" "Mozilla/5.0 (compatible; Googlebot/2.1; +http://www.google.com/bot.html)"
66.249.64.8 - - [26/Nov/2013:04:41:40 -0600] "GET /fotos/main.php?g2_view=shutterfly.PrintPhotos&g2_itemId=11677&g2_returnUrl=http%3A%2F%2Fbuhoz.net%2Ffotos%2Fmain.php%3Fg2_itemId%3D11677&g2_authToken=7d884688b266 HTTP/1.1" 404 3282 "-" "Mozilla/5.0 (compatible; Googlebot/2.1; +http://www.google.com/bot.html)"
66.249.64.1 - - [26/Nov/2013:04:42:01 -0600] "GET /fotos/main.php?g2_view=shutterfly.PrintPhotos&g2_itemId=861&g2_returnUrl=http%3A%2F%2Fbuhoz.net%2Ffotos%2Fmain.php%3Fg2_itemId%3D861%26g2_imageViewsIndex%3D1&g2_authToken=06e9c9031a79 HTTP/1.1" 404 3303 "-" "Mozilla/5.0 (compatible; Googlebot/2.1; +http://www.google.com/bot.html)"
66.249.64.8 - - [26/Nov/2013:04:42:22 -0600] "GET /fotos/main.php?g2_view=shutterfly.PrintPhotos&g2_itemId=11662&g2_returnUrl=http%3A%2F%2Fbuhoz.net%2Ffotos%2Fmain.php%3Fg2_itemId%3D11662%26g2_imageViewsIndex%3D0&g2_authToken=cda043a96d85 HTTP/1.1" 404 3307 "-" "Mozilla/5.0 (compatible; Googlebot/2.1; +http://www.google.com/bot.html)"
5.10.83.11 - - [26/Nov/2013:04:42:42 -0600] "GET /fotos/var/albums/2010/01-egipto/10-01templo-edfu/P1040165.JPG?m=1341729309 HTTP/1.1" 200 2507939 "-" "Mozilla/5.0 (compatible; AhrefsBot/5.0; +http://ahrefs.com/robot/)"
66.249.64.7 - - [26/Nov/2013:04:42:43 -0600] "GET /fotos/main.php?g2_view=shutterfly.PrintPhotos&g2_itemId=10725&g2_returnUrl=http%3A%2F%2Fbuhoz.net%2Ffotos%2Fmain.php%3Fg2_itemId%3D10725%26g2_imageViewsIndex%3D1&g2_authToken=e787888cc47d HTTP/1.1" 404 3307 "-" "Mozilla/5.0 (compatible; Googlebot/2.1; +http://www.google.com/bot.html)"
66.249.64.7 - - [26/Nov/2013:04:43:04 -0600] "GET /fotos/main.php?g2_view=shutterfly.PrintPhotos&g2_itemId=9806&g2_returnUrl=http%3A%2F%2Fbuhoz.net%2Ffotos%2Fmain.php%3Fg2_itemId%3D9806&g2_authToken=4faf963c1aa7 HTTP/1.1" 404 3280 "-" "Mozilla/5.0 (compatible; Googlebot/2.1; +http://www.google.com/bot.html)"
66.249.64.7 - - [26/Nov/2013:04:43:25 -0600] "GET /fotos/var/thumbs/2012/marzo-tule/P1080204.JPG?m=1342134449 HTTP/1.1" 200 37396 "-" "Googlebot-Image/1.0"
66.249.64.1 - - [26/Nov/2013:04:43:26 -0600] "GET /fotos/main.php?g2_view=shutterfly.PrintPhotos&g2_itemId=6180&g2_returnUrl=http%3A%2F%2Fbuhoz.net%2Ffotos%2Fmain.php%3Fg2_itemId%3D6180&g2_authToken=2d8cd2af8eb2 HTTP/1.1" 404 3280 "-" "Mozilla/5.0 (compatible; Googlebot/2.1; +http://www.google.com/bot.html)"
66.249.64.1 - - [26/Nov/2013:04:43:46 -0600] "GET /fotos/main.php?g2_view=shutterfly.PrintPhotos&g2_itemId=1313&g2_returnUrl=http%3A%2F%2Fbuhoz.net%2Ffotos%2Fmain.php%3Fg2_itemId%3D1313&g2_authToken=c9e226bbb357 HTTP/1.1" 404 3280 "-" "Mozilla/5.0 (compatible; Googlebot/2.1; +http://www.google.com/bot.html)"
66.249.64.7 - - [26/Nov/2013:04:44:07 -0600] "GET /fotos/main.php?g2_view=shutterfly.PrintPhotos&g2_itemId=6249&g2_returnUrl=http%3A%2F%2Fbuhoz.net%2Ffotos%2Fmain.php%3Fg2_itemId%3D6249&g2_authToken=8a4cbed46a2b HTTP/1.1" 404 3280 "-" "Mozilla/5.0 (compatible; Googlebot/2.1; +http://www.google.com/bot.html)"
66.249.64.7 - - [26/Nov/2013:04:44:28 -0600] "GET /fotos/main.php?g2_view=shutterfly.PrintPhotos&g2_itemId=4859&g2_returnUrl=http%3A%2F%2Fbuhoz.net%2Ffotos%2Fmain.php%3Fg2_itemId%3D4859&g2_authToken=2c53c9a2a8a0 HTTP/1.1" 404 3280 "-" "Mozilla/5.0 (compatible; Googlebot/2.1; +http://www.google.com/bot.html)"
208.115.113.85 - - [26/Nov/2013:04:44:43 -0600] "GET /robots.txt HTTP/1.1" 404 3118 "-" "Mozilla/5.0 (compatible; Ezooms/1.0; ezooms.bot@gmail.com)"
66.249.64.1 - - [26/Nov/2013:04:44:49 -0600] "GET /fotos/main.php?g2_view=shutterfly.PrintPhotos&g2_itemId=2282&g2_returnUrl=http%3A%2F%2Fbuhoz.net%2Ffotos%2Fmain.php%3Fg2_itemId%3D2282&g2_authToken=651e0db994da HTTP/1.1" 404 3280 "-" "Mozilla/5.0 (compatible; Googlebot/2.1; +http://www.google.com/bot.html)"
66.249.64.7 - - [26/Nov/2013:04:45:10 -0600] "GET /fotos/main.php?g2_view=shutterfly.PrintPhotos&g2_itemId=4729&g2_returnUrl=http%3A%2F%2Fbuhoz.net%2Ffotos%2Fmain.php%3Fg2_itemId%3D4729&g2_authToken=8a84851c5566 HTTP/1.1" 404 3280 "-" "Mozilla/5.0 (compatible; Googlebot/2.1; +http://www.google.com/bot.html)"
66.249.64.1 - - [26/Nov/2013:04:45:31 -0600] "GET /fotos/main.php?g2_view=shutterfly.PrintPhotos&g2_itemId=5531&g2_returnUrl=http%3A%2F%2Fbuhoz.net%2Ffotos%2Fmain.php%3Fg2_itemId%3D5531&g2_authToken=f7cd80d560cb HTTP/1.1" 404 3280 "-" "Mozilla/5.0 (compatible; Googlebot/2.1; +http://www.google.com/bot.html)"
66.249.64.8 - - [26/Nov/2013:04:45:52 -0600] "GET /fotos/main.php?g2_view=shutterfly.PrintPhotos&g2_itemId=130&g2_returnUrl=http%3A%2F%2Fbuhoz.net%2Ffotos%2Fmain.php%3Fg2_itemId%3D130&g2_authToken=f0efc14a8931 HTTP/1.1" 404 3278 "-" "Mozilla/5.0 (compatible; Googlebot/2.1; +http://www.google.com/bot.html)"
66.249.64.1 - - [26/Nov/2013:04:46:13 -0600] "GET /fotos/main.php?g2_view=shutterfly.PrintPhotos&g2_itemId=5937&g2_returnUrl=http%3A%2F%2Fbuhoz.net%2Ffotos%2Fmain.php%3Fg2_itemId%3D5937&g2_authToken=fba04472f73e HTTP/1.1" 404 3280 "-" "Mozilla/5.0 (compatible; Googlebot/2.1; +http://www.google.com/bot.html)"
66.249.64.1 - - [26/Nov/2013:04:46:34 -0600] "GET /fotos/main.php?g2_view=shutterfly.PrintPhotos&g2_itemId=672&g2_returnUrl=http%3A%2F%2Fbuhoz.net%2Ffotos%2Fmain.php%3Fg2_itemId%3D672&g2_authToken=512d36579fb0 HTTP/1.1" 404 3278 "-" "Mozilla/5.0 (compatible; Googlebot/2.1; +http://www.google.com/bot.html)"
66.249.64.8 - - [26/Nov/2013:04:46:55 -0600] "GET /fotos/main.php?g2_view=shutterfly.PrintPhotos&g2_itemId=6020&g2_returnUrl=http%3A%2F%2Fbuhoz.net%2Ffotos%2Fmain.php%3Fg2_itemId%3D6020&g2_authToken=740b1cce66a5 HTTP/1.1" 404 3280 "-" "Mozilla/5.0 (compatible; Googlebot/2.1; +http://www.google.com/bot.html)"
66.249.64.1 - - [26/Nov/2013:04:47:16 -0600] "GET /fotos/main.php?g2_view=shutterfly.PrintPhotos&g2_itemId=6041&g2_returnUrl=http%3A%2F%2Fbuhoz.net%2Ffotos%2Fmain.php%3Fg2_itemId%3D6041&g2_authToken=35a23951bcaa HTTP/1.1" 404 3280 "-" "Mozilla/5.0 (compatible; Googlebot/2.1; +http://www.google.com/bot.html)"
66.249.64.1 - - [26/Nov/2013:04:47:19 -0600] "GET /fotos/var/resizes/2011/02-sevilla/P1060796.JPG?m=1341764576 HTTP/1.1" 200 82215 "-" "Googlebot-Image/1.0"
66.249.64.1 - - [26/Nov/2013:04:47:36 -0600] "GET /fotos/main.php?g2_view=shutterfly.PrintPhotos&g2_itemId=9046&g2_returnUrl=http%3A%2F%2Fbuhoz.net%2Ffotos%2Fmain.php%3Fg2_itemId%3D9046&g2_authToken=bdb8a6ddb73b HTTP/1.1" 404 3280 "-" "Mozilla/5.0 (compatible; Googlebot/2.1; +http://www.google.com/bot.html)"
66.249.64.1 - - [26/Nov/2013:04:47:57 -0600] "GET /fotos/main.php?g2_view=shutterfly.PrintPhotos&g2_itemId=9199&g2_returnUrl=http%3A%2F%2Fbuhoz.net%2Ffotos%2Fmain.php%3Fg2_itemId%3D9199%26g2_imageViewsIndex%3D1&g2_authToken=1e437d38543c HTTP/1.1" 404 3305 "-" "Mozilla/5.0 (compatible; Googlebot/2.1; +http://www.google.com/bot.html)"
66.249.64.7 - - [26/Nov/2013:04:48:18 -0600] "GET /fotos/main.php?g2_view=shutterfly.PrintPhotos&g2_itemId=8508&g2_returnUrl=http%3A%2F%2Fbuhoz.net%2Ffotos%2Fmain.php%3Fg2_itemId%3D8508&g2_authToken=31b8efad16fe HTTP/1.1" 404 3280 "-" "Mozilla/5.0 (compatible; Googlebot/2.1; +http://www.google.com/bot.html)"
66.249.64.8 - - [26/Nov/2013:04:48:39 -0600] "GET /fotos/main.php?g2_view=shutterfly.PrintPhotos&g2_itemId=6102&g2_returnUrl=http%3A%2F%2Fbuhoz.net%2Ffotos%2Fmain.php%3Fg2_itemId%3D6102%26g2_imageViewsIndex%3D1&g2_authToken=40a15c614a6a HTTP/1.1" 404 3305 "-" "Mozilla/5.0 (compatible; Googlebot/2.1; +http://www.google.com/bot.html)"
66.249.64.1 - - [26/Nov/2013:04:49:00 -0600] "GET /fotos/main.php?g2_view=shutterfly.PrintPhotos&g2_itemId=9630&g2_returnUrl=http%3A%2F%2Fbuhoz.net%2Ffotos%2Fmain.php%3Fg2_itemId%3D9630%26g2_imageViewsIndex%3D1&g2_authToken=f51cecbda730 HTTP/1.1" 404 3305 "-" "Mozilla/5.0 (compatible; Googlebot/2.1; +http://www.google.com/bot.html)"
5.10.83.86 - - [26/Nov/2013:04:49:05 -0600] "GET /fotos/index.php/form/add/comments/4982 HTTP/1.1" 200 1577 "-" "Mozilla/5.0 (compatible; AhrefsBot/5.0; +http://ahrefs.com/robot/)"
5.10.83.41 - - [26/Nov/2013:04:49:14 -0600] "GET /fotos/var/albums/2010/06-guimaraes/P1060374.JPG?m=1341763108 HTTP/1.1" 200 1556719 "-" "Mozilla/5.0 (compatible; AhrefsBot/5.0; +http://ahrefs.com/robot/)"
66.249.64.7 - - [26/Nov/2013:04:49:21 -0600] "GET /fotos/index.php/2007_001/04/granada/P1000146 HTTP/1.1" 200 9818 "-" "Mozilla/5.0 (compatible; Googlebot/2.1; +http://www.google.com/bot.html)"
5.10.83.86 - - [26/Nov/2013:04:49:26 -0600] "GET /fotos/var/albums/2013/yuyu/P1090420.JPG?m=1367882719 HTTP/1.1" 200 1325592 "-" "Mozilla/5.0 (compatible; AhrefsBot/5.0; +http://ahrefs.com/robot/)"
5.10.83.17 - - [26/Nov/2013:04:49:25 -0600] "GET /fotos/var/albums/2012/marzo-monte-alban/P1080079.JPG?m=1342128092 HTTP/1.1" 200 1493800 "-" "Mozilla/5.0 (compatible; AhrefsBot/5.0; +http://ahrefs.com/robot/)"
66.249.64.7 - - [26/Nov/2013:04:49:43 -0600] "GET /fotos/index.php/2010/01-senderismo/P1040749 HTTP/1.1" 200 9430 "-" "Mozilla/5.0 (compatible; Googlebot/2.1; +http://www.google.com/bot.html)"
66.249.64.7 - - [26/Nov/2013:04:50:03 -0600] "GET /fotos/index.php/2009/08/04/P1030329 HTTP/1.1" 200 9519 "-" "Mozilla/5.0 (compatible; Googlebot/2.1; +http://www.google.com/bot.html)"
66.249.64.7 - - [26/Nov/2013:04:50:24 -0600] "GET /fotos/index.php/2009/08/04/P1030330 HTTP/1.1" 200 9519 "-" "Mozilla/5.0 (compatible; Googlebot/2.1; +http://www.google.com/bot.html)"
66.249.64.8 - - [26/Nov/2013:04:51:11 -0600] "GET /fotos/var/thumbs/2010/01-egipto/11-03templo-karnak/P1040427.JPG?m=1341729771 HTTP/1.1" 200 33666 "-" "Googlebot-Image/1.0"
5.10.83.17 - - [26/Nov/2013:04:52:08 -0600] "GET /fotos/index.php/2007_001/04/granada?page=3 HTTP/1.1" 200 12534 "-" "Mozilla/5.0 (compatible; AhrefsBot/5.0; +http://ahrefs.com/robot/)"
5.10.83.11 - - [26/Nov/2013:04:52:09 -0600] "GET /fotos/index.php/2010/10-albacete?show=3888 HTTP/1.1" 302 154 "-" "Mozilla/5.0 (compatible; AhrefsBot/5.0; +http://ahrefs.com/robot/)"
220.181.108.144 - - [26/Nov/2013:04:53:33 -0600] "GET / HTTP/1.1" 200 1601 "-" "Mozilla/5.0 (compatible; Baiduspider/2.0; +http://www.baidu.com/search/spider.html)"
123.125.71.101 - - [26/Nov/2013:04:53:56 -0600] "GET / HTTP/1.1" 200 1601 "-" "Mozilla/5.0 (compatible; Baiduspider/2.0; +http://www.baidu.com/search/spider.html)"
66.249.64.8 - - [26/Nov/2013:04:55:07 -0600] "GET /fotos/var/thumbs/2010/01-egipto/11-03templo-karnak/P1040456.JPG?m=1341729853 HTTP/1.1" 200 33072 "-" "Googlebot-Image/1.0"
37.139.52.23 - - [26/Nov/2013:04:56:36 -0600] "GET /lluvia HTTP/1.1" 200 4692 "http://pspstrana.ru/" "Mozilla/4.0 (compatible; MSIE 7.0b; Windows NT 6.0)"
37.139.52.23 - - [26/Nov/2013:04:56:37 -0600] "GET /lluvia HTTP/1.1" 200 4692 "http://pspstrana.ru/" "Mozilla/4.0 (compatible; MSIE 7.0b; Windows NT 6.0)"
37.139.52.23 - - [26/Nov/2013:04:56:38 -0600] "GET /lluvia HTTP/1.1" 200 4692 "http://pspstrana.ru/" "Mozilla/4.0 (compatible; MSIE 7.0b; Windows NT 6.0)"
66.249.64.8 - - [26/Nov/2013:04:56:46 -0600] "GET /fotos/index.php/2010/01-egipto/10-03templo-luxor/P1040255 HTTP/1.1" 200 9710 "-" "Mozilla/5.0 (compatible; Googlebot/2.1; +http://www.google.com/bot.html)"
157.56.229.186 - - [26/Nov/2013:04:58:13 -0600] "GET /robots.txt HTTP/1.1" 404 3118 "-" "Mozilla/5.0 (compatible; bingbot/2.0; +http://www.bing.com/bingbot.htm)"
66.249.64.1 - - [26/Nov/2013:04:59:00 -0600] "GET /fotos/var/resizes/2010/01-senderismo/P1040758.JPG?m=1341730298 HTTP/1.1" 200 130882 "-" "Googlebot-Image/1.0"
157.56.229.186 - - [26/Nov/2013:05:00:12 -0600] "GET /fotos/index.php/2009/08/07/P1030420 HTTP/1.1" 200 9474 "-" "Mozilla/5.0 (compatible; bingbot/2.0; +http://www.bing.com/bingbot.htm)"
66.249.64.8 - - [26/Nov/2013:05:00:43 -0600] "GET /fotos/index.php/items/dimensions/1396 HTTP/1.1" 200 56 "-" "Mozilla/5.0 (compatible; Googlebot/2.1; +http://www.google.com/bot.html)"
66.249.64.7 - - [26/Nov/2013:05:00:49 -0600] "GET /fotos/var/albums/2009/08/04/P1030330.JPG?m=1341727477 HTTP/1.1" 200 590627 "-" "Googlebot-Image/1.0"
108.174.151.213 - - [26/Nov/2013:05:00:55 -0600] "GET /ws/word.php HTTP/1.0" 200 11 "-" "-"
108.174.151.213 - - [26/Nov/2013:05:00:56 -0600] "GET /ws/figlet.php?t=deshollinar&id=question HTTP/1.0" 200 329 "-" "-"
66.249.64.8 - - [26/Nov/2013:05:00:55 -0600] "GET /jose/docencia/programacion-estructurada/1-el-lenguaje-de-programacion-ansi-c HTTP/1.1" 200 7861 "-" "Mozilla/5.0 (iPhone; CPU iPhone OS 6_0 like Mac OS X) AppleWebKit/536.26 (KHTML, like Gecko) Version/6.0 Mobile/10A5376e Safari/8536.25 (compatible; Googlebot-Mobile/2.1; +http://www.google.com/bot.html)"
66.249.64.1 - - [26/Nov/2013:05:01:21 -0600] "GET /fotos/index.php/items/dimensions/2316 HTTP/1.1" 200 57 "-" "Mozilla/5.0 (compatible; Googlebot/2.1; +http://www.google.com/bot.html)"
66.249.64.8 - - [26/Nov/2013:05:01:34 -0600] "GET /fotos/main.php?g2_view=shutterfly.PrintPhotos&g2_itemId=1923&g2_returnUrl=http%3A%2F%2Fbuhoz.net%2Ffotos%2Fmain.php%3Fg2_itemId%3D1923&g2_authToken=c3136a530a04 HTTP/1.1" 404 3280 "-" "Mozilla/5.0 (compatible; Googlebot/2.1; +http://www.google.com/bot.html)"
66.249.64.8 - - [26/Nov/2013:05:02:20 -0600] "GET /fotos/index.php/items/dimensions/1397 HTTP/1.1" 200 56 "-" "Mozilla/5.0 (compatible; Googlebot/2.1; +http://www.google.com/bot.html)"
66.249.64.7 - - [26/Nov/2013:05:02:55 -0600] "GET /fotos/var/albums/2009/08/04/P1030305.JPG?m=1341727431 HTTP/1.1" 200 589264 "-" "Googlebot-Image/1.0"
66.249.64.7 - - [26/Nov/2013:05:02:55 -0600] "GET /fotos/var/albums/2010/01-egipto/10-03templo-luxor/P1040255.JPG?m=1341729404 HTTP/1.1" 200 1246614 "-" "Googlebot-Image/1.0"
66.249.64.7 - - [26/Nov/2013:05:03:38 -0600] "GET /fotos/index.php/form/add/comments/1397 HTTP/1.1" 200 1577 "-" "Mozilla/5.0 (compatible; Googlebot/2.1; +http://www.google.com/bot.html)"
66.249.64.8 - - [26/Nov/2013:05:04:52 -0600] "GET /fotos/index.php/form/add/comments/1396 HTTP/1.1" 200 1577 "-" "Mozilla/5.0 (compatible; Googlebot/2.1; +http://www.google.com/bot.html)"
201.215.244.24 - - [26/Nov/2013:05:05:17 -0600] "GET /public/libros/db/CouchDB-TheDefinitiveGuide.pdf HTTP/1.1" 200 3713007 "https://www.google.cl/" "Mozilla/5.0 (Windows NT 6.1; WOW64) AppleWebKit/537.36 (KHTML, like Gecko) Chrome/31.0.1650.57 Safari/537.36"
201.215.244.24 - - [26/Nov/2013:05:05:20 -0600] "GET /favicon.ico HTTP/1.1" 404 3119 "-" "Mozilla/5.0 (Windows NT 6.1; WOW64) AppleWebKit/537.36 (KHTML, like Gecko) Chrome/31.0.1650.57 Safari/537.36"
201.215.244.24 - - [26/Nov/2013:05:05:20 -0600] "GET /public/libros/db/CouchDB-TheDefinitiveGuide.pdf HTTP/1.1" 206 32768 "http://buhoz.net/public/libros/db/CouchDB-TheDefinitiveGuide.pdf" "Mozilla/5.0 (Windows NT 6.1; WOW64) AppleWebKit/537.36 (KHTML, like Gecko) Chrome/31.0.1650.57 Safari/537.36"
201.215.244.24 - - [26/Nov/2013:05:05:21 -0600] "GET / HTTP/1.1" 200 1601 "-" "Mozilla/5.0 (Windows NT 6.1; WOW64) AppleWebKit/537.36 (KHTML, like Gecko) Chrome/31.0.1650.57 Safari/537.36"
201.215.244.24 - - [26/Nov/2013:05:05:21 -0600] "GET /public/libros/db/CouchDB-TheDefinitiveGuide.pdf HTTP/1.1" 206 3680239 "http://buhoz.net/public/libros/db/CouchDB-TheDefinitiveGuide.pdf" "Mozilla/5.0 (Windows NT 6.1; WOW64) AppleWebKit/537.36 (KHTML, like Gecko) Chrome/31.0.1650.57 Safari/537.36"
66.249.64.8 - - [26/Nov/2013:05:06:07 -0600] "GET /fotos/index.php/form/add/comments/2316 HTTP/1.1" 200 1577 "-" "Mozilla/5.0 (compatible; Googlebot/2.1; +http://www.google.com/bot.html)"
66.249.64.8 - - [26/Nov/2013:05:06:50 -0600] "GET /fotos/var/thumbs/2012/marzo-tule/P1080181.JPG?m=1342134348 HTTP/1.1" 200 37692 "-" "Googlebot-Image/1.0"
66.249.64.7 - - [26/Nov/2013:05:07:23 -0600] "GET /fotos/index.php/2010/01-senderismo?show=2316 HTTP/1.1" 302 144 "-" "Mozilla/5.0 (compatible; Googlebot/2.1; +http://www.google.com/bot.html)"
66.249.64.1 - - [26/Nov/2013:05:08:41 -0600] "GET /fotos/index.php/2009/08/04?show=1396 HTTP/1.1" 302 144 "-" "Mozilla/5.0 (compatible; Googlebot/2.1; +http://www.google.com/bot.html)"
66.249.64.8 - - [26/Nov/2013:05:08:42 -0600] "GET /fotos/index.php/2009/08/04?page=13 HTTP/1.1" 200 12137 "-" "Mozilla/5.0 (compatible; Googlebot/2.1; +http://www.google.com/bot.html)"
66.249.64.7 - - [26/Nov/2013:05:10:11 -0600] "GET /fotos/index.php/2009/08/04?show=1397 HTTP/1.1" 302 144 "-" "Mozilla/5.0 (compatible; Googlebot/2.1; +http://www.google.com/bot.html)"
66.249.64.8 - - [26/Nov/2013:05:10:42 -0600] "GET /fotos/var/thumbs/2010/01-egipto/11-03templo-karnak/P1040424.JPG?m=1341729763 HTTP/1.1" 200 17528 "-" "Googlebot-Image/1.0"
66.249.64.5 - - [26/Nov/2013:05:10:51 -0600] "GET /fotos/main.php?g2_view=shutterfly.PrintPhotos&g2_itemId=3450&g2_returnUrl=http%3A%2F%2Fwww.buhoz.net%2Ffotos%2Fmain.php%3Fg2_itemId%3D3450&g2_authToken=413f5e7bda53 HTTP/1.1" 404 3284 "-" "Mozilla/5.0 (compatible; Googlebot/2.1; +http://www.google.com/bot.html)"
66.249.64.1 - - [26/Nov/2013:05:10:53 -0600] "GET /fotos/main.php?g2_view=shutterfly.PrintPhotos&g2_itemId=5990&g2_returnUrl=http%3A%2F%2Fbuhoz.net%2Ffotos%2Fmain.php%3Fg2_itemId%3D5990&g2_authToken=64faa498e88d HTTP/1.1" 404 3280 "-" "Mozilla/5.0 (compatible; Googlebot/2.1; +http://www.google.com/bot.html)"
66.249.64.8 - - [26/Nov/2013:05:14:38 -0600] "GET /fotos/var/thumbs/2010/01-egipto/11-03templo-karnak/P1040439.JPG?m=1341729799 HTTP/1.1" 200 34045 "-" "Googlebot-Image/1.0"
66.249.64.7 - - [26/Nov/2013:05:18:31 -0600] "GET /fotos/var/albums/2011/02-sevilla/P1070082.JPG?m=1341765322 HTTP/1.1" 200 1620538 "-" "Googlebot-Image/1.0"
212.183.201.73 - - [26/Nov/2013:05:20:58 -0600] "GET /public/libros/autonomy_life/Manual-para-la-construccion-de-Hornos-caseros.pdf HTTP/1.1" 200 5612490 "http://www.google.es/url?sa=t&rct=j&q=&esrc=s&source=web&cd=8&ved=0CFwQFjAH&url=http%3A%2F%2Fbuhoz.net%2Fpublic%2Flibros%2Fautonomy_life%2FManual-para-la-construccion-de-Hornos-caseros.pdf&ei=GoKUUry3G6ey7AalhIGIDg&usg=AFQjCNH80DzJtdlqizDTl6ZBO1a4oopCiw&bvm=bv.57155469,d.ZGU" "Mozilla/5.0 (Windows NT 6.1; rv:25.0) Gecko/20100101 Firefox/25.0"
212.183.201.73 - - [26/Nov/2013:05:20:59 -0600] "GET /favicon.ico HTTP/1.1" 404 3119 "-" "Mozilla/5.0 (Windows NT 6.1; rv:25.0) Gecko/20100101 Firefox/25.0"
212.183.201.73 - - [26/Nov/2013:05:20:59 -0600] "GET /public/libros/autonomy_life/Manual-para-la-construccion-de-Hornos-caseros.pdf HTTP/1.1" 206 65536 "http://www.google.es/url?sa=t&rct=j&q=&esrc=s&source=web&cd=8&ved=0CFwQFjAH&url=http%3A%2F%2Fbuhoz.net%2Fpublic%2Flibros%2Fautonomy_life%2FManual-para-la-construccion-de-Hornos-caseros.pdf&ei=GoKUUry3G6ey7AalhIGIDg&usg=AFQjCNH80DzJtdlqizDTl6ZBO1a4oopCiw&bvm=bv.57155469,d.ZGU" "Mozilla/5.0 (Windows NT 6.1; rv:25.0) Gecko/20100101 Firefox/25.0"
212.183.201.73 - - [26/Nov/2013:05:21:00 -0600] "GET /public/libros/autonomy_life/Manual-para-la-construccion-de-Hornos-caseros.pdf HTTP/1.1" 206 41930 "http://www.google.es/url?sa=t&rct=j&q=&esrc=s&source=web&cd=8&ved=0CFwQFjAH&url=http%3A%2F%2Fbuhoz.net%2Fpublic%2Flibros%2Fautonomy_life%2FManual-para-la-construccion-de-Hornos-caseros.pdf&ei=GoKUUry3G6ey7AalhIGIDg&usg=AFQjCNH80DzJtdlqizDTl6ZBO1a4oopCiw&bvm=bv.57155469,d.ZGU" "Mozilla/5.0 (Windows NT 6.1; rv:25.0) Gecko/20100101 Firefox/25.0"
212.183.201.73 - - [26/Nov/2013:05:21:00 -0600] "GET /public/libros/autonomy_life/Manual-para-la-construccion-de-Hornos-caseros.pdf HTTP/1.1" 206 65536 "http://www.google.es/url?sa=t&rct=j&q=&esrc=s&source=web&cd=8&ved=0CFwQFjAH&url=http%3A%2F%2Fbuhoz.net%2Fpublic%2Flibros%2Fautonomy_life%2FManual-para-la-construccion-de-Hornos-caseros.pdf&ei=GoKUUry3G6ey7AalhIGIDg&usg=AFQjCNH80DzJtdlqizDTl6ZBO1a4oopCiw&bvm=bv.57155469,d.ZGU" "Mozilla/5.0 (Windows NT 6.1; rv:25.0) Gecko/20100101 Firefox/25.0"
212.183.201.73 - - [26/Nov/2013:05:21:00 -0600] "GET /public/libros/autonomy_life/Manual-para-la-construccion-de-Hornos-caseros.pdf HTTP/1.1" 206 65536 "http://www.google.es/url?sa=t&rct=j&q=&esrc=s&source=web&cd=8&ved=0CFwQFjAH&url=http%3A%2F%2Fbuhoz.net%2Fpublic%2Flibros%2Fautonomy_life%2FManual-para-la-construccion-de-Hornos-caseros.pdf&ei=GoKUUry3G6ey7AalhIGIDg&usg=AFQjCNH80DzJtdlqizDTl6ZBO1a4oopCiw&bvm=bv.57155469,d.ZGU" "Mozilla/5.0 (Windows NT 6.1; rv:25.0) Gecko/20100101 Firefox/25.0"
212.183.201.73 - - [26/Nov/2013:05:21:01 -0600] "GET /public/libros/autonomy_life/Manual-para-la-construccion-de-Hornos-caseros.pdf HTTP/1.1" 206 65536 "http://www.google.es/url?sa=t&rct=j&q=&esrc=s&source=web&cd=8&ved=0CFwQFjAH&url=http%3A%2F%2Fbuhoz.net%2Fpublic%2Flibros%2Fautonomy_life%2FManual-para-la-construccion-de-Hornos-caseros.pdf&ei=GoKUUry3G6ey7AalhIGIDg&usg=AFQjCNH80DzJtdlqizDTl6ZBO1a4oopCiw&bvm=bv.57155469,d.ZGU" "Mozilla/5.0 (Windows NT 6.1; rv:25.0) Gecko/20100101 Firefox/25.0"
212.183.201.73 - - [26/Nov/2013:05:21:01 -0600] "GET /public/libros/autonomy_life/Manual-para-la-construccion-de-Hornos-caseros.pdf HTTP/1.1" 206 65536 "http://www.google.es/url?sa=t&rct=j&q=&esrc=s&source=web&cd=8&ved=0CFwQFjAH&url=http%3A%2F%2Fbuhoz.net%2Fpublic%2Flibros%2Fautonomy_life%2FManual-para-la-construccion-de-Hornos-caseros.pdf&ei=GoKUUry3G6ey7AalhIGIDg&usg=AFQjCNH80DzJtdlqizDTl6ZBO1a4oopCiw&bvm=bv.57155469,d.ZGU" "Mozilla/5.0 (Windows NT 6.1; rv:25.0) Gecko/20100101 Firefox/25.0"
212.183.201.73 - - [26/Nov/2013:05:21:02 -0600] "GET /public/libros/autonomy_life/Manual-para-la-construccion-de-Hornos-caseros.pdf HTTP/1.1" 206 65536 "http://www.google.es/url?sa=t&rct=j&q=&esrc=s&source=web&cd=8&ved=0CFwQFjAH&url=http%3A%2F%2Fbuhoz.net%2Fpublic%2Flibros%2Fautonomy_life%2FManual-para-la-construccion-de-Hornos-caseros.pdf&ei=GoKUUry3G6ey7AalhIGIDg&usg=AFQjCNH80DzJtdlqizDTl6ZBO1a4oopCiw&bvm=bv.57155469,d.ZGU" "Mozilla/5.0 (Windows NT 6.1; rv:25.0) Gecko/20100101 Firefox/25.0"
212.183.201.73 - - [26/Nov/2013:05:21:02 -0600] "GET /public/libros/autonomy_life/Manual-para-la-construccion-de-Hornos-caseros.pdf HTTP/1.1" 206 65536 "http://www.google.es/url?sa=t&rct=j&q=&esrc=s&source=web&cd=8&ved=0CFwQFjAH&url=http%3A%2F%2Fbuhoz.net%2Fpublic%2Flibros%2Fautonomy_life%2FManual-para-la-construccion-de-Hornos-caseros.pdf&ei=GoKUUry3G6ey7AalhIGIDg&usg=AFQjCNH80DzJtdlqizDTl6ZBO1a4oopCiw&bvm=bv.57155469,d.ZGU" "Mozilla/5.0 (Windows NT 6.1; rv:25.0) Gecko/20100101 Firefox/25.0"
212.183.201.73 - - [26/Nov/2013:05:21:03 -0600] "GET /public/libros/autonomy_life/Manual-para-la-construccion-de-Hornos-caseros.pdf HTTP/1.1" 206 65536 "http://www.google.es/url?sa=t&rct=j&q=&esrc=s&source=web&cd=8&ved=0CFwQFjAH&url=http%3A%2F%2Fbuhoz.net%2Fpublic%2Flibros%2Fautonomy_life%2FManual-para-la-construccion-de-Hornos-caseros.pdf&ei=GoKUUry3G6ey7AalhIGIDg&usg=AFQjCNH80DzJtdlqizDTl6ZBO1a4oopCiw&bvm=bv.57155469,d.ZGU" "Mozilla/5.0 (Windows NT 6.1; rv:25.0) Gecko/20100101 Firefox/25.0"
212.183.201.73 - - [26/Nov/2013:05:21:03 -0600] "GET /public/libros/autonomy_life/Manual-para-la-construccion-de-Hornos-caseros.pdf HTTP/1.1" 206 65536 "http://www.google.es/url?sa=t&rct=j&q=&esrc=s&source=web&cd=8&ved=0CFwQFjAH&url=http%3A%2F%2Fbuhoz.net%2Fpublic%2Flibros%2Fautonomy_life%2FManual-para-la-construccion-de-Hornos-caseros.pdf&ei=GoKUUry3G6ey7AalhIGIDg&usg=AFQjCNH80DzJtdlqizDTl6ZBO1a4oopCiw&bvm=bv.57155469,d.ZGU" "Mozilla/5.0 (Windows NT 6.1; rv:25.0) Gecko/20100101 Firefox/25.0"
212.183.201.73 - - [26/Nov/2013:05:21:03 -0600] "GET /public/libros/autonomy_life/Manual-para-la-construccion-de-Hornos-caseros.pdf HTTP/1.1" 206 65536 "http://www.google.es/url?sa=t&rct=j&q=&esrc=s&source=web&cd=8&ved=0CFwQFjAH&url=http%3A%2F%2Fbuhoz.net%2Fpublic%2Flibros%2Fautonomy_life%2FManual-para-la-construccion-de-Hornos-caseros.pdf&ei=GoKUUry3G6ey7AalhIGIDg&usg=AFQjCNH80DzJtdlqizDTl6ZBO1a4oopCiw&bvm=bv.57155469,d.ZGU" "Mozilla/5.0 (Windows NT 6.1; rv:25.0) Gecko/20100101 Firefox/25.0"
212.183.201.73 - - [26/Nov/2013:05:21:04 -0600] "GET /public/libros/autonomy_life/Manual-para-la-construccion-de-Hornos-caseros.pdf HTTP/1.1" 206 65536 "http://www.google.es/url?sa=t&rct=j&q=&esrc=s&source=web&cd=8&ved=0CFwQFjAH&url=http%3A%2F%2Fbuhoz.net%2Fpublic%2Flibros%2Fautonomy_life%2FManual-para-la-construccion-de-Hornos-caseros.pdf&ei=GoKUUry3G6ey7AalhIGIDg&usg=AFQjCNH80DzJtdlqizDTl6ZBO1a4oopCiw&bvm=bv.57155469,d.ZGU" "Mozilla/5.0 (Windows NT 6.1; rv:25.0) Gecko/20100101 Firefox/25.0"
212.183.201.73 - - [26/Nov/2013:05:21:04 -0600] "GET /public/libros/autonomy_life/Manual-para-la-construccion-de-Hornos-caseros.pdf HTTP/1.1" 206 65536 "http://www.google.es/url?sa=t&rct=j&q=&esrc=s&source=web&cd=8&ved=0CFwQFjAH&url=http%3A%2F%2Fbuhoz.net%2Fpublic%2Flibros%2Fautonomy_life%2FManual-para-la-construccion-de-Hornos-caseros.pdf&ei=GoKUUry3G6ey7AalhIGIDg&usg=AFQjCNH80DzJtdlqizDTl6ZBO1a4oopCiw&bvm=bv.57155469,d.ZGU" "Mozilla/5.0 (Windows NT 6.1; rv:25.0) Gecko/20100101 Firefox/25.0"
212.183.201.73 - - [26/Nov/2013:05:21:05 -0600] "GET /public/libros/autonomy_life/Manual-para-la-construccion-de-Hornos-caseros.pdf HTTP/1.1" 206 65536 "http://www.google.es/url?sa=t&rct=j&q=&esrc=s&source=web&cd=8&ved=0CFwQFjAH&url=http%3A%2F%2Fbuhoz.net%2Fpublic%2Flibros%2Fautonomy_life%2FManual-para-la-construccion-de-Hornos-caseros.pdf&ei=GoKUUry3G6ey7AalhIGIDg&usg=AFQjCNH80DzJtdlqizDTl6ZBO1a4oopCiw&bvm=bv.57155469,d.ZGU" "Mozilla/5.0 (Windows NT 6.1; rv:25.0) Gecko/20100101 Firefox/25.0"
212.183.201.73 - - [26/Nov/2013:05:21:05 -0600] "GET /public/libros/autonomy_life/Manual-para-la-construccion-de-Hornos-caseros.pdf HTTP/1.1" 206 65536 "http://www.google.es/url?sa=t&rct=j&q=&esrc=s&source=web&cd=8&ved=0CFwQFjAH&url=http%3A%2F%2Fbuhoz.net%2Fpublic%2Flibros%2Fautonomy_life%2FManual-para-la-construccion-de-Hornos-caseros.pdf&ei=GoKUUry3G6ey7AalhIGIDg&usg=AFQjCNH80DzJtdlqizDTl6ZBO1a4oopCiw&bvm=bv.57155469,d.ZGU" "Mozilla/5.0 (Windows NT 6.1; rv:25.0) Gecko/20100101 Firefox/25.0"
212.183.201.73 - - [26/Nov/2013:05:21:05 -0600] "GET /public/libros/autonomy_life/Manual-para-la-construccion-de-Hornos-caseros.pdf HTTP/1.1" 206 65536 "http://www.google.es/url?sa=t&rct=j&q=&esrc=s&source=web&cd=8&ved=0CFwQFjAH&url=http%3A%2F%2Fbuhoz.net%2Fpublic%2Flibros%2Fautonomy_life%2FManual-para-la-construccion-de-Hornos-caseros.pdf&ei=GoKUUry3G6ey7AalhIGIDg&usg=AFQjCNH80DzJtdlqizDTl6ZBO1a4oopCiw&bvm=bv.57155469,d.ZGU" "Mozilla/5.0 (Windows NT 6.1; rv:25.0) Gecko/20100101 Firefox/25.0"
212.183.201.73 - - [26/Nov/2013:05:21:05 -0600] "GET /public/libros/autonomy_life/Manual-para-la-construccion-de-Hornos-caseros.pdf HTTP/1.1" 206 65536 "http://www.google.es/url?sa=t&rct=j&q=&esrc=s&source=web&cd=8&ved=0CFwQFjAH&url=http%3A%2F%2Fbuhoz.net%2Fpublic%2Flibros%2Fautonomy_life%2FManual-para-la-construccion-de-Hornos-caseros.pdf&ei=GoKUUry3G6ey7AalhIGIDg&usg=AFQjCNH80DzJtdlqizDTl6ZBO1a4oopCiw&bvm=bv.57155469,d.ZGU" "Mozilla/5.0 (Windows NT 6.1; rv:25.0) Gecko/20100101 Firefox/25.0"
212.183.201.73 - - [26/Nov/2013:05:21:06 -0600] "GET /public/libros/autonomy_life/Manual-para-la-construccion-de-Hornos-caseros.pdf HTTP/1.1" 206 65536 "http://www.google.es/url?sa=t&rct=j&q=&esrc=s&source=web&cd=8&ved=0CFwQFjAH&url=http%3A%2F%2Fbuhoz.net%2Fpublic%2Flibros%2Fautonomy_life%2FManual-para-la-construccion-de-Hornos-caseros.pdf&ei=GoKUUry3G6ey7AalhIGIDg&usg=AFQjCNH80DzJtdlqizDTl6ZBO1a4oopCiw&bvm=bv.57155469,d.ZGU" "Mozilla/5.0 (Windows NT 6.1; rv:25.0) Gecko/20100101 Firefox/25.0"
212.183.201.73 - - [26/Nov/2013:05:21:06 -0600] "GET /public/libros/autonomy_life/Manual-para-la-construccion-de-Hornos-caseros.pdf HTTP/1.1" 206 65536 "http://www.google.es/url?sa=t&rct=j&q=&esrc=s&source=web&cd=8&ved=0CFwQFjAH&url=http%3A%2F%2Fbuhoz.net%2Fpublic%2Flibros%2Fautonomy_life%2FManual-para-la-construccion-de-Hornos-caseros.pdf&ei=GoKUUry3G6ey7AalhIGIDg&usg=AFQjCNH80DzJtdlqizDTl6ZBO1a4oopCiw&bvm=bv.57155469,d.ZGU" "Mozilla/5.0 (Windows NT 6.1; rv:25.0) Gecko/20100101 Firefox/25.0"
212.183.201.73 - - [26/Nov/2013:05:21:07 -0600] "GET /public/libros/autonomy_life/Manual-para-la-construccion-de-Hornos-caseros.pdf HTTP/1.1" 206 65536 "http://www.google.es/url?sa=t&rct=j&q=&esrc=s&source=web&cd=8&ved=0CFwQFjAH&url=http%3A%2F%2Fbuhoz.net%2Fpublic%2Flibros%2Fautonomy_life%2FManual-para-la-construccion-de-Hornos-caseros.pdf&ei=GoKUUry3G6ey7AalhIGIDg&usg=AFQjCNH80DzJtdlqizDTl6ZBO1a4oopCiw&bvm=bv.57155469,d.ZGU" "Mozilla/5.0 (Windows NT 6.1; rv:25.0) Gecko/20100101 Firefox/25.0"
212.183.201.73 - - [26/Nov/2013:05:21:07 -0600] "GET /public/libros/autonomy_life/Manual-para-la-construccion-de-Hornos-caseros.pdf HTTP/1.1" 206 65536 "http://www.google.es/url?sa=t&rct=j&q=&esrc=s&source=web&cd=8&ved=0CFwQFjAH&url=http%3A%2F%2Fbuhoz.net%2Fpublic%2Flibros%2Fautonomy_life%2FManual-para-la-construccion-de-Hornos-caseros.pdf&ei=GoKUUry3G6ey7AalhIGIDg&usg=AFQjCNH80DzJtdlqizDTl6ZBO1a4oopCiw&bvm=bv.57155469,d.ZGU" "Mozilla/5.0 (Windows NT 6.1; rv:25.0) Gecko/20100101 Firefox/25.0"
212.183.201.73 - - [26/Nov/2013:05:21:08 -0600] "GET /public/libros/autonomy_life/Manual-para-la-construccion-de-Hornos-caseros.pdf HTTP/1.1" 206 65536 "http://www.google.es/url?sa=t&rct=j&q=&esrc=s&source=web&cd=8&ved=0CFwQFjAH&url=http%3A%2F%2Fbuhoz.net%2Fpublic%2Flibros%2Fautonomy_life%2FManual-para-la-construccion-de-Hornos-caseros.pdf&ei=GoKUUry3G6ey7AalhIGIDg&usg=AFQjCNH80DzJtdlqizDTl6ZBO1a4oopCiw&bvm=bv.57155469,d.ZGU" "Mozilla/5.0 (Windows NT 6.1; rv:25.0) Gecko/20100101 Firefox/25.0"
212.183.201.73 - - [26/Nov/2013:05:21:08 -0600] "GET /public/libros/autonomy_life/Manual-para-la-construccion-de-Hornos-caseros.pdf HTTP/1.1" 206 65536 "http://www.google.es/url?sa=t&rct=j&q=&esrc=s&source=web&cd=8&ved=0CFwQFjAH&url=http%3A%2F%2Fbuhoz.net%2Fpublic%2Flibros%2Fautonomy_life%2FManual-para-la-construccion-de-Hornos-caseros.pdf&ei=GoKUUry3G6ey7AalhIGIDg&usg=AFQjCNH80DzJtdlqizDTl6ZBO1a4oopCiw&bvm=bv.57155469,d.ZGU" "Mozilla/5.0 (Windows NT 6.1; rv:25.0) Gecko/20100101 Firefox/25.0"
212.183.201.73 - - [26/Nov/2013:05:21:08 -0600] "GET /public/libros/autonomy_life/Manual-para-la-construccion-de-Hornos-caseros.pdf HTTP/1.1" 206 65536 "http://www.google.es/url?sa=t&rct=j&q=&esrc=s&source=web&cd=8&ved=0CFwQFjAH&url=http%3A%2F%2Fbuhoz.net%2Fpublic%2Flibros%2Fautonomy_life%2FManual-para-la-construccion-de-Hornos-caseros.pdf&ei=GoKUUry3G6ey7AalhIGIDg&usg=AFQjCNH80DzJtdlqizDTl6ZBO1a4oopCiw&bvm=bv.57155469,d.ZGU" "Mozilla/5.0 (Windows NT 6.1; rv:25.0) Gecko/20100101 Firefox/25.0"
212.183.201.73 - - [26/Nov/2013:05:21:08 -0600] "GET /public/libros/autonomy_life/Manual-para-la-construccion-de-Hornos-caseros.pdf HTTP/1.1" 206 65536 "http://www.google.es/url?sa=t&rct=j&q=&esrc=s&source=web&cd=8&ved=0CFwQFjAH&url=http%3A%2F%2Fbuhoz.net%2Fpublic%2Flibros%2Fautonomy_life%2FManual-para-la-construccion-de-Hornos-caseros.pdf&ei=GoKUUry3G6ey7AalhIGIDg&usg=AFQjCNH80DzJtdlqizDTl6ZBO1a4oopCiw&bvm=bv.57155469,d.ZGU" "Mozilla/5.0 (Windows NT 6.1; rv:25.0) Gecko/20100101 Firefox/25.0"
212.183.201.73 - - [26/Nov/2013:05:21:09 -0600] "GET /public/libros/autonomy_life/Manual-para-la-construccion-de-Hornos-caseros.pdf HTTP/1.1" 206 65536 "http://www.google.es/url?sa=t&rct=j&q=&esrc=s&source=web&cd=8&ved=0CFwQFjAH&url=http%3A%2F%2Fbuhoz.net%2Fpublic%2Flibros%2Fautonomy_life%2FManual-para-la-construccion-de-Hornos-caseros.pdf&ei=GoKUUry3G6ey7AalhIGIDg&usg=AFQjCNH80DzJtdlqizDTl6ZBO1a4oopCiw&bvm=bv.57155469,d.ZGU" "Mozilla/5.0 (Windows NT 6.1; rv:25.0) Gecko/20100101 Firefox/25.0"
212.183.201.73 - - [26/Nov/2013:05:21:09 -0600] "GET /public/libros/autonomy_life/Manual-para-la-construccion-de-Hornos-caseros.pdf HTTP/1.1" 206 65536 "http://www.google.es/url?sa=t&rct=j&q=&esrc=s&source=web&cd=8&ved=0CFwQFjAH&url=http%3A%2F%2Fbuhoz.net%2Fpublic%2Flibros%2Fautonomy_life%2FManual-para-la-construccion-de-Hornos-caseros.pdf&ei=GoKUUry3G6ey7AalhIGIDg&usg=AFQjCNH80DzJtdlqizDTl6ZBO1a4oopCiw&bvm=bv.57155469,d.ZGU" "Mozilla/5.0 (Windows NT 6.1; rv:25.0) Gecko/20100101 Firefox/25.0"
212.183.201.73 - - [26/Nov/2013:05:21:09 -0600] "GET /public/libros/autonomy_life/Manual-para-la-construccion-de-Hornos-caseros.pdf HTTP/1.1" 206 65536 "http://www.google.es/url?sa=t&rct=j&q=&esrc=s&source=web&cd=8&ved=0CFwQFjAH&url=http%3A%2F%2Fbuhoz.net%2Fpublic%2Flibros%2Fautonomy_life%2FManual-para-la-construccion-de-Hornos-caseros.pdf&ei=GoKUUry3G6ey7AalhIGIDg&usg=AFQjCNH80DzJtdlqizDTl6ZBO1a4oopCiw&bvm=bv.57155469,d.ZGU" "Mozilla/5.0 (Windows NT 6.1; rv:25.0) Gecko/20100101 Firefox/25.0"
212.183.201.73 - - [26/Nov/2013:05:21:10 -0600] "GET /public/libros/autonomy_life/Manual-para-la-construccion-de-Hornos-caseros.pdf HTTP/1.1" 206 65536 "http://www.google.es/url?sa=t&rct=j&q=&esrc=s&source=web&cd=8&ved=0CFwQFjAH&url=http%3A%2F%2Fbuhoz.net%2Fpublic%2Flibros%2Fautonomy_life%2FManual-para-la-construccion-de-Hornos-caseros.pdf&ei=GoKUUry3G6ey7AalhIGIDg&usg=AFQjCNH80DzJtdlqizDTl6ZBO1a4oopCiw&bvm=bv.57155469,d.ZGU" "Mozilla/5.0 (Windows NT 6.1; rv:25.0) Gecko/20100101 Firefox/25.0"
212.183.201.73 - - [26/Nov/2013:05:21:10 -0600] "GET /public/libros/autonomy_life/Manual-para-la-construccion-de-Hornos-caseros.pdf HTTP/1.1" 206 65536 "http://www.google.es/url?sa=t&rct=j&q=&esrc=s&source=web&cd=8&ved=0CFwQFjAH&url=http%3A%2F%2Fbuhoz.net%2Fpublic%2Flibros%2Fautonomy_life%2FManual-para-la-construccion-de-Hornos-caseros.pdf&ei=GoKUUry3G6ey7AalhIGIDg&usg=AFQjCNH80DzJtdlqizDTl6ZBO1a4oopCiw&bvm=bv.57155469,d.ZGU" "Mozilla/5.0 (Windows NT 6.1; rv:25.0) Gecko/20100101 Firefox/25.0"
212.183.201.73 - - [26/Nov/2013:05:21:11 -0600] "GET /public/libros/autonomy_life/Manual-para-la-construccion-de-Hornos-caseros.pdf HTTP/1.1" 206 65536 "http://www.google.es/url?sa=t&rct=j&q=&esrc=s&source=web&cd=8&ved=0CFwQFjAH&url=http%3A%2F%2Fbuhoz.net%2Fpublic%2Flibros%2Fautonomy_life%2FManual-para-la-construccion-de-Hornos-caseros.pdf&ei=GoKUUry3G6ey7AalhIGIDg&usg=AFQjCNH80DzJtdlqizDTl6ZBO1a4oopCiw&bvm=bv.57155469,d.ZGU" "Mozilla/5.0 (Windows NT 6.1; rv:25.0) Gecko/20100101 Firefox/25.0"
212.183.201.73 - - [26/Nov/2013:05:21:11 -0600] "GET /public/libros/autonomy_life/Manual-para-la-construccion-de-Hornos-caseros.pdf HTTP/1.1" 206 65536 "http://www.google.es/url?sa=t&rct=j&q=&esrc=s&source=web&cd=8&ved=0CFwQFjAH&url=http%3A%2F%2Fbuhoz.net%2Fpublic%2Flibros%2Fautonomy_life%2FManual-para-la-construccion-de-Hornos-caseros.pdf&ei=GoKUUry3G6ey7AalhIGIDg&usg=AFQjCNH80DzJtdlqizDTl6ZBO1a4oopCiw&bvm=bv.57155469,d.ZGU" "Mozilla/5.0 (Windows NT 6.1; rv:25.0) Gecko/20100101 Firefox/25.0"
212.183.201.73 - - [26/Nov/2013:05:21:11 -0600] "GET /public/libros/autonomy_life/Manual-para-la-construccion-de-Hornos-caseros.pdf HTTP/1.1" 206 65536 "http://www.google.es/url?sa=t&rct=j&q=&esrc=s&source=web&cd=8&ved=0CFwQFjAH&url=http%3A%2F%2Fbuhoz.net%2Fpublic%2Flibros%2Fautonomy_life%2FManual-para-la-construccion-de-Hornos-caseros.pdf&ei=GoKUUry3G6ey7AalhIGIDg&usg=AFQjCNH80DzJtdlqizDTl6ZBO1a4oopCiw&bvm=bv.57155469,d.ZGU" "Mozilla/5.0 (Windows NT 6.1; rv:25.0) Gecko/20100101 Firefox/25.0"
212.183.201.73 - - [26/Nov/2013:05:21:12 -0600] "GET /public/libros/autonomy_life/Manual-para-la-construccion-de-Hornos-caseros.pdf HTTP/1.1" 206 65536 "http://www.google.es/url?sa=t&rct=j&q=&esrc=s&source=web&cd=8&ved=0CFwQFjAH&url=http%3A%2F%2Fbuhoz.net%2Fpublic%2Flibros%2Fautonomy_life%2FManual-para-la-construccion-de-Hornos-caseros.pdf&ei=GoKUUry3G6ey7AalhIGIDg&usg=AFQjCNH80DzJtdlqizDTl6ZBO1a4oopCiw&bvm=bv.57155469,d.ZGU" "Mozilla/5.0 (Windows NT 6.1; rv:25.0) Gecko/20100101 Firefox/25.0"
212.183.201.73 - - [26/Nov/2013:05:21:12 -0600] "GET /public/libros/autonomy_life/Manual-para-la-construccion-de-Hornos-caseros.pdf HTTP/1.1" 206 65536 "http://www.google.es/url?sa=t&rct=j&q=&esrc=s&source=web&cd=8&ved=0CFwQFjAH&url=http%3A%2F%2Fbuhoz.net%2Fpublic%2Flibros%2Fautonomy_life%2FManual-para-la-construccion-de-Hornos-caseros.pdf&ei=GoKUUry3G6ey7AalhIGIDg&usg=AFQjCNH80DzJtdlqizDTl6ZBO1a4oopCiw&bvm=bv.57155469,d.ZGU" "Mozilla/5.0 (Windows NT 6.1; rv:25.0) Gecko/20100101 Firefox/25.0"
212.183.201.73 - - [26/Nov/2013:05:21:12 -0600] "GET /public/libros/autonomy_life/Manual-para-la-construccion-de-Hornos-caseros.pdf HTTP/1.1" 206 65536 "http://www.google.es/url?sa=t&rct=j&q=&esrc=s&source=web&cd=8&ved=0CFwQFjAH&url=http%3A%2F%2Fbuhoz.net%2Fpublic%2Flibros%2Fautonomy_life%2FManual-para-la-construccion-de-Hornos-caseros.pdf&ei=GoKUUry3G6ey7AalhIGIDg&usg=AFQjCNH80DzJtdlqizDTl6ZBO1a4oopCiw&bvm=bv.57155469,d.ZGU" "Mozilla/5.0 (Windows NT 6.1; rv:25.0) Gecko/20100101 Firefox/25.0"
212.183.201.73 - - [26/Nov/2013:05:21:13 -0600] "GET /public/libros/autonomy_life/Manual-para-la-construccion-de-Hornos-caseros.pdf HTTP/1.1" 206 65536 "http://www.google.es/url?sa=t&rct=j&q=&esrc=s&source=web&cd=8&ved=0CFwQFjAH&url=http%3A%2F%2Fbuhoz.net%2Fpublic%2Flibros%2Fautonomy_life%2FManual-para-la-construccion-de-Hornos-caseros.pdf&ei=GoKUUry3G6ey7AalhIGIDg&usg=AFQjCNH80DzJtdlqizDTl6ZBO1a4oopCiw&bvm=bv.57155469,d.ZGU" "Mozilla/5.0 (Windows NT 6.1; rv:25.0) Gecko/20100101 Firefox/25.0"
212.183.201.73 - - [26/Nov/2013:05:21:13 -0600] "GET /public/libros/autonomy_life/Manual-para-la-construccion-de-Hornos-caseros.pdf HTTP/1.1" 206 65536 "http://www.google.es/url?sa=t&rct=j&q=&esrc=s&source=web&cd=8&ved=0CFwQFjAH&url=http%3A%2F%2Fbuhoz.net%2Fpublic%2Flibros%2Fautonomy_life%2FManual-para-la-construccion-de-Hornos-caseros.pdf&ei=GoKUUry3G6ey7AalhIGIDg&usg=AFQjCNH80DzJtdlqizDTl6ZBO1a4oopCiw&bvm=bv.57155469,d.ZGU" "Mozilla/5.0 (Windows NT 6.1; rv:25.0) Gecko/20100101 Firefox/25.0"
212.183.201.73 - - [26/Nov/2013:05:21:14 -0600] "GET /public/libros/autonomy_life/Manual-para-la-construccion-de-Hornos-caseros.pdf HTTP/1.1" 206 65536 "http://www.google.es/url?sa=t&rct=j&q=&esrc=s&source=web&cd=8&ved=0CFwQFjAH&url=http%3A%2F%2Fbuhoz.net%2Fpublic%2Flibros%2Fautonomy_life%2FManual-para-la-construccion-de-Hornos-caseros.pdf&ei=GoKUUry3G6ey7AalhIGIDg&usg=AFQjCNH80DzJtdlqizDTl6ZBO1a4oopCiw&bvm=bv.57155469,d.ZGU" "Mozilla/5.0 (Windows NT 6.1; rv:25.0) Gecko/20100101 Firefox/25.0"
212.183.201.73 - - [26/Nov/2013:05:21:14 -0600] "GET /public/libros/autonomy_life/Manual-para-la-construccion-de-Hornos-caseros.pdf HTTP/1.1" 206 65536 "http://www.google.es/url?sa=t&rct=j&q=&esrc=s&source=web&cd=8&ved=0CFwQFjAH&url=http%3A%2F%2Fbuhoz.net%2Fpublic%2Flibros%2Fautonomy_life%2FManual-para-la-construccion-de-Hornos-caseros.pdf&ei=GoKUUry3G6ey7AalhIGIDg&usg=AFQjCNH80DzJtdlqizDTl6ZBO1a4oopCiw&bvm=bv.57155469,d.ZGU" "Mozilla/5.0 (Windows NT 6.1; rv:25.0) Gecko/20100101 Firefox/25.0"
212.183.201.73 - - [26/Nov/2013:05:21:14 -0600] "GET /public/libros/autonomy_life/Manual-para-la-construccion-de-Hornos-caseros.pdf HTTP/1.1" 206 65536 "http://www.google.es/url?sa=t&rct=j&q=&esrc=s&source=web&cd=8&ved=0CFwQFjAH&url=http%3A%2F%2Fbuhoz.net%2Fpublic%2Flibros%2Fautonomy_life%2FManual-para-la-construccion-de-Hornos-caseros.pdf&ei=GoKUUry3G6ey7AalhIGIDg&usg=AFQjCNH80DzJtdlqizDTl6ZBO1a4oopCiw&bvm=bv.57155469,d.ZGU" "Mozilla/5.0 (Windows NT 6.1; rv:25.0) Gecko/20100101 Firefox/25.0"
212.183.201.73 - - [26/Nov/2013:05:21:15 -0600] "GET /public/libros/autonomy_life/Manual-para-la-construccion-de-Hornos-caseros.pdf HTTP/1.1" 206 65536 "http://www.google.es/url?sa=t&rct=j&q=&esrc=s&source=web&cd=8&ved=0CFwQFjAH&url=http%3A%2F%2Fbuhoz.net%2Fpublic%2Flibros%2Fautonomy_life%2FManual-para-la-construccion-de-Hornos-caseros.pdf&ei=GoKUUry3G6ey7AalhIGIDg&usg=AFQjCNH80DzJtdlqizDTl6ZBO1a4oopCiw&bvm=bv.57155469,d.ZGU" "Mozilla/5.0 (Windows NT 6.1; rv:25.0) Gecko/20100101 Firefox/25.0"
66.249.64.1 - - [26/Nov/2013:05:22:07 -0600] "GET /fotos/main.php?g2_view=shutterfly.PrintPhotos&g2_itemId=7113&g2_returnUrl=http%3A%2F%2Fbuhoz.net%2Ffotos%2Fmain.php%3Fg2_itemId%3D7113&g2_authToken=202f1c808933 HTTP/1.1" 404 3280 "-" "Mozilla/5.0 (compatible; Googlebot/2.1; +http://www.google.com/bot.html)"
66.249.64.8 - - [26/Nov/2013:05:22:08 -0600] "GET /fotos/main.php?g2_view=shutterfly.PrintPhotos&g2_itemId=1042&g2_returnUrl=http%3A%2F%2Fbuhoz.net%2Ffotos%2Fmain.php%3Fg2_itemId%3D1042&g2_authToken=02c5df09aa22 HTTP/1.1" 404 3280 "-" "Mozilla/5.0 (compatible; Googlebot/2.1; +http://www.google.com/bot.html)"
66.249.64.8 - - [26/Nov/2013:05:22:18 -0600] "GET /fotos/main.php?g2_view=shutterfly.PrintPhotos&g2_itemId=5912&g2_returnUrl=http%3A%2F%2Fbuhoz.net%2Ffotos%2Fmain.php%3Fg2_itemId%3D5912&g2_authToken=a239a0adc36d HTTP/1.1" 404 3280 "-" "Mozilla/5.0 (compatible; Googlebot/2.1; +http://www.google.com/bot.html)"
66.249.64.7 - - [26/Nov/2013:05:22:26 -0600] "GET /fotos/var/thumbs/2007_001/04/granada/P1000132_001.JPG?m=1341724008 HTTP/1.1" 200 36515 "-" "Googlebot-Image/1.0"
66.249.64.1 - - [26/Nov/2013:05:22:39 -0600] "GET /fotos/main.php?g2_view=shutterfly.PrintPhotos&g2_itemId=9990&g2_returnUrl=http%3A%2F%2Fbuhoz.net%2Ffotos%2Fmain.php%3Fg2_itemId%3D9990&g2_authToken=21d86754c7e0 HTTP/1.1" 404 3280 "-" "Mozilla/5.0 (compatible; Googlebot/2.1; +http://www.google.com/bot.html)"
180.76.5.141 - - [26/Nov/2013:05:22:52 -0600] "GET /fotos/index.php/2011/07-taramundi?page=5 HTTP/1.1" 200 12247 "-" "Mozilla/5.0 (compatible; Baiduspider/2.0; +http://www.baidu.com/search/spider.html)"
66.249.64.7 - - [26/Nov/2013:05:23:00 -0600] "GET /fotos/main.php?g2_view=shutterfly.PrintPhotos&g2_itemId=5785&g2_returnUrl=http%3A%2F%2Fbuhoz.net%2Ffotos%2Fmain.php%3Fg2_itemId%3D5785&g2_authToken=ca9cd7e68882 HTTP/1.1" 404 3280 "-" "Mozilla/5.0 (compatible; Googlebot/2.1; +http://www.google.com/bot.html)"
66.249.64.1 - - [26/Nov/2013:05:23:21 -0600] "GET /fotos/main.php?g2_view=shutterfly.PrintPhotos&g2_itemId=1190&g2_returnUrl=http%3A%2F%2Fbuhoz.net%2Ffotos%2Fmain.php%3Fg2_itemId%3D1190&g2_authToken=687dc3499c85 HTTP/1.1" 404 3280 "-" "Mozilla/5.0 (compatible; Googlebot/2.1; +http://www.google.com/bot.html)"
66.249.64.1 - - [26/Nov/2013:05:23:42 -0600] "GET /fotos/main.php?g2_view=shutterfly.PrintPhotos&g2_itemId=3270&g2_returnUrl=http%3A%2F%2Fbuhoz.net%2Ffotos%2Fmain.php%3Fg2_itemId%3D3270&g2_authToken=6b8a2bdb0dc0 HTTP/1.1" 404 3280 "-" "Mozilla/5.0 (compatible; Googlebot/2.1; +http://www.google.com/bot.html)"
66.249.64.1 - - [26/Nov/2013:05:24:03 -0600] "GET /fotos/main.php?g2_view=shutterfly.PrintPhotos&g2_itemId=6767&g2_returnUrl=http%3A%2F%2Fbuhoz.net%2Ffotos%2Fmain.php%3Fg2_itemId%3D6767&g2_authToken=ae73e05a0ef8 HTTP/1.1" 404 3280 "-" "Mozilla/5.0 (compatible; Googlebot/2.1; +http://www.google.com/bot.html)"
66.249.64.8 - - [26/Nov/2013:05:24:24 -0600] "GET /fotos/main.php?g2_view=shutterfly.PrintPhotos&g2_itemId=2625&g2_returnUrl=http%3A%2F%2Fbuhoz.net%2Ffotos%2Fmain.php%3Fg2_itemId%3D2625&g2_authToken=b5d87fd4d52e HTTP/1.1" 404 3280 "-" "Mozilla/5.0 (compatible; Googlebot/2.1; +http://www.google.com/bot.html)"
66.249.64.1 - - [26/Nov/2013:05:24:45 -0600] "GET /fotos/main.php?g2_view=shutterfly.PrintPhotos&g2_itemId=10290&g2_returnUrl=http%3A%2F%2Fbuhoz.net%2Ffotos%2Fmain.php%3Fg2_itemId%3D10290&g2_authToken=8a6abfa997a8 HTTP/1.1" 404 3282 "-" "Mozilla/5.0 (compatible; Googlebot/2.1; +http://www.google.com/bot.html)"
66.249.64.1 - - [26/Nov/2013:05:25:06 -0600] "GET /fotos/main.php?g2_view=shutterfly.PrintPhotos&g2_itemId=1504&g2_returnUrl=http%3A%2F%2Fbuhoz.net%2Ffotos%2Fmain.php%3Fg2_itemId%3D1504&g2_authToken=778ee3113898 HTTP/1.1" 404 3280 "-" "Mozilla/5.0 (compatible; Googlebot/2.1; +http://www.google.com/bot.html)"
66.249.64.8 - - [26/Nov/2013:05:25:27 -0600] "GET /fotos/main.php?g2_view=shutterfly.PrintPhotos&g2_itemId=7074&g2_returnUrl=http%3A%2F%2Fbuhoz.net%2Ffotos%2Fmain.php%3Fg2_itemId%3D7074&g2_authToken=27128b49c153 HTTP/1.1" 404 3280 "-" "Mozilla/5.0 (compatible; Googlebot/2.1; +http://www.google.com/bot.html)"
66.249.64.1 - - [26/Nov/2013:05:25:34 -0600] "GET /fotos/index.php/2010/01-egipto/12-03saqqara/P1040610 HTTP/1.1" 200 9666 "-" "Mozilla/5.0 (compatible; Googlebot/2.1; +http://www.google.com/bot.html)"
66.249.64.7 - - [26/Nov/2013:05:25:48 -0600] "GET /fotos/main.php?g2_view=shutterfly.PrintPhotos&g2_itemId=949&g2_returnUrl=http%3A%2F%2Fbuhoz.net%2Ffotos%2Fmain.php%3Fg2_itemId%3D949%26g2_imageViewsIndex%3D1&g2_authToken=be8c13476d26 HTTP/1.1" 404 3303 "-" "Mozilla/5.0 (compatible; Googlebot/2.1; +http://www.google.com/bot.html)"
66.249.64.1 - - [26/Nov/2013:05:26:09 -0600] "GET /fotos/main.php?g2_view=shutterfly.PrintPhotos&g2_itemId=9429&g2_returnUrl=http%3A%2F%2Fbuhoz.net%2Ffotos%2Fmain.php%3Fg2_itemId%3D9429&g2_authToken=4f0d67f56bfa HTTP/1.1" 404 3280 "-" "Mozilla/5.0 (compatible; Googlebot/2.1; +http://www.google.com/bot.html)"
66.249.64.7 - - [26/Nov/2013:05:26:21 -0600] "GET /fotos/var/resizes/2009/08/08/P1030643.JPG?m=1341728205 HTTP/1.1" 200 68362 "-" "Googlebot-Image/1.0"
66.249.64.1 - - [26/Nov/2013:05:26:30 -0600] "GET /fotos/main.php?g2_view=shutterfly.PrintPhotos&g2_itemId=2523&g2_returnUrl=http%3A%2F%2Fbuhoz.net%2Ffotos%2Fmain.php%3Fg2_itemId%3D2523%26g2_imageViewsIndex%3D1&g2_authToken=0b69155ba625 HTTP/1.1" 404 3305 "-" "Mozilla/5.0 (compatible; Googlebot/2.1; +http://www.google.com/bot.html)"
66.249.64.8 - - [26/Nov/2013:05:26:51 -0600] "GET /fotos/main.php?g2_view=shutterfly.PrintPhotos&g2_itemId=10944&g2_returnUrl=http%3A%2F%2Fbuhoz.net%2Ffotos%2Fmain.php%3Fg2_itemId%3D10944&g2_authToken=82815ce58c5d HTTP/1.1" 404 3282 "-" "Mozilla/5.0 (compatible; Googlebot/2.1; +http://www.google.com/bot.html)"
66.249.64.8 - - [26/Nov/2013:05:27:12 -0600] "GET /fotos/main.php?g2_view=shutterfly.PrintPhotos&g2_itemId=6758&g2_returnUrl=http%3A%2F%2Fbuhoz.net%2Ffotos%2Fmain.php%3Fg2_itemId%3D6758&g2_authToken=0f650d441057 HTTP/1.1" 404 3280 "-" "Mozilla/5.0 (compatible; Googlebot/2.1; +http://www.google.com/bot.html)"
66.249.64.8 - - [26/Nov/2013:05:27:33 -0600] "GET /fotos/main.php?g2_view=shutterfly.PrintPhotos&g2_itemId=7382&g2_returnUrl=http%3A%2F%2Fbuhoz.net%2Ffotos%2Fmain.php%3Fg2_itemId%3D7382&g2_authToken=a4125d15823b HTTP/1.1" 404 3280 "-" "Mozilla/5.0 (compatible; Googlebot/2.1; +http://www.google.com/bot.html)"
66.249.64.1 - - [26/Nov/2013:05:27:54 -0600] "GET /fotos/main.php?g2_view=shutterfly.PrintPhotos&g2_itemId=8061&g2_returnUrl=http%3A%2F%2Fbuhoz.net%2Ffotos%2Fmain.php%3Fg2_itemId%3D8061&g2_authToken=a9921d9628f0 HTTP/1.1" 404 3280 "-" "Mozilla/5.0 (compatible; Googlebot/2.1; +http://www.google.com/bot.html)"
66.249.64.7 - - [26/Nov/2013:05:28:14 -0600] "GET /fotos/main.php?g2_view=shutterfly.PrintPhotos&g2_itemId=8052&g2_returnUrl=http%3A%2F%2Fbuhoz.net%2Ffotos%2Fmain.php%3Fg2_itemId%3D8052&g2_authToken=00b2fc74d5cc HTTP/1.1" 404 3280 "-" "Mozilla/5.0 (compatible; Googlebot/2.1; +http://www.google.com/bot.html)"
66.249.64.1 - - [26/Nov/2013:05:28:36 -0600] "GET /fotos/main.php?g2_view=shutterfly.PrintPhotos&g2_itemId=373&g2_returnUrl=http%3A%2F%2Fbuhoz.net%2Ffotos%2Fmain.php%3Fg2_itemId%3D373&g2_authToken=ac4cef28727a HTTP/1.1" 404 3278 "-" "Mozilla/5.0 (compatible; Googlebot/2.1; +http://www.google.com/bot.html)"
66.249.64.8 - - [26/Nov/2013:05:28:56 -0600] "GET /fotos/main.php?g2_view=shutterfly.PrintPhotos&g2_itemId=2769&g2_returnUrl=http%3A%2F%2Fbuhoz.net%2Ffotos%2Fmain.php%3Fg2_itemId%3D2769%26g2_imageViewsIndex%3D1&g2_authToken=3e6baec64e08 HTTP/1.1" 404 3305 "-" "Mozilla/5.0 (compatible; Googlebot/2.1; +http://www.google.com/bot.html)"
66.249.64.1 - - [26/Nov/2013:05:29:17 -0600] "GET /fotos/main.php?g2_view=shutterfly.PrintPhotos&g2_itemId=10542&g2_returnUrl=http%3A%2F%2Fbuhoz.net%2Ffotos%2Fmain.php%3Fg2_itemId%3D10542&g2_authToken=3e08029832fa HTTP/1.1" 404 3282 "-" "Mozilla/5.0 (compatible; Googlebot/2.1; +http://www.google.com/bot.html)"
119.63.193.195 - - [26/Nov/2013:05:29:30 -0600] "GET / HTTP/1.1" 200 1601 "-" "Mozilla/4.0 (compatible; MSIE 7.0; Windows NT 6.0)"
66.249.64.1 - - [26/Nov/2013:05:29:38 -0600] "GET /fotos/main.php?g2_view=shutterfly.PrintPhotos&g2_itemId=1039&g2_returnUrl=http%3A%2F%2Fbuhoz.net%2Ffotos%2Fmain.php%3Fg2_itemId%3D1039&g2_authToken=4e5875f7bf14 HTTP/1.1" 404 3280 "-" "Mozilla/5.0 (compatible; Googlebot/2.1; +http://www.google.com/bot.html)"
202.46.55.21 - - [26/Nov/2013:05:29:51 -0600] "GET / HTTP/1.1" 200 1601 "-" "Mozilla/4.0 (compatible; MSIE 7.0; Windows NT 6.0)"
66.249.64.1 - - [26/Nov/2013:05:29:59 -0600] "GET /fotos/main.php?g2_view=shutterfly.PrintPhotos&g2_itemId=9327&g2_returnUrl=http%3A%2F%2Fbuhoz.net%2Ffotos%2Fmain.php%3Fg2_itemId%3D9327&g2_authToken=b7cb21925c7b HTTP/1.1" 404 3280 "-" "Mozilla/5.0 (compatible; Googlebot/2.1; +http://www.google.com/bot.html)"
66.249.64.8 - - [26/Nov/2013:05:30:13 -0600] "GET /fotos/var/albums/2010/10-albacete/Foto-0051.jpg?m=1341763640 HTTP/1.1" 200 256063 "-" "Googlebot-Image/1.0"
66.249.64.1 - - [26/Nov/2013:05:30:20 -0600] "GET /fotos/main.php?g2_view=shutterfly.PrintPhotos&g2_itemId=1591&g2_returnUrl=http%3A%2F%2Fbuhoz.net%2Ffotos%2Fmain.php%3Fg2_itemId%3D1591&g2_authToken=3351be83c453 HTTP/1.1" 404 3280 "-" "Mozilla/5.0 (compatible; Googlebot/2.1; +http://www.google.com/bot.html)"
66.249.64.7 - - [26/Nov/2013:05:30:41 -0600] "GET /fotos/main.php?g2_view=shutterfly.PrintPhotos&g2_itemId=8085&g2_returnUrl=http%3A%2F%2Fbuhoz.net%2Ffotos%2Fmain.php%3Fg2_itemId%3D8085&g2_authToken=487e16daef39 HTTP/1.1" 404 3280 "-" "Mozilla/5.0 (compatible; Googlebot/2.1; +http://www.google.com/bot.html)"
66.249.64.7 - - [26/Nov/2013:05:31:02 -0600] "GET /fotos/main.php?g2_view=shutterfly.PrintPhotos&g2_itemId=6936&g2_returnUrl=http%3A%2F%2Fbuhoz.net%2Ffotos%2Fmain.php%3Fg2_itemId%3D6936%26g2_imageViewsIndex%3D1&g2_authToken=71e6d3eda869 HTTP/1.1" 404 3305 "-" "Mozilla/5.0 (compatible; Googlebot/2.1; +http://www.google.com/bot.html)"
66.249.64.7 - - [26/Nov/2013:05:33:11 -0600] "GET /fotos/var/albums/2010/01-egipto/12-03saqqara/P1040610.JPG?m=1341729051 HTTP/1.1" 200 1558871 "-" "Googlebot-Image/1.0"
66.249.64.7 - - [26/Nov/2013:05:33:33 -0600] "GET /fotos/main.php?g2_view=shutterfly.PrintPhotos&g2_itemId=9175&g2_returnUrl=http%3A%2F%2Fbuhoz.net%2Ffotos%2Fmain.php%3Fg2_itemId%3D9175&g2_authToken=cdc3c64029eb HTTP/1.1" 404 3280 "-" "Mozilla/5.0 (compatible; Googlebot/2.1; +http://www.google.com/bot.html)"
66.249.64.8 - - [26/Nov/2013:05:33:53 -0600] "GET /fotos/main.php?g2_view=shutterfly.PrintPhotos&g2_itemId=7848&g2_returnUrl=http%3A%2F%2Fbuhoz.net%2Ffotos%2Fmain.php%3Fg2_itemId%3D7848%26g2_imageViewsIndex%3D1&g2_authToken=41ea33f922da HTTP/1.1" 404 3305 "-" "Mozilla/5.0 (compatible; Googlebot/2.1; +http://www.google.com/bot.html)"
