5.10.83.15 - - [26/Oct/2012:02:40:01 -0600] "GET /fotos/index.php/Cosas-del-2008/Julio/Hannover/jardines/P1010835 HTTP/1.1" 
5.10.83.15 - - [26/Nov/2013:02:40:01 -0600] "GET /fotos/index.php/Cosas-del-2008/Julio/Hannover/jardines/P1010835 HTTP/1.1" 200 9965 "-" "Mozilla/5.0 (compatible; AhrefsBot/5.0; +http://ahrefs.com/robot/)"
220.181.108.152 - - [26/Nov/2013:02:40:29 -0600] "GET / HTTP/1.1" 200 1601 "-" "Mozilla/5.0 (compatible; Baiduspider/2.0; +http://www.baidu.com/search/spider.html)"
123.125.71.97 - - [26/Nov/2013:02:41:01 -0600] "GET / HTTP/1.1" 200 1601 "-" "Mozilla/5.0 (compatible; Baiduspider/2.0; +http://www.baidu.com/search/spider.html)"
66.249.64.1 - - [26/Nov/2013:02:41:42 -0600] "GET /fotos/var/albums/2010/01-egipto/10-01templo-edfu/P1040148.JPG?m=1341729279 HTTP/1.1" 200 1588080 "-" "Googlebot-Image/1.0"
66.249.64.1 - - [26/Nov/2013:02:42:25 -0600] "GET /fotos/var/albums/2012/julio-visita-veracruz/P1080820.JPG?m=1344824121 HTTP/1.1" 200 2388054 "-" "Googlebot-Image/1.0"
157.55.35.113 - - [26/Nov/2013:02:43:04 -0600] "GET /public/libros/mathematics/algebra/Algebra.A.Baldor.Ejercicios.Resueltos.pdf HTTP/1.1" 200 3501805 "-" "Mozilla/5.0 (compatible; bingbot/2.0; +http://www.bing.com/bingbot.htm)"
208.115.111.69 - - [26/Nov/2013:02:43:54 -0600] "GET /robots.txt HTTP/1.1" 404 3118 "-" "Mozilla/5.0 (compatible; Ezooms/1.0; ezooms.bot@gmail.com)"
66.249.64.1 - - [26/Nov/2013:02:44:05 -0600] "GET /fotos/index.php/items/dimensions/2319 HTTP/1.1" 200 57 "-" "Mozilla/5.0 (compatible; Googlebot/2.1; +http://www.google.com/bot.html)"
66.249.64.8 - - [26/Nov/2013:02:44:06 -0600] "GET /fotos/index.php/form/add/comments/2319 HTTP/1.1" 200 1577 "-" "Mozilla/5.0 (compatible; Googlebot/2.1; +http://www.google.com/bot.html)"
66.249.64.7 - - [26/Nov/2013:02:44:06 -0600] "GET /fotos/index.php/2010/01-senderismo?show=2319 HTTP/1.1" 302 144 "-" "Mozilla/5.0 (compatible; Googlebot/2.1; +http://www.google.com/bot.html)"
66.249.64.7 - - [26/Nov/2013:02:44:07 -0600] "GET /fotos/index.php/2010/01-senderismo HTTP/1.1" 200 12165 "-" "Mozilla/5.0 (compatible; Googlebot/2.1; +http://www.google.com/bot.html)"
66.249.64.1 - - [26/Nov/2013:02:46:19 -0600] "GET /fotos/var/resizes/2012/julio--african-safari-puebla/P1080449.JPG?m=1344815170 HTTP/1.1" 200 167656 "-" "Googlebot-Image/1.0"
5.10.83.15 - - [26/Nov/2013:02:47:38 -0600] "GET /fotos/var/albums/2012/julio-visita-veracruz/P1080777.JPG?m=1344823049 HTTP/1.1" 200 1478631 "-" "Mozilla/5.0 (compatible; AhrefsBot/5.0; +http://ahrefs.com/robot/)"
5.10.83.3 - - [26/Nov/2013:02:47:47 -0600] "GET /fotos/index.php/2012/agosto-visita-hermosillo HTTP/1.1" 200 12319 "-" "Mozilla/5.0 (compatible; AhrefsBot/5.0; +http://ahrefs.com/robot/)"
66.249.64.8 - - [26/Nov/2013:02:48:00 -0600] "GET /tag/captcha HTTP/1.1" 200 7338 "-" "Mozilla/5.0 (iPhone; CPU iPhone OS 6_0 like Mac OS X) AppleWebKit/536.26 (KHTML, like Gecko) Version/6.0 Mobile/10A5376e Safari/8536.25 (compatible; Googlebot-Mobile/2.1; +http://www.google.com/bot.html)"
5.10.83.86 - - [26/Nov/2013:02:48:04 -0600] "GET /fotos/index.php/2012/julio-visita-veracruz?page=6 HTTP/1.1" 200 12337 "-" "Mozilla/5.0 (compatible; AhrefsBot/5.0; +http://ahrefs.com/robot/)"
5.10.83.41 - - [26/Nov/2013:02:48:13 -0600] "GET /fotos/index.php/2012/julio-visita-veracruz/P1080793 HTTP/1.1" 200 9474 "-" "Mozilla/5.0 (compatible; AhrefsBot/5.0; +http://ahrefs.com/robot/)"
5.10.83.11 - - [26/Nov/2013:02:48:32 -0600] "GET /fotos/var/albums/2009/08/04/P1030215.JPG?m=1341727263 HTTP/1.1" 200 593538 "-" "Mozilla/5.0 (compatible; AhrefsBot/5.0; +http://ahrefs.com/robot/)"
5.10.83.86 - - [26/Nov/2013:02:48:41 -0600] "GET /fotos/index.php/Cosas-del-2008/Julio/Hannover/linea_roja/P1010710 HTTP/1.1" 200 9937 "-" "Mozilla/5.0 (compatible; AhrefsBot/5.0; +http://ahrefs.com/robot/)"
180.76.5.167 - - [26/Nov/2013:02:47:43 -0600] "GET /public/jose/papers/UsiXML%20extension%20for%20Awareness%20Support-poster.pdf HTTP/1.1" 200 1983176 "-" "Mozilla/5.0 (Windows NT 5.1; rv:6.0.2) Gecko/20100101 Firefox/6.0.2"
5.10.83.15 - - [26/Nov/2013:02:49:24 -0600] "GET /fotos/index.php/form/add/comments/4897 HTTP/1.1" 200 1577 "-" "Mozilla/5.0 (compatible; AhrefsBot/5.0; +http://ahrefs.com/robot/)"
5.10.83.28 - - [26/Nov/2013:02:49:35 -0600] "GET /fotos/index.php/Cosas-del-2008/Octubre/barcelona/sagrada_familia/p1020179 HTTP/1.1" 200 10034 "-" "Mozilla/5.0 (compatible; AhrefsBot/5.0; +http://ahrefs.com/robot/)"
66.249.64.8 - - [26/Nov/2013:02:50:12 -0600] "GET /fotos/var/resizes/2009/07/visado/p1020776.jpg?m=1341727023 HTTP/1.1" 200 91029 "-" "Googlebot-Image/1.0"
5.10.83.15 - - [26/Nov/2013:02:50:13 -0600] "GET /fotos/index.php/2012/marzo-monte-alban/P1080127 HTTP/1.1" 200 9442 "-" "Mozilla/5.0 (compatible; AhrefsBot/5.0; +http://ahrefs.com/robot/)"
5.10.83.104 - - [26/Nov/2013:02:52:04 -0600] "GET /fotos/var/albums/2012/marzo-monte-alban/P1080092.JPG?m=1342131529 HTTP/1.1" 200 1468738 "-" "Mozilla/5.0 (compatible; AhrefsBot/5.0; +http://ahrefs.com/robot/)"
5.10.83.11 - - [26/Nov/2013:02:54:01 -0600] "GET /fotos/index.php/2012/mayo-visita-atlixco?show=4836 HTTP/1.1" 302 170 "-" "Mozilla/5.0 (compatible; AhrefsBot/5.0; +http://ahrefs.com/robot/)"
179.187.211.191 - - [26/Nov/2013:02:54:05 -0600] "GET /favicon.ico HTTP/1.1" 404 3119 "-" "Mozilla/5.0 (X11; Linux x86_64; rv:25.0) Gecko/20100101 Firefox/25.0"
179.187.211.191 - - [26/Nov/2013:02:54:05 -0600] "GET /favicon.ico HTTP/1.1" 404 3119 "-" "Mozilla/5.0 (X11; Linux x86_64; rv:25.0) Gecko/20100101 Firefox/25.0"
66.249.64.7 - - [26/Nov/2013:02:54:08 -0600] "GET /fotos/var/thumbs/2012/agosto-visita-hermosillo/P1080841.JPG?m=1347626103 HTTP/1.1" 200 30847 "-" "Googlebot-Image/1.0"
179.187.211.191 - - [26/Nov/2013:02:54:20 -0600] "GET /public/libros/languages/sql/SQL.Cookbook.2005.pdf HTTP/1.1" 206 65536 "http://www.google.com.br/url?sa=t&rct=j&q=&esrc=s&source=web&cd=4&ved=0CEAQFjAD&url=http%3A%2F%2Fbuhoz.net%2Fpublic%2Flibros%2Flanguages%2Fsql%2FSQL.Cookbook.2005.pdf&ei=XIN3Ut7DFsfNkQfC34HABQ&usg=AFQjCNG_0XEnwOT9Hn4_ByQYn-bGSc7hZw&bvm=bv.55819444,d.eW0" "Mozilla/5.0 (X11; Linux x86_64; rv:25.0) Gecko/20100101 Firefox/25.0"
179.187.211.191 - - [26/Nov/2013:02:54:21 -0600] "GET /public/libros/languages/sql/SQL.Cookbook.2005.pdf HTTP/1.1" 206 61744 "http://www.google.com.br/url?sa=t&rct=j&q=&esrc=s&source=web&cd=4&ved=0CEAQFjAD&url=http%3A%2F%2Fbuhoz.net%2Fpublic%2Flibros%2Flanguages%2Fsql%2FSQL.Cookbook.2005.pdf&ei=XIN3Ut7DFsfNkQfC34HABQ&usg=AFQjCNG_0XEnwOT9Hn4_ByQYn-bGSc7hZw&bvm=bv.55819444,d.eW0" "Mozilla/5.0 (X11; Linux x86_64; rv:25.0) Gecko/20100101 Firefox/25.0"
179.187.211.191 - - [26/Nov/2013:02:54:21 -0600] "GET /public/libros/languages/sql/SQL.Cookbook.2005.pdf HTTP/1.1" 206 65536 "http://www.google.com.br/url?sa=t&rct=j&q=&esrc=s&source=web&cd=4&ved=0CEAQFjAD&url=http%3A%2F%2Fbuhoz.net%2Fpublic%2Flibros%2Flanguages%2Fsql%2FSQL.Cookbook.2005.pdf&ei=XIN3Ut7DFsfNkQfC34HABQ&usg=AFQjCNG_0XEnwOT9Hn4_ByQYn-bGSc7hZw&bvm=bv.55819444,d.eW0" "Mozilla/5.0 (X11; Linux x86_64; rv:25.0) Gecko/20100101 Firefox/25.0"
179.187.211.191 - - [26/Nov/2013:02:54:21 -0600] "GET /public/libros/languages/sql/SQL.Cookbook.2005.pdf HTTP/1.1" 206 65536 "http://www.google.com.br/url?sa=t&rct=j&q=&esrc=s&source=web&cd=4&ved=0CEAQFjAD&url=http%3A%2F%2Fbuhoz.net%2Fpublic%2Flibros%2Flanguages%2Fsql%2FSQL.Cookbook.2005.pdf&ei=XIN3Ut7DFsfNkQfC34HABQ&usg=AFQjCNG_0XEnwOT9Hn4_ByQYn-bGSc7hZw&bvm=bv.55819444,d.eW0" "Mozilla/5.0 (X11; Linux x86_64; rv:25.0) Gecko/20100101 Firefox/25.0"
179.187.211.191 - - [26/Nov/2013:02:54:22 -0600] "GET /public/libros/languages/sql/SQL.Cookbook.2005.pdf HTTP/1.1" 206 65536 "http://www.google.com.br/url?sa=t&rct=j&q=&esrc=s&source=web&cd=4&ved=0CEAQFjAD&url=http%3A%2F%2Fbuhoz.net%2Fpublic%2Flibros%2Flanguages%2Fsql%2FSQL.Cookbook.2005.pdf&ei=XIN3Ut7DFsfNkQfC34HABQ&usg=AFQjCNG_0XEnwOT9Hn4_ByQYn-bGSc7hZw&bvm=bv.55819444,d.eW0" "Mozilla/5.0 (X11; Linux x86_64; rv:25.0) Gecko/20100101 Firefox/25.0"
179.187.211.191 - - [26/Nov/2013:02:54:22 -0600] "GET /public/libros/languages/sql/SQL.Cookbook.2005.pdf HTTP/1.1" 206 65536 "http://www.google.com.br/url?sa=t&rct=j&q=&esrc=s&source=web&cd=4&ved=0CEAQFjAD&url=http%3A%2F%2Fbuhoz.net%2Fpublic%2Flibros%2Flanguages%2Fsql%2FSQL.Cookbook.2005.pdf&ei=XIN3Ut7DFsfNkQfC34HABQ&usg=AFQjCNG_0XEnwOT9Hn4_ByQYn-bGSc7hZw&bvm=bv.55819444,d.eW0" "Mozilla/5.0 (X11; Linux x86_64; rv:25.0) Gecko/20100101 Firefox/25.0"
179.187.211.191 - - [26/Nov/2013:02:54:22 -0600] "GET /public/libros/languages/sql/SQL.Cookbook.2005.pdf HTTP/1.1" 206 65536 "http://www.google.com.br/url?sa=t&rct=j&q=&esrc=s&source=web&cd=4&ved=0CEAQFjAD&url=http%3A%2F%2Fbuhoz.net%2Fpublic%2Flibros%2Flanguages%2Fsql%2FSQL.Cookbook.2005.pdf&ei=XIN3Ut7DFsfNkQfC34HABQ&usg=AFQjCNG_0XEnwOT9Hn4_ByQYn-bGSc7hZw&bvm=bv.55819444,d.eW0" "Mozilla/5.0 (X11; Linux x86_64; rv:25.0) Gecko/20100101 Firefox/25.0"
179.187.211.191 - - [26/Nov/2013:02:54:23 -0600] "GET /public/libros/languages/sql/SQL.Cookbook.2005.pdf HTTP/1.1" 206 65536 "http://www.google.com.br/url?sa=t&rct=j&q=&esrc=s&source=web&cd=4&ved=0CEAQFjAD&url=http%3A%2F%2Fbuhoz.net%2Fpublic%2Flibros%2Flanguages%2Fsql%2FSQL.Cookbook.2005.pdf&ei=XIN3Ut7DFsfNkQfC34HABQ&usg=AFQjCNG_0XEnwOT9Hn4_ByQYn-bGSc7hZw&bvm=bv.55819444,d.eW0" "Mozilla/5.0 (X11; Linux x86_64; rv:25.0) Gecko/20100101 Firefox/25.0"
179.187.211.191 - - [26/Nov/2013:02:54:24 -0600] "GET /public/libros/languages/sql/SQL.Cookbook.2005.pdf HTTP/1.1" 206 1572864 "http://www.google.com.br/url?sa=t&rct=j&q=&esrc=s&source=web&cd=4&ved=0CEAQFjAD&url=http%3A%2F%2Fbuhoz.net%2Fpublic%2Flibros%2Flanguages%2Fsql%2FSQL.Cookbook.2005.pdf&ei=XIN3Ut7DFsfNkQfC34HABQ&usg=AFQjCNG_0XEnwOT9Hn4_ByQYn-bGSc7hZw&bvm=bv.55819444,d.eW0" "Mozilla/5.0 (X11; Linux x86_64; rv:25.0) Gecko/20100101 Firefox/25.0"
179.187.211.191 - - [26/Nov/2013:02:54:18 -0600] "GET /public/libros/languages/sql/SQL.Cookbook.2005.pdf HTTP/1.1" 200 2093360 "http://www.google.com.br/url?sa=t&rct=j&q=&esrc=s&source=web&cd=4&ved=0CEAQFjAD&url=http%3A%2F%2Fbuhoz.net%2Fpublic%2Flibros%2Flanguages%2Fsql%2FSQL.Cookbook.2005.pdf&ei=XIN3Ut7DFsfNkQfC34HABQ&usg=AFQjCNG_0XEnwOT9Hn4_ByQYn-bGSc7hZw&bvm=bv.55819444,d.eW0" "Mozilla/5.0 (X11; Linux x86_64; rv:25.0) Gecko/20100101 Firefox/25.0"
66.249.64.7 - - [26/Nov/2013:02:58:02 -0600] "GET /fotos/var/resizes/2007_001/04/granada/P1000149.JPG?m=1341724070 HTTP/1.1" 200 129782 "-" "Googlebot-Image/1.0"
66.249.64.1 - - [26/Nov/2013:03:01:34 -0600] "GET /fotos/index.php/2007_001/04/granada?show=147 HTTP/1.1" 302 146 "-" "Mozilla/5.0 (compatible; Googlebot/2.1; +http://www.google.com/bot.html)"
66.249.64.8 - - [26/Nov/2013:03:01:35 -0600] "GET /fotos/index.php/2007_001/04/granada HTTP/1.1" 200 12433 "-" "Mozilla/5.0 (compatible; Googlebot/2.1; +http://www.google.com/bot.html)"
66.249.64.7 - - [26/Nov/2013:03:01:55 -0600] "GET /fotos/var/albums/Cosas%20del%202008/Julio/Atenas_Grecia/P1010616.JPG?m=1341724970 HTTP/1.1" 200 1445189 "-" "Googlebot-Image/1.0"
5.10.83.11 - - [26/Nov/2013:03:04:26 -0600] "GET /fotos/index.php/2013/vacaciones-julio/2013-07-17-17_32_06 HTTP/1.1" 200 9571 "-" "Mozilla/5.0 (compatible; AhrefsBot/5.0; +http://ahrefs.com/robot/)"
5.10.83.82 - - [26/Nov/2013:03:04:49 -0600] "GET /fotos/index.php/2011/07-taramundi?show=4747 HTTP/1.1" 302 158 "-" "Mozilla/5.0 (compatible; AhrefsBot/5.0; +http://ahrefs.com/robot/)"
66.249.64.8 - - [26/Nov/2013:03:05:50 -0600] "GET /fotos/var/thumbs/Cosas%20del%202008/Julio/Hannover/festival/P1010831.JPG?m=1341726000 HTTP/1.1" 200 29107 "-" "Googlebot-Image/1.0"
5.10.83.15 - - [26/Nov/2013:03:07:09 -0600] "GET /fotos/index.php/form/add/comments/4461 HTTP/1.1" 200 1577 "-" "Mozilla/5.0 (compatible; AhrefsBot/5.0; +http://ahrefs.com/robot/)"
157.56.229.186 - - [26/Nov/2013:03:08:48 -0600] "GET / HTTP/1.1" 200 1601 "-" "Mozilla/5.0 (compatible; bingbot/2.0; +http://www.bing.com/bingbot.htm)"
5.10.83.78 - - [26/Nov/2013:03:09:23 -0600] "GET / HTTP/1.1" 200 1601 "-" "Mozilla/5.0 (compatible; AhrefsBot/5.0; +http://ahrefs.com/robot/)"
5.10.83.104 - - [26/Nov/2013:03:09:41 -0600] "GET /fotos/index.php/form/add/comments/4041 HTTP/1.1" 200 1577 "-" "Mozilla/5.0 (compatible; AhrefsBot/5.0; +http://ahrefs.com/robot/)"
66.249.64.1 - - [26/Nov/2013:03:09:43 -0600] "GET /fotos/var/thumbs/2012/agosto-visita-hermosillo/P1080846.JPG?m=1347626446 HTTP/1.1" 200 33736 "-" "Googlebot-Image/1.0"
5.10.83.78 - - [26/Nov/2013:03:10:40 -0600] "GET /tag/computer HTTP/1.1" 200 7281 "-" "Mozilla/5.0 (compatible; AhrefsBot/5.0; +http://ahrefs.com/robot/)"
180.76.5.107 - - [26/Nov/2013:03:11:37 -0600] "GET /fotos/index.php/2011/05-cordoba?page=12 HTTP/1.1" 200 12032 "-" "Mozilla/5.0 (compatible; Baiduspider/2.0; +http://www.baidu.com/search/spider.html)"
66.249.64.1 - - [26/Nov/2013:03:13:38 -0600] "GET /fotos/var/albums/2013/yuyu/P1090364.JPG?m=1367883993 HTTP/1.1" 200 1542929 "-" "Googlebot-Image/1.0"
66.249.64.8 - - [26/Nov/2013:03:17:33 -0600] "GET /fotos/var/albums/2012/marzo-tule/P1080194.JPG?m=1342134391 HTTP/1.1" 200 959304 "-" "Googlebot-Image/1.0"
177.179.104.97 - - [26/Nov/2013:03:18:08 -0600] "GET / HTTP/1.1" 200 1601 "-" "Mozilla/5.0 (compatible; Googlebot/2.1; +http://www.google.com/bot.html)"
5.10.83.11 - - [26/Nov/2013:03:19:44 -0600] "GET /tag/food HTTP/1.1" 200 7260 "-" "Mozilla/5.0 (compatible; AhrefsBot/5.0; +http://ahrefs.com/robot/)"
5.10.83.86 - - [26/Nov/2013:03:19:56 -0600] "GET /fotos/index.php/rss/feed/gallery/album/127 HTTP/1.1" 200 34841 "-" "Mozilla/5.0 (compatible; AhrefsBot/5.0; +http://ahrefs.com/robot/)"
5.10.83.78 - - [26/Nov/2013:03:20:42 -0600] "GET /fotos/index.php/2011/07-taramundi?show=4498 HTTP/1.1" 302 156 "-" "Mozilla/5.0 (compatible; AhrefsBot/5.0; +http://ahrefs.com/robot/)"
213.186.127.12 - - [26/Nov/2013:03:20:51 -0600] "GET /fotos/index.php/rss/feed/gallery/album/1 HTTP/1.1" 200 33825 "-" "AhrefsBot.Feeds v0.1; http://ahrefs.com/"
66.249.64.7 - - [26/Nov/2013:03:21:25 -0600] "GET /fotos/var/resizes/2011/02-sevilla/P1070040.JPG?m=1341765210 HTTP/1.1" 200 85740 "-" "Googlebot-Image/1.0"
5.10.83.28 - - [26/Nov/2013:03:21:29 -0600] "GET /fotos/index.php/2012/julio-african-safari-puebla/P1080512 HTTP/1.1" 200 9526 "-" "Mozilla/5.0 (compatible; AhrefsBot/5.0; +http://ahrefs.com/robot/)"
5.10.83.95 - - [26/Nov/2013:03:21:32 -0600] "GET /fotos/var/albums/2010/10-albacete/Foto-0062.jpg?m=1341763655 HTTP/1.1" 200 281010 "-" "Mozilla/5.0 (compatible; AhrefsBot/5.0; +http://ahrefs.com/robot/)"
5.10.83.28 - - [26/Nov/2013:03:23:33 -0600] "GET /fotos/index.php/2010/01-egipto/12-03saqqara?page=5 HTTP/1.1" 200 12714 "-" "Mozilla/5.0 (compatible; AhrefsBot/5.0; +http://ahrefs.com/robot/)"
5.10.83.104 - - [26/Nov/2013:03:24:21 -0600] "GET /fotos/var/albums/2011/05-cordoba/P1070206.JPG?m=1341764232 HTTP/1.1" 200 1494135 "-" "Mozilla/5.0 (compatible; AhrefsBot/5.0; +http://ahrefs.com/robot/)"
5.10.83.3 - - [26/Nov/2013:03:24:31 -0600] "GET /fotos/index.php/2010/01-egipto/09-01abu-simbel?show=1774 HTTP/1.1" 302 182 "-" "Mozilla/5.0 (compatible; AhrefsBot/5.0; +http://ahrefs.com/robot/)"
177.224.40.76 - - [26/Nov/2013:03:25:04 -0600] "GET /fotos/var/albums/Cosas%20del%202008/Abril/La%20Playa/P1010195.JPG?m=1341724537 HTTP/1.1" 200 1620230 "https://www.google.com.mx/" "Mozilla/5.0 (iPhone; CPU iPhone OS 6_1 like Mac OS X) AppleWebKit/536.26 (KHTML, like Gecko) Version/6.0 Mobile/10B141 Safari/8536.25"
66.249.64.8 - - [26/Nov/2013:03:25:21 -0600] "GET /fotos/var/thumbs/2011/05-cordoba/P1070322.JPG?m=1341764519 HTTP/1.1" 200 38378 "-" "Googlebot-Image/1.0"
177.224.40.76 - - [26/Nov/2013:03:26:26 -0600] "GET /fotos/var/albums/Cosas%20del%202008/Julio/Atenas_Grecia/P1010652.JPG?m=1341725069 HTTP/1.1" 200 1563687 "https://www.google.com.mx/" "Mozilla/5.0 (iPhone; CPU iPhone OS 6_1 like Mac OS X) AppleWebKit/536.26 (KHTML, like Gecko) Version/6.0 Mobile/10B141 Safari/8536.25"
5.10.83.17 - - [26/Nov/2013:03:27:05 -0600] "GET /fotos/index.php/2013/vacaciones-julio?show=5942 HTTP/1.1" 302 166 "-" "Mozilla/5.0 (compatible; AhrefsBot/5.0; +http://ahrefs.com/robot/)"
5.10.83.41 - - [26/Nov/2013:03:27:22 -0600] "GET /fotos/index.php/2012/julio-visita-veracruz/P1080787 HTTP/1.1" 200 9474 "-" "Mozilla/5.0 (compatible; AhrefsBot/5.0; +http://ahrefs.com/robot/)"
66.249.64.7 - - [26/Nov/2013:03:29:14 -0600] "GET /fotos/var/resizes/Cosas%20del%202008/Julio/Hannover/jardines/P1010839.JPG?m=1341725510 HTTP/1.1" 200 144819 "-" "Googlebot-Image/1.0"
157.55.33.115 - - [26/Nov/2013:03:30:05 -0600] "GET /fotos/index.php/Cosas-del-2008/Febrero HTTP/1.1" 200 11001 "-" "Mozilla/5.0 (compatible; bingbot/2.0; +http://www.bing.com/bingbot.htm)"
66.249.64.1 - - [26/Nov/2013:03:30:22 -0600] "GET /fotos/index.php/2010/01-egipto/12-06zonamusulman/P1040692 HTTP/1.1" 200 9713 "-" "Mozilla/5.0 (compatible; Googlebot/2.1; +http://www.google.com/bot.html)"
66.249.64.1 - - [26/Nov/2013:03:32:59 -0600] "GET /tag/computer HTTP/1.1" 200 7281 "-" "SAMSUNG-SGH-E250/1.0 Profile/MIDP-2.0 Configuration/CLDC-1.1 UP.Browser/6.2.3.3.c.1.101 (GUI) MMP/2.0 (compatible; Googlebot-Mobile/2.1; +http://www.google.com/bot.html)"
66.249.64.8 - - [26/Nov/2013:03:33:01 -0600] "GET /fotos/var/albums/2010/01-egipto/12-06zonamusulman/P1040692.JPG?m=1341730153 HTTP/1.1" 200 1557364 "-" "Googlebot-Image/1.0"
66.249.74.43 - - [26/Nov/2013:03:33:06 -0600] "GET /fotos/index.php/Cosas-del-2008/Octubre HTTP/1.1" 200 8351 "-" "DoCoMo/2.0 N905i(c100;TB;W24H16) (compatible; Googlebot-Mobile/2.1; +http://www.google.com/bot.html)"
66.249.64.8 - - [26/Nov/2013:03:33:09 -0600] "GET /fotos/var/resizes/Cosas%20del%202008/Julio/Hannover/linea_roja/P1010714.JPG?m=1341725286 HTTP/1.1" 200 104447 "-" "Googlebot-Image/1.0"
5.10.83.104 - - [26/Nov/2013:03:35:11 -0600] "GET /fotos/index.php/form/add/comments/5784 HTTP/1.1" 200 1577 "-" "Mozilla/5.0 (compatible; AhrefsBot/5.0; +http://ahrefs.com/robot/)"
5.10.83.28 - - [26/Nov/2013:03:36:05 -0600] "GET /fotos/index.php/2012/marzo-monte-alban/P1080135 HTTP/1.1" 200 9442 "-" "Mozilla/5.0 (compatible; AhrefsBot/5.0; +http://ahrefs.com/robot/)"
5.10.83.82 - - [26/Nov/2013:03:36:59 -0600] "GET /fotos/index.php/2011/07-taramundi?show=4737 HTTP/1.1" 302 158 "-" "Mozilla/5.0 (compatible; AhrefsBot/5.0; +http://ahrefs.com/robot/)"
66.249.64.7 - - [26/Nov/2013:03:37:04 -0600] "GET /fotos/var/thumbs/2010/01-egipto/11-03templo-karnak/P1040425.JPG?m=1341729766 HTTP/1.1" 200 34459 "-" "Googlebot-Image/1.0"
66.249.64.8 - - [26/Nov/2013:03:37:30 -0600] "GET /fotos/main.php?g2_view=shutterfly.PrintPhotos&g2_itemId=7568&g2_returnUrl=http%3A%2F%2Fbuhoz.net%2Ffotos%2Fmain.php%3Fg2_itemId%3D7568&g2_authToken=aab288928165 HTTP/1.1" 404 3280 "-" "Mozilla/5.0 (compatible; Googlebot/2.1; +http://www.google.com/bot.html)"
5.10.83.95 - - [26/Nov/2013:03:37:47 -0600] "GET /fotos/index.php/form/add/comments/5608 HTTP/1.1" 200 1577 "-" "Mozilla/5.0 (compatible; AhrefsBot/5.0; +http://ahrefs.com/robot/)"
5.10.83.78 - - [26/Nov/2013:03:38:12 -0600] "GET /fotos/index.php/form/add/comments/215 HTTP/1.1" 200 1575 "-" "Mozilla/5.0 (compatible; AhrefsBot/5.0; +http://ahrefs.com/robot/)"
5.10.83.3 - - [26/Nov/2013:03:38:20 -0600] "GET /fotos/index.php/form/add/comments/1860 HTTP/1.1" 200 1577 "-" "Mozilla/5.0 (compatible; AhrefsBot/5.0; +http://ahrefs.com/robot/)"
5.10.83.3 - - [26/Nov/2013:03:39:26 -0600] "GET /fotos/index.php/2012/marzo-monte-alban?page=7 HTTP/1.1" 200 12195 "-" "Mozilla/5.0 (compatible; AhrefsBot/5.0; +http://ahrefs.com/robot/)"
5.10.83.15 - - [26/Nov/2013:03:39:30 -0600] "GET /fotos/index.php/2007_001/04/granada/P1000158 HTTP/1.1" 200 9896 "-" "Mozilla/5.0 (compatible; AhrefsBot/5.0; +http://ahrefs.com/robot/)"
5.10.83.28 - - [26/Nov/2013:03:40:54 -0600] "GET /fotos/var/albums/2009/08/08/P1030607.JPG?m=1341728066 HTTP/1.1" 200 2416208 "-" "Mozilla/5.0 (compatible; AhrefsBot/5.0; +http://ahrefs.com/robot/)"
66.249.64.8 - - [26/Nov/2013:03:40:56 -0600] "GET /fotos/var/albums/Cosas%20del%202008/Octubre/barcelona/parque_guell/p1020367.jpg?m=1341726639 HTTP/1.1" 200 1563622 "-" "Googlebot-Image/1.0"
5.10.83.78 - - [26/Nov/2013:03:41:23 -0600] "GET /fotos/index.php/2010/03-04-viaje HTTP/1.1" 200 8946 "-" "Mozilla/5.0 (compatible; AhrefsBot/5.0; +http://ahrefs.com/robot/)"
5.10.83.17 - - [26/Nov/2013:03:41:33 -0600] "GET /fotos/index.php/2013/vacaciones-julio?show=5769 HTTP/1.1" 302 164 "-" "Mozilla/5.0 (compatible; AhrefsBot/5.0; +http://ahrefs.com/robot/)"
66.249.64.1 - - [26/Nov/2013:03:44:52 -0600] "GET /fotos/var/thumbs/2010/01-egipto/11-03templo-karnak/P1040431.JPG?m=1341729780 HTTP/1.1" 200 33979 "-" "Googlebot-Image/1.0"
66.249.64.7 - - [26/Nov/2013:03:48:45 -0600] "GET /fotos/var/albums/2009/08/05/P1030402.JPG?m=1341727710 HTTP/1.1" 200 1484655 "-" "Googlebot-Image/1.0"
5.10.83.78 - - [26/Nov/2013:03:49:26 -0600] "GET /fotos/index.php/2012/julio-visita-veracruz?show=5401 HTTP/1.1" 302 176 "-" "Mozilla/5.0 (compatible; AhrefsBot/5.0; +http://ahrefs.com/robot/)"
5.10.83.86 - - [26/Nov/2013:03:50:22 -0600] "GET /fotos/index.php/2010/01-egipto/11-02templo-hatshetsup?page=1 HTTP/1.1" 200 12796 "-" "Mozilla/5.0 (compatible; AhrefsBot/5.0; +http://ahrefs.com/robot/)"
208.115.111.69 - - [26/Nov/2013:03:50:36 -0600] "GET /fotos/index.php/2010?show=34 HTTP/1.1" 302 116 "-" "Mozilla/5.0 (compatible; Ezooms/1.0; ezooms.bot@gmail.com)"
208.115.111.69 - - [26/Nov/2013:03:50:38 -0600] "GET /fotos/index.php/2011/05-cordoba/P1070160 HTTP/1.1" 200 9402 "-" "Mozilla/5.0 (compatible; Ezooms/1.0; ezooms.bot@gmail.com)"
208.115.111.69 - - [26/Nov/2013:03:50:40 -0600] "GET /fotos/index.php/rss/feed/gallery/latest HTTP/1.1" 200 32528 "-" "Mozilla/5.0 (compatible; Ezooms/1.0; ezooms.bot@gmail.com)"
5.10.83.86 - - [26/Nov/2013:03:51:04 -0600] "GET /fotos/index.php/2010/03-04-viaje/c-berlin/03-paseo/P1050467 HTTP/1.1" 200 9922 "-" "Mozilla/5.0 (compatible; AhrefsBot/5.0; +http://ahrefs.com/robot/)"
108.174.151.213 - - [26/Nov/2013:03:51:42 -0600] "GET /ws/word.php HTTP/1.0" 200 6 "-" "-"
108.174.151.213 - - [26/Nov/2013:03:51:43 -0600] "GET /ws/figlet.php?t=nabori&id=question HTTP/1.0" 200 185 "-" "-"
66.249.64.1 - - [26/Nov/2013:03:51:42 -0600] "GET /articles/2012/09/14/aprendiendo-a-resolver-el-cubo-de-rubik HTTP/1.1" 200 15051 "-" "Mozilla/5.0 (iPhone; CPU iPhone OS 6_0 like Mac OS X) AppleWebKit/536.26 (KHTML, like Gecko) Version/6.0 Mobile/10A5376e Safari/8536.25 (compatible; Googlebot-Mobile/2.1; +http://www.google.com/bot.html)"
66.249.64.8 - - [26/Nov/2013:03:52:40 -0600] "GET /fotos/var/thumbs/2011/05-cordoba/P1070318.JPG?m=1341764509 HTTP/1.1" 200 36643 "-" "Googlebot-Image/1.0"
5.10.83.78 - - [26/Nov/2013:03:53:03 -0600] "GET /fotos/var/albums/2010/01-egipto/12-01piramides/P1040562.JPG?m=1341728436 HTTP/1.1" 200 1473380 "-" "Mozilla/5.0 (compatible; AhrefsBot/5.0; +http://ahrefs.com/robot/)"
5.10.83.104 - - [26/Nov/2013:03:53:07 -0600] "GET /fotos/index.php/Cosas-del-2008/Julio/Hannover/jardines/P1010849 HTTP/1.1" 200 9966 "-" "Mozilla/5.0 (compatible; AhrefsBot/5.0; +http://ahrefs.com/robot/)"
180.76.5.85 - - [26/Nov/2013:03:55:31 -0600] "GET /fotos/index.php/2011/05-cordoba?page=7 HTTP/1.1" 200 12027 "-" "Mozilla/5.0 (compatible; Baiduspider/2.0; +http://www.baidu.com/search/spider.html)"
66.249.64.8 - - [26/Nov/2013:03:56:34 -0600] "GET /fotos/var/thumbs/2010/01-egipto/11-03templo-karnak/P1040428.JPG?m=1341729773 HTTP/1.1" 200 32705 "-" "Googlebot-Image/1.0"
5.10.83.74 - - [26/Nov/2013:03:56:45 -0600] "GET /fotos/index.php/form/add/comments/5037 HTTP/1.1" 200 1577 "-" "Mozilla/5.0 (compatible; AhrefsBot/5.0; +http://ahrefs.com/robot/)"
5.10.83.28 - - [26/Nov/2013:03:58:01 -0600] "GET /fotos/index.php/Cosas-del-2008/Julio/Atenas_Grecia?show=543 HTTP/1.1" 302 190 "-" "Mozilla/5.0 (compatible; AhrefsBot/5.0; +http://ahrefs.com/robot/)"
80.29.83.191 - - [26/Nov/2013:03:58:30 -0600] "GET /public/jose/images/navajas/taramundi/taramundi-ad-abierta.jpg HTTP/1.1" 200 61014 "http://armasblancas.mforos.com/933172/10493488-que-navaja-llevas-hoy-en-el-bolsillo/?pag=2" "Mozilla/5.0 (Windows NT 6.1; WOW64) AppleWebKit/537.36 (KHTML, like Gecko) Chrome/31.0.1650.57 Safari/537.36"
66.249.64.7 - - [26/Nov/2013:03:59:10 -0600] "GET /fotos/index.php/2009/04/convivencia_girasol/p1020665 HTTP/1.1" 200 9664 "-" "Mozilla/5.0 (compatible; Googlebot/2.1; +http://www.google.com/bot.html)"
66.249.64.7 - - [26/Nov/2013:04:00:27 -0600] "GET /fotos/var/resizes/2010/01-egipto/10-01templo-edfu/P1040132.JPG?m=1341729249 HTTP/1.1" 200 75594 "-" "Googlebot-Image/1.0"
66.249.64.7 - - [26/Nov/2013:04:03:00 -0600] "GET /fotos/index.php/2010/01-senderismo/P1040743 HTTP/1.1" 200 9379 "-" "Mozilla/5.0 (compatible; Googlebot/2.1; +http://www.google.com/bot.html)"
66.249.64.7 - - [26/Nov/2013:04:04:23 -0600] "GET /fotos/var/thumbs/2010/01-egipto/12-03saqqara/P1040604.JPG?m=1341729036 HTTP/1.1" 200 32448 "-" "Googlebot-Image/1.0"
5.10.83.17 - - [26/Nov/2013:04:04:31 -0600] "GET /fotos/index.php/2010/06-guimaraes?show=3726 HTTP/1.1" 302 156 "-" "Mozilla/5.0 (compatible; AhrefsBot/5.0; +http://ahrefs.com/robot/)"
66.249.64.7 - - [26/Nov/2013:04:04:37 -0600] "GET /fotos/main.php?g2_view=shutterfly.PrintPhotos&g2_itemId=6207&g2_returnUrl=http%3A%2F%2Fbuhoz.net%2Ffotos%2Fmain.php%3Fg2_itemId%3D6207&g2_authToken=7ee2bc29910d HTTP/1.1" 404 3280 "-" "Mozilla/5.0 (compatible; Googlebot/2.1; +http://www.google.com/bot.html)"
66.249.64.1 - - [26/Nov/2013:04:04:38 -0600] "GET /fotos/index.php/items/dimensions/2312 HTTP/1.1" 200 57 "-" "Mozilla/5.0 (compatible; Googlebot/2.1; +http://www.google.com/bot.html)"
5.10.83.3 - - [26/Nov/2013:04:04:53 -0600] "GET /fotos/var/albums/2010/03-04-viaje/b-viena/P1050310.JPG?m=1341760207 HTTP/1.1" 200 1412046 "-" "Mozilla/5.0 (compatible; AhrefsBot/5.0; +http://ahrefs.com/robot/)"
5.10.83.82 - - [26/Nov/2013:04:05:00 -0600] "GET /fotos/index.php/2010/01-egipto/12-01piramides/P1040520 HTTP/1.1" 200 9701 "-" "Mozilla/5.0 (compatible; AhrefsBot/5.0; +http://ahrefs.com/robot/)"
5.10.83.78 - - [26/Nov/2013:04:05:41 -0600] "GET /fotos/index.php/2007_001/11 HTTP/1.1" 200 6977 "-" "Mozilla/5.0 (compatible; AhrefsBot/5.0; +http://ahrefs.com/robot/)"
108.174.151.213 - - [26/Nov/2013:04:06:18 -0600] "GET /ws/word.php HTTP/1.0" 200 8 "-" "-"
108.174.151.213 - - [26/Nov/2013:04:06:19 -0600] "GET /ws/figlet.php?t=cavadura&id=question HTTP/1.0" 200 369 "-" "-"
5.10.83.11 - - [26/Nov/2013:04:06:17 -0600] "GET /articles/2011/11/17/reparando-y-restaurando-un-teclado-ibm-model-m2-1395720 HTTP/1.1" 200 18248 "-" "Mozilla/5.0 (compatible; AhrefsBot/5.0; +http://ahrefs.com/robot/)"
88.26.209.119 - - [26/Nov/2013:04:06:59 -0600] "GET /public/libros/autonomy_life/Manual-para-la-construccion-de-Hornos-caseros.pdf HTTP/1.1" 200 5612490 "http://www.google.es/url?sa=t&rct=j&q=&esrc=s&source=web&cd=110&ved=0CHcQFjAJOGQ&url=http%3A%2F%2Fbuhoz.net%2Fpublic%2Flibros%2Fautonomy_life%2FManual-para-la-construccion-de-Hornos-caseros.pdf&ei=uXKUUoCbKsSg0wXC-YC4BQ&usg=AFQjCNH80DzJtdlqizDTl6ZBO1a4oopCiw&bvm=bv.57155469,d.d2k" "Mozilla/5.0 (Windows NT 5.2; rv:25.0) Gecko/20100101 Firefox/25.0"
88.26.209.119 - - [26/Nov/2013:04:07:00 -0600] "GET /favicon.ico HTTP/1.1" 404 3119 "-" "Mozilla/5.0 (Windows NT 5.2; rv:25.0) Gecko/20100101 Firefox/25.0"
88.26.209.119 - - [26/Nov/2013:04:07:00 -0600] "GET /public/libros/autonomy_life/Manual-para-la-construccion-de-Hornos-caseros.pdf HTTP/1.1" 206 65536 "http://www.google.es/url?sa=t&rct=j&q=&esrc=s&source=web&cd=110&ved=0CHcQFjAJOGQ&url=http%3A%2F%2Fbuhoz.net%2Fpublic%2Flibros%2Fautonomy_life%2FManual-para-la-construccion-de-Hornos-caseros.pdf&ei=uXKUUoCbKsSg0wXC-YC4BQ&usg=AFQjCNH80DzJtdlqizDTl6ZBO1a4oopCiw&bvm=bv.57155469,d.d2k" "Mozilla/5.0 (Windows NT 5.2; rv:25.0) Gecko/20100101 Firefox/25.0"
88.26.209.119 - - [26/Nov/2013:04:07:00 -0600] "GET /favicon.ico HTTP/1.1" 404 3119 "-" "Mozilla/5.0 (Windows NT 5.2; rv:25.0) Gecko/20100101 Firefox/25.0"
88.26.209.119 - - [26/Nov/2013:04:07:00 -0600] "GET /public/libros/autonomy_life/Manual-para-la-construccion-de-Hornos-caseros.pdf HTTP/1.1" 206 41930 "http://www.google.es/url?sa=t&rct=j&q=&esrc=s&source=web&cd=110&ved=0CHcQFjAJOGQ&url=http%3A%2F%2Fbuhoz.net%2Fpublic%2Flibros%2Fautonomy_life%2FManual-para-la-construccion-de-Hornos-caseros.pdf&ei=uXKUUoCbKsSg0wXC-YC4BQ&usg=AFQjCNH80DzJtdlqizDTl6ZBO1a4oopCiw&bvm=bv.57155469,d.d2k" "Mozilla/5.0 (Windows NT 5.2; rv:25.0) Gecko/20100101 Firefox/25.0"
88.26.209.119 - - [26/Nov/2013:04:07:00 -0600] "GET /public/libros/autonomy_life/Manual-para-la-construccion-de-Hornos-caseros.pdf HTTP/1.1" 206 65536 "http://www.google.es/url?sa=t&rct=j&q=&esrc=s&source=web&cd=110&ved=0CHcQFjAJOGQ&url=http%3A%2F%2Fbuhoz.net%2Fpublic%2Flibros%2Fautonomy_life%2FManual-para-la-construccion-de-Hornos-caseros.pdf&ei=uXKUUoCbKsSg0wXC-YC4BQ&usg=AFQjCNH80DzJtdlqizDTl6ZBO1a4oopCiw&bvm=bv.57155469,d.d2k" "Mozilla/5.0 (Windows NT 5.2; rv:25.0) Gecko/20100101 Firefox/25.0"
88.26.209.119 - - [26/Nov/2013:04:07:01 -0600] "GET /public/libros/autonomy_life/Manual-para-la-construccion-de-Hornos-caseros.pdf HTTP/1.1" 206 65536 "http://www.google.es/url?sa=t&rct=j&q=&esrc=s&source=web&cd=110&ved=0CHcQFjAJOGQ&url=http%3A%2F%2Fbuhoz.net%2Fpublic%2Flibros%2Fautonomy_life%2FManual-para-la-construccion-de-Hornos-caseros.pdf&ei=uXKUUoCbKsSg0wXC-YC4BQ&usg=AFQjCNH80DzJtdlqizDTl6ZBO1a4oopCiw&bvm=bv.57155469,d.d2k" "Mozilla/5.0 (Windows NT 5.2; rv:25.0) Gecko/20100101 Firefox/25.0"
88.26.209.119 - - [26/Nov/2013:04:07:02 -0600] "GET /public/libros/autonomy_life/Manual-para-la-construccion-de-Hornos-caseros.pdf HTTP/1.1" 206 65536 "http://www.google.es/url?sa=t&rct=j&q=&esrc=s&source=web&cd=110&ved=0CHcQFjAJOGQ&url=http%3A%2F%2Fbuhoz.net%2Fpublic%2Flibros%2Fautonomy_life%2FManual-para-la-construccion-de-Hornos-caseros.pdf&ei=uXKUUoCbKsSg0wXC-YC4BQ&usg=AFQjCNH80DzJtdlqizDTl6ZBO1a4oopCiw&bvm=bv.57155469,d.d2k" "Mozilla/5.0 (Windows NT 5.2; rv:25.0) Gecko/20100101 Firefox/25.0"
88.26.209.119 - - [26/Nov/2013:04:07:03 -0600] "GET /public/libros/autonomy_life/Manual-para-la-construccion-de-Hornos-caseros.pdf HTTP/1.1" 206 65536 "http://www.google.es/url?sa=t&rct=j&q=&esrc=s&source=web&cd=110&ved=0CHcQFjAJOGQ&url=http%3A%2F%2Fbuhoz.net%2Fpublic%2Flibros%2Fautonomy_life%2FManual-para-la-construccion-de-Hornos-caseros.pdf&ei=uXKUUoCbKsSg0wXC-YC4BQ&usg=AFQjCNH80DzJtdlqizDTl6ZBO1a4oopCiw&bvm=bv.57155469,d.d2k" "Mozilla/5.0 (Windows NT 5.2; rv:25.0) Gecko/20100101 Firefox/25.0"
88.26.209.119 - - [26/Nov/2013:04:07:04 -0600] "GET /public/libros/autonomy_life/Manual-para-la-construccion-de-Hornos-caseros.pdf HTTP/1.1" 206 65536 "http://www.google.es/url?sa=t&rct=j&q=&esrc=s&source=web&cd=110&ved=0CHcQFjAJOGQ&url=http%3A%2F%2Fbuhoz.net%2Fpublic%2Flibros%2Fautonomy_life%2FManual-para-la-construccion-de-Hornos-caseros.pdf&ei=uXKUUoCbKsSg0wXC-YC4BQ&usg=AFQjCNH80DzJtdlqizDTl6ZBO1a4oopCiw&bvm=bv.57155469,d.d2k" "Mozilla/5.0 (Windows NT 5.2; rv:25.0) Gecko/20100101 Firefox/25.0"
88.26.209.119 - - [26/Nov/2013:04:07:05 -0600] "GET /public/libros/autonomy_life/Manual-para-la-construccion-de-Hornos-caseros.pdf HTTP/1.1" 206 65536 "http://www.google.es/url?sa=t&rct=j&q=&esrc=s&source=web&cd=110&ved=0CHcQFjAJOGQ&url=http%3A%2F%2Fbuhoz.net%2Fpublic%2Flibros%2Fautonomy_life%2FManual-para-la-construccion-de-Hornos-caseros.pdf&ei=uXKUUoCbKsSg0wXC-YC4BQ&usg=AFQjCNH80DzJtdlqizDTl6ZBO1a4oopCiw&bvm=bv.57155469,d.d2k" "Mozilla/5.0 (Windows NT 5.2; rv:25.0) Gecko/20100101 Firefox/25.0"
88.26.209.119 - - [26/Nov/2013:04:07:06 -0600] "GET /public/libros/autonomy_life/Manual-para-la-construccion-de-Hornos-caseros.pdf HTTP/1.1" 206 65536 "http://www.google.es/url?sa=t&rct=j&q=&esrc=s&source=web&cd=110&ved=0CHcQFjAJOGQ&url=http%3A%2F%2Fbuhoz.net%2Fpublic%2Flibros%2Fautonomy_life%2FManual-para-la-construccion-de-Hornos-caseros.pdf&ei=uXKUUoCbKsSg0wXC-YC4BQ&usg=AFQjCNH80DzJtdlqizDTl6ZBO1a4oopCiw&bvm=bv.57155469,d.d2k" "Mozilla/5.0 (Windows NT 5.2; rv:25.0) Gecko/20100101 Firefox/25.0"
88.26.209.119 - - [26/Nov/2013:04:07:07 -0600] "GET /public/libros/autonomy_life/Manual-para-la-construccion-de-Hornos-caseros.pdf HTTP/1.1" 206 65536 "http://www.google.es/url?sa=t&rct=j&q=&esrc=s&source=web&cd=110&ved=0CHcQFjAJOGQ&url=http%3A%2F%2Fbuhoz.net%2Fpublic%2Flibros%2Fautonomy_life%2FManual-para-la-construccion-de-Hornos-caseros.pdf&ei=uXKUUoCbKsSg0wXC-YC4BQ&usg=AFQjCNH80DzJtdlqizDTl6ZBO1a4oopCiw&bvm=bv.57155469,d.d2k" "Mozilla/5.0 (Windows NT 5.2; rv:25.0) Gecko/20100101 Firefox/25.0"
88.26.209.119 - - [26/Nov/2013:04:07:07 -0600] "GET /public/libros/autonomy_life/Manual-para-la-construccion-de-Hornos-caseros.pdf HTTP/1.1" 206 65536 "http://www.google.es/url?sa=t&rct=j&q=&esrc=s&source=web&cd=110&ved=0CHcQFjAJOGQ&url=http%3A%2F%2Fbuhoz.net%2Fpublic%2Flibros%2Fautonomy_life%2FManual-para-la-construccion-de-Hornos-caseros.pdf&ei=uXKUUoCbKsSg0wXC-YC4BQ&usg=AFQjCNH80DzJtdlqizDTl6ZBO1a4oopCiw&bvm=bv.57155469,d.d2k" "Mozilla/5.0 (Windows NT 5.2; rv:25.0) Gecko/20100101 Firefox/25.0"
88.26.209.119 - - [26/Nov/2013:04:07:08 -0600] "GET /public/libros/autonomy_life/Manual-para-la-construccion-de-Hornos-caseros.pdf HTTP/1.1" 206 65536 "http://www.google.es/url?sa=t&rct=j&q=&esrc=s&source=web&cd=110&ved=0CHcQFjAJOGQ&url=http%3A%2F%2Fbuhoz.net%2Fpublic%2Flibros%2Fautonomy_life%2FManual-para-la-construccion-de-Hornos-caseros.pdf&ei=uXKUUoCbKsSg0wXC-YC4BQ&usg=AFQjCNH80DzJtdlqizDTl6ZBO1a4oopCiw&bvm=bv.57155469,d.d2k" "Mozilla/5.0 (Windows NT 5.2; rv:25.0) Gecko/20100101 Firefox/25.0"
88.26.209.119 - - [26/Nov/2013:04:07:09 -0600] "GET /public/libros/autonomy_life/Manual-para-la-construccion-de-Hornos-caseros.pdf HTTP/1.1" 206 65536 "http://www.google.es/url?sa=t&rct=j&q=&esrc=s&source=web&cd=110&ved=0CHcQFjAJOGQ&url=http%3A%2F%2Fbuhoz.net%2Fpublic%2Flibros%2Fautonomy_life%2FManual-para-la-construccion-de-Hornos-caseros.pdf&ei=uXKUUoCbKsSg0wXC-YC4BQ&usg=AFQjCNH80DzJtdlqizDTl6ZBO1a4oopCiw&bvm=bv.57155469,d.d2k" "Mozilla/5.0 (Windows NT 5.2; rv:25.0) Gecko/20100101 Firefox/25.0"
88.26.209.119 - - [26/Nov/2013:04:07:10 -0600] "GET /public/libros/autonomy_life/Manual-para-la-construccion-de-Hornos-caseros.pdf HTTP/1.1" 206 65536 "http://www.google.es/url?sa=t&rct=j&q=&esrc=s&source=web&cd=110&ved=0CHcQFjAJOGQ&url=http%3A%2F%2Fbuhoz.net%2Fpublic%2Flibros%2Fautonomy_life%2FManual-para-la-construccion-de-Hornos-caseros.pdf&ei=uXKUUoCbKsSg0wXC-YC4BQ&usg=AFQjCNH80DzJtdlqizDTl6ZBO1a4oopCiw&bvm=bv.57155469,d.d2k" "Mozilla/5.0 (Windows NT 5.2; rv:25.0) Gecko/20100101 Firefox/25.0"
88.26.209.119 - - [26/Nov/2013:04:07:11 -0600] "GET /public/libros/autonomy_life/Manual-para-la-construccion-de-Hornos-caseros.pdf HTTP/1.1" 206 65536 "http://www.google.es/url?sa=t&rct=j&q=&esrc=s&source=web&cd=110&ved=0CHcQFjAJOGQ&url=http%3A%2F%2Fbuhoz.net%2Fpublic%2Flibros%2Fautonomy_life%2FManual-para-la-construccion-de-Hornos-caseros.pdf&ei=uXKUUoCbKsSg0wXC-YC4BQ&usg=AFQjCNH80DzJtdlqizDTl6ZBO1a4oopCiw&bvm=bv.57155469,d.d2k" "Mozilla/5.0 (Windows NT 5.2; rv:25.0) Gecko/20100101 Firefox/25.0"
88.26.209.119 - - [26/Nov/2013:04:07:11 -0600] "GET /public/libros/autonomy_life/Manual-para-la-construccion-de-Hornos-caseros.pdf HTTP/1.1" 206 65536 "http://www.google.es/url?sa=t&rct=j&q=&esrc=s&source=web&cd=110&ved=0CHcQFjAJOGQ&url=http%3A%2F%2Fbuhoz.net%2Fpublic%2Flibros%2Fautonomy_life%2FManual-para-la-construccion-de-Hornos-caseros.pdf&ei=uXKUUoCbKsSg0wXC-YC4BQ&usg=AFQjCNH80DzJtdlqizDTl6ZBO1a4oopCiw&bvm=bv.57155469,d.d2k" "Mozilla/5.0 (Windows NT 5.2; rv:25.0) Gecko/20100101 Firefox/25.0"
88.26.209.119 - - [26/Nov/2013:04:07:12 -0600] "GET /public/libros/autonomy_life/Manual-para-la-construccion-de-Hornos-caseros.pdf HTTP/1.1" 206 65536 "http://www.google.es/url?sa=t&rct=j&q=&esrc=s&source=web&cd=110&ved=0CHcQFjAJOGQ&url=http%3A%2F%2Fbuhoz.net%2Fpublic%2Flibros%2Fautonomy_life%2FManual-para-la-construccion-de-Hornos-caseros.pdf&ei=uXKUUoCbKsSg0wXC-YC4BQ&usg=AFQjCNH80DzJtdlqizDTl6ZBO1a4oopCiw&bvm=bv.57155469,d.d2k" "Mozilla/5.0 (Windows NT 5.2; rv:25.0) Gecko/20100101 Firefox/25.0"
88.26.209.119 - - [26/Nov/2013:04:07:13 -0600] "GET /public/libros/autonomy_life/Manual-para-la-construccion-de-Hornos-caseros.pdf HTTP/1.1" 206 65536 "http://www.google.es/url?sa=t&rct=j&q=&esrc=s&source=web&cd=110&ved=0CHcQFjAJOGQ&url=http%3A%2F%2Fbuhoz.net%2Fpublic%2Flibros%2Fautonomy_life%2FManual-para-la-construccion-de-Hornos-caseros.pdf&ei=uXKUUoCbKsSg0wXC-YC4BQ&usg=AFQjCNH80DzJtdlqizDTl6ZBO1a4oopCiw&bvm=bv.57155469,d.d2k" "Mozilla/5.0 (Windows NT 5.2; rv:25.0) Gecko/20100101 Firefox/25.0"
88.26.209.119 - - [26/Nov/2013:04:07:14 -0600] "GET /public/libros/autonomy_life/Manual-para-la-construccion-de-Hornos-caseros.pdf HTTP/1.1" 206 65536 "http://www.google.es/url?sa=t&rct=j&q=&esrc=s&source=web&cd=110&ved=0CHcQFjAJOGQ&url=http%3A%2F%2Fbuhoz.net%2Fpublic%2Flibros%2Fautonomy_life%2FManual-para-la-construccion-de-Hornos-caseros.pdf&ei=uXKUUoCbKsSg0wXC-YC4BQ&usg=AFQjCNH80DzJtdlqizDTl6ZBO1a4oopCiw&bvm=bv.57155469,d.d2k" "Mozilla/5.0 (Windows NT 5.2; rv:25.0) Gecko/20100101 Firefox/25.0"
88.26.209.119 - - [26/Nov/2013:04:07:16 -0600] "GET /public/libros/autonomy_life/Manual-para-la-construccion-de-Hornos-caseros.pdf HTTP/1.1" 206 65536 "http://www.google.es/url?sa=t&rct=j&q=&esrc=s&source=web&cd=110&ved=0CHcQFjAJOGQ&url=http%3A%2F%2Fbuhoz.net%2Fpublic%2Flibros%2Fautonomy_life%2FManual-para-la-construccion-de-Hornos-caseros.pdf&ei=uXKUUoCbKsSg0wXC-YC4BQ&usg=AFQjCNH80DzJtdlqizDTl6ZBO1a4oopCiw&bvm=bv.57155469,d.d2k" "Mozilla/5.0 (Windows NT 5.2; rv:25.0) Gecko/20100101 Firefox/25.0"
88.26.209.119 - - [26/Nov/2013:04:07:17 -0600] "GET /public/libros/autonomy_life/Manual-para-la-construccion-de-Hornos-caseros.pdf HTTP/1.1" 206 65536 "http://www.google.es/url?sa=t&rct=j&q=&esrc=s&source=web&cd=110&ved=0CHcQFjAJOGQ&url=http%3A%2F%2Fbuhoz.net%2Fpublic%2Flibros%2Fautonomy_life%2FManual-para-la-construccion-de-Hornos-caseros.pdf&ei=uXKUUoCbKsSg0wXC-YC4BQ&usg=AFQjCNH80DzJtdlqizDTl6ZBO1a4oopCiw&bvm=bv.57155469,d.d2k" "Mozilla/5.0 (Windows NT 5.2; rv:25.0) Gecko/20100101 Firefox/25.0"
88.26.209.119 - - [26/Nov/2013:04:07:18 -0600] "GET /public/libros/autonomy_life/Manual-para-la-construccion-de-Hornos-caseros.pdf HTTP/1.1" 206 65536 "http://www.google.es/url?sa=t&rct=j&q=&esrc=s&source=web&cd=110&ved=0CHcQFjAJOGQ&url=http%3A%2F%2Fbuhoz.net%2Fpublic%2Flibros%2Fautonomy_life%2FManual-para-la-construccion-de-Hornos-caseros.pdf&ei=uXKUUoCbKsSg0wXC-YC4BQ&usg=AFQjCNH80DzJtdlqizDTl6ZBO1a4oopCiw&bvm=bv.57155469,d.d2k" "Mozilla/5.0 (Windows NT 5.2; rv:25.0) Gecko/20100101 Firefox/25.0"
88.26.209.119 - - [26/Nov/2013:04:07:19 -0600] "GET /public/libros/autonomy_life/Manual-para-la-construccion-de-Hornos-caseros.pdf HTTP/1.1" 206 65536 "http://www.google.es/url?sa=t&rct=j&q=&esrc=s&source=web&cd=110&ved=0CHcQFjAJOGQ&url=http%3A%2F%2Fbuhoz.net%2Fpublic%2Flibros%2Fautonomy_life%2FManual-para-la-construccion-de-Hornos-caseros.pdf&ei=uXKUUoCbKsSg0wXC-YC4BQ&usg=AFQjCNH80DzJtdlqizDTl6ZBO1a4oopCiw&bvm=bv.57155469,d.d2k" "Mozilla/5.0 (Windows NT 5.2; rv:25.0) Gecko/20100101 Firefox/25.0"
88.26.209.119 - - [26/Nov/2013:04:07:19 -0600] "GET /public/libros/autonomy_life/Manual-para-la-construccion-de-Hornos-caseros.pdf HTTP/1.1" 206 65536 "http://www.google.es/url?sa=t&rct=j&q=&esrc=s&source=web&cd=110&ved=0CHcQFjAJOGQ&url=http%3A%2F%2Fbuhoz.net%2Fpublic%2Flibros%2Fautonomy_life%2FManual-para-la-construccion-de-Hornos-caseros.pdf&ei=uXKUUoCbKsSg0wXC-YC4BQ&usg=AFQjCNH80DzJtdlqizDTl6ZBO1a4oopCiw&bvm=bv.57155469,d.d2k" "Mozilla/5.0 (Windows NT 5.2; rv:25.0) Gecko/20100101 Firefox/25.0"
88.26.209.119 - - [26/Nov/2013:04:07:20 -0600] "GET /public/libros/autonomy_life/Manual-para-la-construccion-de-Hornos-caseros.pdf HTTP/1.1" 206 65536 "http://www.google.es/url?sa=t&rct=j&q=&esrc=s&source=web&cd=110&ved=0CHcQFjAJOGQ&url=http%3A%2F%2Fbuhoz.net%2Fpublic%2Flibros%2Fautonomy_life%2FManual-para-la-construccion-de-Hornos-caseros.pdf&ei=uXKUUoCbKsSg0wXC-YC4BQ&usg=AFQjCNH80DzJtdlqizDTl6ZBO1a4oopCiw&bvm=bv.57155469,d.d2k" "Mozilla/5.0 (Windows NT 5.2; rv:25.0) Gecko/20100101 Firefox/25.0"
88.26.209.119 - - [26/Nov/2013:04:07:21 -0600] "GET /public/libros/autonomy_life/Manual-para-la-construccion-de-Hornos-caseros.pdf HTTP/1.1" 206 65536 "http://www.google.es/url?sa=t&rct=j&q=&esrc=s&source=web&cd=110&ved=0CHcQFjAJOGQ&url=http%3A%2F%2Fbuhoz.net%2Fpublic%2Flibros%2Fautonomy_life%2FManual-para-la-construccion-de-Hornos-caseros.pdf&ei=uXKUUoCbKsSg0wXC-YC4BQ&usg=AFQjCNH80DzJtdlqizDTl6ZBO1a4oopCiw&bvm=bv.57155469,d.d2k" "Mozilla/5.0 (Windows NT 5.2; rv:25.0) Gecko/20100101 Firefox/25.0"
88.26.209.119 - - [26/Nov/2013:04:07:22 -0600] "GET /public/libros/autonomy_life/Manual-para-la-construccion-de-Hornos-caseros.pdf HTTP/1.1" 206 65536 "http://www.google.es/url?sa=t&rct=j&q=&esrc=s&source=web&cd=110&ved=0CHcQFjAJOGQ&url=http%3A%2F%2Fbuhoz.net%2Fpublic%2Flibros%2Fautonomy_life%2FManual-para-la-construccion-de-Hornos-caseros.pdf&ei=uXKUUoCbKsSg0wXC-YC4BQ&usg=AFQjCNH80DzJtdlqizDTl6ZBO1a4oopCiw&bvm=bv.57155469,d.d2k" "Mozilla/5.0 (Windows NT 5.2; rv:25.0) Gecko/20100101 Firefox/25.0"
88.26.209.119 - - [26/Nov/2013:04:07:23 -0600] "GET /public/libros/autonomy_life/Manual-para-la-construccion-de-Hornos-caseros.pdf HTTP/1.1" 206 65536 "http://www.google.es/url?sa=t&rct=j&q=&esrc=s&source=web&cd=110&ved=0CHcQFjAJOGQ&url=http%3A%2F%2Fbuhoz.net%2Fpublic%2Flibros%2Fautonomy_life%2FManual-para-la-construccion-de-Hornos-caseros.pdf&ei=uXKUUoCbKsSg0wXC-YC4BQ&usg=AFQjCNH80DzJtdlqizDTl6ZBO1a4oopCiw&bvm=bv.57155469,d.d2k" "Mozilla/5.0 (Windows NT 5.2; rv:25.0) Gecko/20100101 Firefox/25.0"
88.26.209.119 - - [26/Nov/2013:04:07:24 -0600] "GET /public/libros/autonomy_life/Manual-para-la-construccion-de-Hornos-caseros.pdf HTTP/1.1" 206 65536 "http://www.google.es/url?sa=t&rct=j&q=&esrc=s&source=web&cd=110&ved=0CHcQFjAJOGQ&url=http%3A%2F%2Fbuhoz.net%2Fpublic%2Flibros%2Fautonomy_life%2FManual-para-la-construccion-de-Hornos-caseros.pdf&ei=uXKUUoCbKsSg0wXC-YC4BQ&usg=AFQjCNH80DzJtdlqizDTl6ZBO1a4oopCiw&bvm=bv.57155469,d.d2k" "Mozilla/5.0 (Windows NT 5.2; rv:25.0) Gecko/20100101 Firefox/25.0"
88.26.209.119 - - [26/Nov/2013:04:07:25 -0600] "GET /public/libros/autonomy_life/Manual-para-la-construccion-de-Hornos-caseros.pdf HTTP/1.1" 206 65536 "http://www.google.es/url?sa=t&rct=j&q=&esrc=s&source=web&cd=110&ved=0CHcQFjAJOGQ&url=http%3A%2F%2Fbuhoz.net%2Fpublic%2Flibros%2Fautonomy_life%2FManual-para-la-construccion-de-Hornos-caseros.pdf&ei=uXKUUoCbKsSg0wXC-YC4BQ&usg=AFQjCNH80DzJtdlqizDTl6ZBO1a4oopCiw&bvm=bv.57155469,d.d2k" "Mozilla/5.0 (Windows NT 5.2; rv:25.0) Gecko/20100101 Firefox/25.0"
88.26.209.119 - - [26/Nov/2013:04:07:26 -0600] "GET /public/libros/autonomy_life/Manual-para-la-construccion-de-Hornos-caseros.pdf HTTP/1.1" 206 65536 "http://www.google.es/url?sa=t&rct=j&q=&esrc=s&source=web&cd=110&ved=0CHcQFjAJOGQ&url=http%3A%2F%2Fbuhoz.net%2Fpublic%2Flibros%2Fautonomy_life%2FManual-para-la-construccion-de-Hornos-caseros.pdf&ei=uXKUUoCbKsSg0wXC-YC4BQ&usg=AFQjCNH80DzJtdlqizDTl6ZBO1a4oopCiw&bvm=bv.57155469,d.d2k" "Mozilla/5.0 (Windows NT 5.2; rv:25.0) Gecko/20100101 Firefox/25.0"
88.26.209.119 - - [26/Nov/2013:04:07:27 -0600] "GET /public/libros/autonomy_life/Manual-para-la-construccion-de-Hornos-caseros.pdf HTTP/1.1" 206 65536 "http://www.google.es/url?sa=t&rct=j&q=&esrc=s&source=web&cd=110&ved=0CHcQFjAJOGQ&url=http%3A%2F%2Fbuhoz.net%2Fpublic%2Flibros%2Fautonomy_life%2FManual-para-la-construccion-de-Hornos-caseros.pdf&ei=uXKUUoCbKsSg0wXC-YC4BQ&usg=AFQjCNH80DzJtdlqizDTl6ZBO1a4oopCiw&bvm=bv.57155469,d.d2k" "Mozilla/5.0 (Windows NT 5.2; rv:25.0) Gecko/20100101 Firefox/25.0"
88.26.209.119 - - [26/Nov/2013:04:07:28 -0600] "GET /public/libros/autonomy_life/Manual-para-la-construccion-de-Hornos-caseros.pdf HTTP/1.1" 206 65536 "http://www.google.es/url?sa=t&rct=j&q=&esrc=s&source=web&cd=110&ved=0CHcQFjAJOGQ&url=http%3A%2F%2Fbuhoz.net%2Fpublic%2Flibros%2Fautonomy_life%2FManual-para-la-construccion-de-Hornos-caseros.pdf&ei=uXKUUoCbKsSg0wXC-YC4BQ&usg=AFQjCNH80DzJtdlqizDTl6ZBO1a4oopCiw&bvm=bv.57155469,d.d2k" "Mozilla/5.0 (Windows NT 5.2; rv:25.0) Gecko/20100101 Firefox/25.0"
88.26.209.119 - - [26/Nov/2013:04:07:29 -0600] "GET /public/libros/autonomy_life/Manual-para-la-construccion-de-Hornos-caseros.pdf HTTP/1.1" 206 65536 "http://www.google.es/url?sa=t&rct=j&q=&esrc=s&source=web&cd=110&ved=0CHcQFjAJOGQ&url=http%3A%2F%2Fbuhoz.net%2Fpublic%2Flibros%2Fautonomy_life%2FManual-para-la-construccion-de-Hornos-caseros.pdf&ei=uXKUUoCbKsSg0wXC-YC4BQ&usg=AFQjCNH80DzJtdlqizDTl6ZBO1a4oopCiw&bvm=bv.57155469,d.d2k" "Mozilla/5.0 (Windows NT 5.2; rv:25.0) Gecko/20100101 Firefox/25.0"
88.26.209.119 - - [26/Nov/2013:04:07:30 -0600] "GET /public/libros/autonomy_life/Manual-para-la-construccion-de-Hornos-caseros.pdf HTTP/1.1" 206 65536 "http://www.google.es/url?sa=t&rct=j&q=&esrc=s&source=web&cd=110&ved=0CHcQFjAJOGQ&url=http%3A%2F%2Fbuhoz.net%2Fpublic%2Flibros%2Fautonomy_life%2FManual-para-la-construccion-de-Hornos-caseros.pdf&ei=uXKUUoCbKsSg0wXC-YC4BQ&usg=AFQjCNH80DzJtdlqizDTl6ZBO1a4oopCiw&bvm=bv.57155469,d.d2k" "Mozilla/5.0 (Windows NT 5.2; rv:25.0) Gecko/20100101 Firefox/25.0"
88.26.209.119 - - [26/Nov/2013:04:07:30 -0600] "GET /public/libros/autonomy_life/Manual-para-la-construccion-de-Hornos-caseros.pdf HTTP/1.1" 206 65536 "http://www.google.es/url?sa=t&rct=j&q=&esrc=s&source=web&cd=110&ved=0CHcQFjAJOGQ&url=http%3A%2F%2Fbuhoz.net%2Fpublic%2Flibros%2Fautonomy_life%2FManual-para-la-construccion-de-Hornos-caseros.pdf&ei=uXKUUoCbKsSg0wXC-YC4BQ&usg=AFQjCNH80DzJtdlqizDTl6ZBO1a4oopCiw&bvm=bv.57155469,d.d2k" "Mozilla/5.0 (Windows NT 5.2; rv:25.0) Gecko/20100101 Firefox/25.0"
88.26.209.119 - - [26/Nov/2013:04:07:31 -0600] "GET /public/libros/autonomy_life/Manual-para-la-construccion-de-Hornos-caseros.pdf HTTP/1.1" 206 65536 "http://www.google.es/url?sa=t&rct=j&q=&esrc=s&source=web&cd=110&ved=0CHcQFjAJOGQ&url=http%3A%2F%2Fbuhoz.net%2Fpublic%2Flibros%2Fautonomy_life%2FManual-para-la-construccion-de-Hornos-caseros.pdf&ei=uXKUUoCbKsSg0wXC-YC4BQ&usg=AFQjCNH80DzJtdlqizDTl6ZBO1a4oopCiw&bvm=bv.57155469,d.d2k" "Mozilla/5.0 (Windows NT 5.2; rv:25.0) Gecko/20100101 Firefox/25.0"
88.26.209.119 - - [26/Nov/2013:04:07:32 -0600] "GET /public/libros/autonomy_life/Manual-para-la-construccion-de-Hornos-caseros.pdf HTTP/1.1" 206 65536 "http://www.google.es/url?sa=t&rct=j&q=&esrc=s&source=web&cd=110&ved=0CHcQFjAJOGQ&url=http%3A%2F%2Fbuhoz.net%2Fpublic%2Flibros%2Fautonomy_life%2FManual-para-la-construccion-de-Hornos-caseros.pdf&ei=uXKUUoCbKsSg0wXC-YC4BQ&usg=AFQjCNH80DzJtdlqizDTl6ZBO1a4oopCiw&bvm=bv.57155469,d.d2k" "Mozilla/5.0 (Windows NT 5.2; rv:25.0) Gecko/20100101 Firefox/25.0"
88.26.209.119 - - [26/Nov/2013:04:07:33 -0600] "GET /public/libros/autonomy_life/Manual-para-la-construccion-de-Hornos-caseros.pdf HTTP/1.1" 206 65536 "http://www.google.es/url?sa=t&rct=j&q=&esrc=s&source=web&cd=110&ved=0CHcQFjAJOGQ&url=http%3A%2F%2Fbuhoz.net%2Fpublic%2Flibros%2Fautonomy_life%2FManual-para-la-construccion-de-Hornos-caseros.pdf&ei=uXKUUoCbKsSg0wXC-YC4BQ&usg=AFQjCNH80DzJtdlqizDTl6ZBO1a4oopCiw&bvm=bv.57155469,d.d2k" "Mozilla/5.0 (Windows NT 5.2; rv:25.0) Gecko/20100101 Firefox/25.0"
88.26.209.119 - - [26/Nov/2013:04:07:34 -0600] "GET /public/libros/autonomy_life/Manual-para-la-construccion-de-Hornos-caseros.pdf HTTP/1.1" 206 65536 "http://www.google.es/url?sa=t&rct=j&q=&esrc=s&source=web&cd=110&ved=0CHcQFjAJOGQ&url=http%3A%2F%2Fbuhoz.net%2Fpublic%2Flibros%2Fautonomy_life%2FManual-para-la-construccion-de-Hornos-caseros.pdf&ei=uXKUUoCbKsSg0wXC-YC4BQ&usg=AFQjCNH80DzJtdlqizDTl6ZBO1a4oopCiw&bvm=bv.57155469,d.d2k" "Mozilla/5.0 (Windows NT 5.2; rv:25.0) Gecko/20100101 Firefox/25.0"
88.26.209.119 - - [26/Nov/2013:04:07:35 -0600] "GET /public/libros/autonomy_life/Manual-para-la-construccion-de-Hornos-caseros.pdf HTTP/1.1" 206 65536 "http://www.google.es/url?sa=t&rct=j&q=&esrc=s&source=web&cd=110&ved=0CHcQFjAJOGQ&url=http%3A%2F%2Fbuhoz.net%2Fpublic%2Flibros%2Fautonomy_life%2FManual-para-la-construccion-de-Hornos-caseros.pdf&ei=uXKUUoCbKsSg0wXC-YC4BQ&usg=AFQjCNH80DzJtdlqizDTl6ZBO1a4oopCiw&bvm=bv.57155469,d.d2k" "Mozilla/5.0 (Windows NT 5.2; rv:25.0) Gecko/20100101 Firefox/25.0"
88.26.209.119 - - [26/Nov/2013:04:07:36 -0600] "GET /public/libros/autonomy_life/Manual-para-la-construccion-de-Hornos-caseros.pdf HTTP/1.1" 206 65536 "http://www.google.es/url?sa=t&rct=j&q=&esrc=s&source=web&cd=110&ved=0CHcQFjAJOGQ&url=http%3A%2F%2Fbuhoz.net%2Fpublic%2Flibros%2Fautonomy_life%2FManual-para-la-construccion-de-Hornos-caseros.pdf&ei=uXKUUoCbKsSg0wXC-YC4BQ&usg=AFQjCNH80DzJtdlqizDTl6ZBO1a4oopCiw&bvm=bv.57155469,d.d2k" "Mozilla/5.0 (Windows NT 5.2; rv:25.0) Gecko/20100101 Firefox/25.0"
88.26.209.119 - - [26/Nov/2013:04:07:37 -0600] "GET /public/libros/autonomy_life/Manual-para-la-construccion-de-Hornos-caseros.pdf HTTP/1.1" 206 65536 "http://www.google.es/url?sa=t&rct=j&q=&esrc=s&source=web&cd=110&ved=0CHcQFjAJOGQ&url=http%3A%2F%2Fbuhoz.net%2Fpublic%2Flibros%2Fautonomy_life%2FManual-para-la-construccion-de-Hornos-caseros.pdf&ei=uXKUUoCbKsSg0wXC-YC4BQ&usg=AFQjCNH80DzJtdlqizDTl6ZBO1a4oopCiw&bvm=bv.57155469,d.d2k" "Mozilla/5.0 (Windows NT 5.2; rv:25.0) Gecko/20100101 Firefox/25.0"
88.26.209.119 - - [26/Nov/2013:04:07:38 -0600] "GET /public/libros/autonomy_life/Manual-para-la-construccion-de-Hornos-caseros.pdf HTTP/1.1" 206 65536 "http://www.google.es/url?sa=t&rct=j&q=&esrc=s&source=web&cd=110&ved=0CHcQFjAJOGQ&url=http%3A%2F%2Fbuhoz.net%2Fpublic%2Flibros%2Fautonomy_life%2FManual-para-la-construccion-de-Hornos-caseros.pdf&ei=uXKUUoCbKsSg0wXC-YC4BQ&usg=AFQjCNH80DzJtdlqizDTl6ZBO1a4oopCiw&bvm=bv.57155469,d.d2k" "Mozilla/5.0 (Windows NT 5.2; rv:25.0) Gecko/20100101 Firefox/25.0"
88.26.209.119 - - [26/Nov/2013:04:07:39 -0600] "GET /public/libros/autonomy_life/Manual-para-la-construccion-de-Hornos-caseros.pdf HTTP/1.1" 206 65536 "http://www.google.es/url?sa=t&rct=j&q=&esrc=s&source=web&cd=110&ved=0CHcQFjAJOGQ&url=http%3A%2F%2Fbuhoz.net%2Fpublic%2Flibros%2Fautonomy_life%2FManual-para-la-construccion-de-Hornos-caseros.pdf&ei=uXKUUoCbKsSg0wXC-YC4BQ&usg=AFQjCNH80DzJtdlqizDTl6ZBO1a4oopCiw&bvm=bv.57155469,d.d2k" "Mozilla/5.0 (Windows NT 5.2; rv:25.0) Gecko/20100101 Firefox/25.0"
